preflight idle HBM [3444, 3443, 3442, 3436, 3439, 3435, 3447, 3436]
{"action": "check", "files": 6}
{"action": "install", "files": 6}
{"valid": true, "scope": "conditional source-side frontier; no finite Bound or TPS claim", "run_id": "98ed90e0-b51b-4034-a84f-4626207762c4", "slices": 40, "cohorts": 5, "graph_dumps": 8, "update_rows": 40, "update_zip_iteration_counts": [0]}
{"valid": true, "rows": 40, "zip_iterations": [0]}
run_exit=0
stop_exit=0
stop_verify_exit=0
restore_exit=0
sha_exit=0
sha_compare_exit=0
final_gate_exit=not_run
final_exit=0
run_exit=0
stop_exit=0
stop_verify_exit=0
restore_exit=0
sha_exit=0
sha_compare_exit=0
final_gate_exit=0
final_exit=0
