{
  "pass_gate": true,
  "cpu_only": true,
  "same_state_scenarios": 54,
  "method_source_sha256": "4ea1f6149613276982909e85a6050ed27cabdf48c4fc3330c0a6c002cb0f5556",
  "gates": [
    "actual method AST",
    "conditional original guard bodies/predicates retained",
    "first8 slots and audit parity",
    "0..8 advancement",
    "reachable negative fallback",
    "unvisited per-row cells",
    "bounds fallback",
    "early parking",
    "cycle sequence and duplicate",
    "refresh-disabled no skip",
    "binding replacement",
    "table version mutation",
    "own/cross-group alias rejection",
    "mapping stride mutation",
    "computed dtype overflow rejection",
    "copy span bound",
    "inference tensor immutable use",
    "cycle8 original policy"
  ],
  "limitations": [
    "No NPU performance claim",
    "Inference-tensor mutation is not detectable by version; serialized immutable ownership is required",
    "No arbitrary state-advance or parking contract claim"
  ]
}
