{
  "scope": "instrumented_bound_diagnostic_not_formal_tps; c12 release interval and eligible set only, no unique permit parent",
  "phase": "measured",
  "n": 48,
  "success": 0,
  "fail": 48,
  "concurrency": 12,
  "max_tokens": 1024,
  "wall_start_monotonic_ns": 4271507638375484,
  "wall_end_monotonic_ns": 4271514117387363,
  "clock": {
    "begin": {
      "wall_time_ns": 1790618029976923702,
      "monotonic_ns": 4271507638225232
    },
    "end": {
      "wall_time_ns": 1790618036456337496,
      "monotonic_ns": 4271514117635556
    },
    "monotonic_info": "namespace(implementation='clock_gettime(CLOCK_MONOTONIC)', monotonic=True, adjustable=False, resolution=1e-09)",
    "perf_counter_info": "namespace(implementation='clock_gettime(CLOCK_MONOTONIC)', monotonic=True, adjustable=False, resolution=1e-09)",
    "kernel_boot_id": "6e5ca76b-a856-4531-8ab3-8d6c3ea9c8d4",
    "time_namespace": "time:[4026531834]",
    "timens_offsets": "monotonic           0         0\nboottime            0         0\n",
    "pid": 190855
  },
  "duration_s": 6.4790082685649395,
  "output_tps_diagnostic_only": 0.0,
  "ttft_ms_mean": null,
  "tpot_ms_mean": null
}
