{
  "scope": "instrumented_bound_diagnostic_not_formal_tps; c12 release interval and eligible set only, no unique permit parent",
  "phase": "measured",
  "n": 48,
  "success": 48,
  "fail": 0,
  "concurrency": 12,
  "max_tokens": 1024,
  "wall_start_monotonic_ns": 4302694865935719,
  "wall_end_monotonic_ns": 4302778112694940,
  "clock": {
    "begin": {
      "wall_time_ns": 1790649217204472358,
      "monotonic_ns": 4302694865774508
    },
    "end": {
      "wall_time_ns": 1790649300452436418,
      "monotonic_ns": 4302778113734598
    },
    "monotonic_info": "namespace(implementation='clock_gettime(CLOCK_MONOTONIC)', monotonic=True, adjustable=False, resolution=1e-09)",
    "perf_counter_info": "namespace(implementation='clock_gettime(CLOCK_MONOTONIC)', monotonic=True, adjustable=False, resolution=1e-09)",
    "kernel_boot_id": "6e5ca76b-a856-4531-8ab3-8d6c3ea9c8d4",
    "time_namespace": "time:[4026531834]",
    "timens_offsets": "monotonic           0         0\nboottime            0         0\n",
    "pid": 244910
  },
  "duration_s": 83.24675536062568,
  "output_tps_diagnostic_only": 590.4374265047701,
  "ttft_ms_mean": 2450.0158965820447,
  "tpot_ms_mean": 17.933204326295083
}
