{
  "scope": "instrumented_bound_diagnostic_not_formal_tps; c12 release interval and eligible set only, no unique permit parent",
  "phase": "warmup",
  "n": 48,
  "success": 48,
  "fail": 0,
  "concurrency": 12,
  "max_tokens": 1024,
  "wall_start_monotonic_ns": 4302603319231548,
  "wall_end_monotonic_ns": 4302693251972150,
  "clock": {
    "begin": {
      "wall_time_ns": 1790649125657768147,
      "monotonic_ns": 4302603319071387
    },
    "end": {
      "wall_time_ns": 1790649215592363613,
      "monotonic_ns": 4302693253662413
    },
    "monotonic_info": "namespace(implementation='clock_gettime(CLOCK_MONOTONIC)', monotonic=True, adjustable=False, resolution=1e-09)",
    "perf_counter_info": "namespace(implementation='clock_gettime(CLOCK_MONOTONIC)', monotonic=True, adjustable=False, resolution=1e-09)",
    "kernel_boot_id": "6e5ca76b-a856-4531-8ab3-8d6c3ea9c8d4",
    "time_namespace": "time:[4026531834]",
    "timens_offsets": "monotonic           0         0\nboottime            0         0\n",
    "pid": 244739
  },
  "duration_s": 89.93273712135851,
  "output_tps_diagnostic_only": 546.5417997194114,
  "ttft_ms_mean": 3331.787244261553,
  "tpot_ms_mean": 18.7027440223926
}
