Traceback (most recent call last):
  File "/data/tiankuan/wio/glm52-pd/deploy/plugins/local_engines137/native_acl_lifecycle.py", line 31, in <module>
    main()
  File "/data/tiankuan/wio/glm52-pd/deploy/plugins/local_engines137/native_acl_lifecycle.py", line 19, in main
    runpy.run_path(arguments[0], run_name="__main__")
  File "<frozen runpy>", line 287, in run_path
  File "<frozen runpy>", line 98, in _run_module_code
  File "<frozen runpy>", line 88, in _run_code
  File "/data/tiankuan/wio/Inference-Foundry/glm5-3/records/points/GLM-OPT-0002/runs/GLM-RUN-0137/pilot.py", line 55, in <module>
    snapshot("initial")
  File "/data/tiankuan/wio/Inference-Foundry/glm5-3/records/points/GLM-OPT-0002/runs/GLM-RUN-0137/pilot.py", line 16, in snapshot
    guard();ownercheck()
            ^^^^^^^^^^^^
  File "/data/tiankuan/wio/Inference-Foundry/glm5-3/records/points/GLM-OPT-0002/runs/GLM-RUN-0137/pilot.py", line 14, in ownercheck
    p=subprocess.run(args,capture_output=True,timeout=20);p.check_returncode();i=json.loads(p.stdout);assert {k:i[k]for k in ["boot_id","start_ticks"]}==x["identity"]and i["argv"]==x["argv"]
      ^^^^^^^^^^^^^^^^^^^^^^^^^^^^^^^^^^^^^^^^^^^^^^^^^^^
  File "/usr/local/python3.12.13/lib/python3.12/subprocess.py", line 548, in run
    with Popen(*popenargs, **kwargs) as process:
         ^^^^^^^^^^^^^^^^^^^^^^^^^^^
  File "/usr/local/python3.12.13/lib/python3.12/subprocess.py", line 1026, in __init__
    self._execute_child(args, executable, preexec_fn, close_fds,
  File "/usr/local/python3.12.13/lib/python3.12/subprocess.py", line 1955, in _execute_child
    raise child_exception_type(errno_num, err_msg, err_filename)
FileNotFoundError: [Errno 2] No such file or directory: 'ssh'
