{
  "pass": true,
  "runs": [
    {
      "n": 48,
      "success": 48,
      "fail": 0,
      "concurrency": 12,
      "max_tokens": 1024,
      "duration_s": 85.02083565108478,
      "output_tps": 578.1171123948235,
      "ttft_ms_mean": 2515.270830132067,
      "ttft_ms_p50": 2331.0892591252923,
      "ttft_ms_p90": 4102.459155954421,
      "tpot_ms_mean": 18.3121433350365,
      "tpot_ms_p50": 18.20751291973733,
      "tpot_ms_p90": 19.97718402345684
    },
    {
      "n": 48,
      "success": 48,
      "fail": 0,
      "concurrency": 12,
      "max_tokens": 1024,
      "duration_s": 85.17472437396646,
      "output_tps": 577.0726041236624,
      "ttft_ms_mean": 2473.675957745096,
      "ttft_ms_p50": 2498.669876717031,
      "ttft_ms_p90": 3790.1131296530366,
      "tpot_ms_mean": 18.390194831424203,
      "tpot_ms_p50": 18.35234802423859,
      "tpot_ms_p90": 19.76755677557615
    },
    {
      "n": 48,
      "success": 48,
      "fail": 0,
      "concurrency": 12,
      "max_tokens": 1024,
      "duration_s": 77.48305283579975,
      "output_tps": 634.3580718762043,
      "ttft_ms_mean": 1791.5365786175244,
      "ttft_ms_p50": 1870.9200276061893,
      "ttft_ms_p90": 2594.8010003194213,
      "tpot_ms_mean": 17.177969815744966,
      "tpot_ms_p50": 16.855784233036804,
      "tpot_ms_p90": 18.579336214639458
    }
  ],
  "output_tps": {
    "samples": [
      578.1171123948235,
      577.0726041236624,
      634.3580718762043
    ],
    "median": 578.1171123948235,
    "stock_median": 543.6546,
    "delta_percent": 6.339045488592121
  },
  "runtime_rank_files": 128,
  "runtime_cohorts": [
    1,
    2,
    3,
    4,
    5,
    6,
    7,
    8,
    9,
    10,
    11,
    12,
    13,
    14,
    15,
    16
  ],
  "runtime_ranks": [
    0,
    1,
    2,
    3,
    4,
    5,
    6,
    7
  ],
  "all_runtime_rows_pass": true
}
