{
  "pass": true,
  "runs": [
    {
      "n": 48,
      "success": 48,
      "fail": 0,
      "concurrency": 12,
      "max_tokens": 1024,
      "duration_s": 85.12682435102761,
      "output_tps": 577.3973171760479,
      "ttft_ms_mean": 1978.6461979383603,
      "ttft_ms_p50": 2029.6921376138926,
      "ttft_ms_p90": 3014.831345528364,
      "tpot_ms_mean": 18.863550529266902,
      "tpot_ms_p50": 18.797292598939244,
      "tpot_ms_p90": 19.731707342027278
    },
    {
      "n": 48,
      "success": 48,
      "fail": 0,
      "concurrency": 12,
      "max_tokens": 1024,
      "duration_s": 89.50254163146019,
      "output_tps": 549.1687621832076,
      "ttft_ms_mean": 1980.9967586964679,
      "ttft_ms_p50": 1889.5686604082584,
      "ttft_ms_p90": 2947.754724882543,
      "tpot_ms_mean": 19.92947208082805,
      "tpot_ms_p50": 20.093133222431906,
      "tpot_ms_p90": 21.075629294173517
    },
    {
      "n": 48,
      "success": 48,
      "fail": 0,
      "concurrency": 12,
      "max_tokens": 1024,
      "duration_s": 89.12373841833323,
      "output_tps": 551.5028977946146,
      "ttft_ms_mean": 2265.4314462367133,
      "ttft_ms_p50": 2315.587348304689,
      "ttft_ms_p90": 3325.6568582728505,
      "tpot_ms_mean": 19.55874326800698,
      "tpot_ms_p50": 19.5001265469243,
      "tpot_ms_p90": 20.795227098529057
    }
  ],
  "output_tps": {
    "samples": [
      577.3973171760479,
      549.1687621832076,
      551.5028977946146
    ],
    "median": 551.5028977946146,
    "stock_median": 543.6546,
    "delta_percent": 1.4436183920111478
  },
  "runtime_rank_files": 128,
  "runtime_cohorts": [
    1,
    2,
    3,
    4,
    5,
    6,
    7,
    8,
    9,
    10,
    11,
    12,
    13,
    14,
    15,
    16
  ],
  "runtime_ranks": [
    0,
    1,
    2,
    3,
    4,
    5,
    6,
    7
  ],
  "all_runtime_rows_pass": true
}
