ready=2026-09-20T19:10:32Z
{"pass": false, "checks": [{"index": 0, "prompt_equal": true, "output_equal": false, "tokens_equal": true}, {"index": 1, "prompt_equal": true, "output_equal": false, "tokens_equal": true}, {"index": 6, "prompt_equal": true, "output_equal": false, "tokens_equal": true}, {"index": 34, "prompt_equal": true, "output_equal": false, "tokens_equal": true}]}
{
  "runs": [
    {
      "n": 48,
      "success": 48,
      "fail": 0,
      "concurrency": 12,
      "max_tokens": 1024,
      "duration_s": 91.42779828608036,
      "output_tps": 537.6045461162905,
      "ttft_ms_mean": 1226.1926865418598,
      "ttft_ms_p50": 981.2948605976999,
      "ttft_ms_p90": 2024.0286984480917,
      "tpot_ms_mean": 19.053274309868797,
      "tpot_ms_p50": 19.474240878864556,
      "tpot_ms_p90": 22.75036129133661
    },
    {
      "n": 48,
      "success": 48,
      "fail": 0,
      "concurrency": 12,
      "max_tokens": 1024,
      "duration_s": 93.68893163697794,
      "output_tps": 524.6297416481615,
      "ttft_ms_mean": 1262.7404300146736,
      "ttft_ms_p50": 947.6171876303852,
      "ttft_ms_p90": 2304.7244888730347,
      "tpot_ms_mean": 19.96055323909642,
      "tpot_ms_p50": 20.293798106007884,
      "tpot_ms_p90": 23.111905736023903
    },
    {
      "n": 48,
      "success": 48,
      "fail": 0,
      "concurrency": 12,
      "max_tokens": 1024,
      "duration_s": 90.40835841279477,
      "output_tps": 543.6665465772235,
      "ttft_ms_mean": 1267.2054355304379,
      "ttft_ms_p50": 1029.0936483070254,
      "ttft_ms_p90": 1922.7286549285054,
      "tpot_ms_mean": 19.50322966837546,
      "tpot_ms_p50": 19.732247375294143,
      "tpot_ms_p90": 22.230978270870644
    }
  ],
  "median_output_tps": 537.6045461162905,
  "median_tpot_ms": 19.50322966837546,
  "median_ttft_ms": 1262.7404300146736
}
