{
  "scope": "instrumented_bound_diagnostic_not_formal_tps; c12 release interval and eligible set only, no unique permit parent",
  "phase": "measured",
  "n": 48,
  "success": 48,
  "fail": 0,
  "concurrency": 12,
  "max_tokens": 1024,
  "wall_start_monotonic_ns": 4308591427664355,
  "wall_end_monotonic_ns": 4308673552134561,
  "clock": {
    "begin": {
      "wall_time_ns": 1790655113766200395,
      "monotonic_ns": 4308591427502855
    },
    "end": {
      "wall_time_ns": 1790655195892125870,
      "monotonic_ns": 4308673553424190
    },
    "monotonic_info": "namespace(implementation='clock_gettime(CLOCK_MONOTONIC)', monotonic=True, adjustable=False, resolution=1e-09)",
    "perf_counter_info": "namespace(implementation='clock_gettime(CLOCK_MONOTONIC)', monotonic=True, adjustable=False, resolution=1e-09)",
    "kernel_boot_id": "6e5ca76b-a856-4531-8ab3-8d6c3ea9c8d4",
    "time_namespace": "time:[4026531834]",
    "timens_offsets": "monotonic           0         0\nboottime            0         0\n",
    "pid": 265598
  },
  "duration_s": 82.12446637544781,
  "output_tps_diagnostic_only": 598.506172025425,
  "ttft_ms_mean": 2027.8326446035255,
  "tpot_ms_mean": 18.073900282625278
}
