{
  "scope": "instrumented_bound_diagnostic_not_formal_tps; c12 release interval and eligible set only, no unique permit parent",
  "phase": "warmup",
  "n": 48,
  "success": 48,
  "fail": 0,
  "concurrency": 12,
  "max_tokens": 1024,
  "wall_start_monotonic_ns": 4308502184433899,
  "wall_end_monotonic_ns": 4308589861036587,
  "clock": {
    "begin": {
      "wall_time_ns": 1790655024522972809,
      "monotonic_ns": 4308502184276469
    },
    "end": {
      "wall_time_ns": 1790655112200906407,
      "monotonic_ns": 4308589862204477
    },
    "monotonic_info": "namespace(implementation='clock_gettime(CLOCK_MONOTONIC)', monotonic=True, adjustable=False, resolution=1e-09)",
    "perf_counter_info": "namespace(implementation='clock_gettime(CLOCK_MONOTONIC)', monotonic=True, adjustable=False, resolution=1e-09)",
    "kernel_boot_id": "6e5ca76b-a856-4531-8ab3-8d6c3ea9c8d4",
    "time_namespace": "time:[4026531834]",
    "timens_offsets": "monotonic           0         0\nboottime            0         0\n",
    "pid": 265427
  },
  "duration_s": 87.67659843806177,
  "output_tps_diagnostic_only": 560.6056904080616,
  "ttft_ms_mean": 3245.020174110929,
  "tpot_ms_mean": 18.24007340117487
}
