rm -rf ./bin/*_test
g++ -std=c++11 -Werror -fstack-protector-strong -fPIE -pie -O2 -s -Wl,-z,relro -Wl,-z,now -Wl,-z,noexecstack -Wl,--copy-dt-needed-entries ./common/src/hccl_check_buf_init.cc ./common/src/hccl_check_common.cc ./common/src/hccl_opbase_rootinfo_base.cc ./common/src/hccl_test_common.cc ./common/src/hccl_test_main.cc ./opbase_test/hccl_allgather_rootinfo_test.cc -I./common/src -I/usr/local/Ascend/cann-9.1.0/include -I/usr/local/Ascend/cann-9.1.0/include -I/usr/lib/aarch64-linux-gnu/openmpi/include -I/usr/local/Ascend/cann-9.1.0/include -I./opbase_test -o all_gather_test -L/usr/local/Ascend/cann-9.1.0/lib64 -lhccl -L/usr/local/Ascend/cann-9.1.0/lib64 -lacl_rt -L/usr/lib/aarch64-linux-gnu/openmpi/lib -lmpi -L/usr/local/Ascend/cann-9.1.0/lib64 -lmsprofiler
/usr/bin/ld: /tmp/ccic4OxV.o: in function `MPI::Op::Init(void (*)(void const*, void*, int, MPI::Datatype const&), bool)':
hccl_opbase_rootinfo_base.cc:(.text._ZN3MPI2Op4InitEPFvPKvPviRKNS_8DatatypeEEb[_ZN3MPI2Op4InitEPFvPKvPviRKNS_8DatatypeEEb]+0x4): undefined reference to `ompi_mpi_cxx_op_intercept'
/usr/bin/ld: hccl_opbase_rootinfo_base.cc:(.text._ZN3MPI2Op4InitEPFvPKvPviRKNS_8DatatypeEEb[_ZN3MPI2Op4InitEPFvPKvPviRKNS_8DatatypeEEb]+0x18): undefined reference to `ompi_mpi_cxx_op_intercept'
/usr/bin/ld: /tmp/ccic4OxV.o: in function `MPI::Intracomm::Clone() const':
hccl_opbase_rootinfo_base.cc:(.text._ZNK3MPI9Intracomm5CloneEv[_ZNK3MPI9Intracomm5CloneEv]+0x44): undefined reference to `MPI::Comm::Comm()'
/usr/bin/ld: /tmp/ccic4OxV.o: in function `MPI::Graphcomm::Clone() const':
hccl_opbase_rootinfo_base.cc:(.text._ZNK3MPI9Graphcomm5CloneEv[_ZNK3MPI9Graphcomm5CloneEv]+0x3c): undefined reference to `MPI::Comm::Comm()'
/usr/bin/ld: /tmp/ccic4OxV.o: in function `MPI::Cartcomm::Sub(bool const*) const':
hccl_opbase_rootinfo_base.cc:(.text._ZNK3MPI8Cartcomm3SubEPKb[_ZNK3MPI8Cartcomm3SubEPKb]+0xa0): undefined reference to `MPI::Comm::Comm()'
/usr/bin/ld: /tmp/ccic4OxV.o: in function `MPI::Intracomm::Create_graph(int, int const*, int const*, bool) const':
hccl_opbase_rootinfo_base.cc:(.text._ZNK3MPI9Intracomm12Create_graphEiPKiS2_b[_ZNK3MPI9Intracomm12Create_graphEiPKiS2_b]+0x3c): undefined reference to `MPI::Comm::Comm()'
/usr/bin/ld: /tmp/ccic4OxV.o: in function `MPI::Cartcomm::Clone() const':
hccl_opbase_rootinfo_base.cc:(.text._ZNK3MPI8Cartcomm5CloneEv[_ZNK3MPI8Cartcomm5CloneEv]+0x3c): undefined reference to `MPI::Comm::Comm()'
/usr/bin/ld: /tmp/ccic4OxV.o:hccl_opbase_rootinfo_base.cc:(.text._ZNK3MPI9Intracomm11Create_cartEiPKiPKbb[_ZNK3MPI9Intracomm11Create_cartEiPKiPKbb]+0xac): more undefined references to `MPI::Comm::Comm()' follow
/usr/bin/ld: /tmp/ccic4OxV.o:(.data.rel.ro._ZTVN3MPI8DatatypeE[_ZTVN3MPI8DatatypeE]+0x78): undefined reference to `MPI::Datatype::Free()'
/usr/bin/ld: /tmp/ccic4OxV.o:(.data.rel.ro._ZTVN3MPI3WinE[_ZTVN3MPI3WinE]+0x48): undefined reference to `MPI::Win::Free()'
collect2: error: ld returned 1 exit status
make: *** [Makefile:61: all] Error 1
