/data/tiankuan/wio/Inference-Foundry/glm5-3/records/points/GLM-OPT-0002/jobs/NATIVE-FAULT-CPU2-20261003T0440Z/cpu_probe.py:32: SyntaxWarning: invalid decimal literal
  res=await client.post("/control/native-groups/"+key+"/fault",json=body);assert res.status_code==409and not place.execution_groups["local-167"].faulted
/data/tiankuan/wio/Inference-Foundry/glm5-3/records/points/GLM-OPT-0002/jobs/NATIVE-FAULT-CPU2-20261003T0440Z/cpu_probe.py:34: SyntaxWarning: invalid decimal literal
  assert not calls and len(place.leases)==1and b.lease_id in place.leases
/data/tiankuan/wio/Inference-Foundry/glm5-3/records/points/GLM-OPT-0002/jobs/NATIVE-FAULT-CPU2-20261003T0440Z/cpu_probe.py:35: SyntaxWarning: invalid decimal literal
  res=await client.post("/control/native-groups/local-167/fault",json=dict(epoch="CPU-epoch-D1",reason="CPU recorded identity loss"));assert res.status_code==200and res.json()["changed"]is True
/data/tiankuan/wio/Inference-Foundry/glm5-3/records/points/GLM-OPT-0002/jobs/NATIVE-FAULT-CPU2-20261003T0440Z/cpu_probe.py:40: SyntaxWarning: invalid decimal literal
  res=await client.post("/control/native-groups/local-167/fault",json=dict(epoch="CPU-epoch-D1",reason="CPU repeated loss"));assert res.status_code==200and res.json()["changed"]is False
/data/tiankuan/wio/Inference-Foundry/glm5-3/records/points/GLM-OPT-0002/jobs/NATIVE-FAULT-CPU2-20261003T0440Z/cpu_probe.py:42: SyntaxWarning: invalid decimal literal
  n=len(calls);res=await client.get("/v1/responses/resp_CPU_D1");assert res.status_code==503and len(calls)==n
/data/tiankuan/wio/Inference-Foundry/glm5-3/records/points/GLM-OPT-0002/jobs/NATIVE-FAULT-CPU2-20261003T0440Z/cpu_probe.py:44: SyntaxWarning: invalid decimal literal
  res=await client.get("/v1/responses/resp_CPU_D0");assert res.status_code==200and res.json()==dict(fixture,id="resp_CPU_D0")and calls[-1]["url"].startswith("http://cpu-d0/")
/data/tiankuan/wio/Inference-Foundry/glm5-3/records/points/GLM-OPT-0002/jobs/NATIVE-FAULT-CPU2-20261003T0440Z/cpu_probe.py:61: SyntaxWarning: invalid decimal literal
  res=await client.post("/control/native-groups/local-167/fault",json=dict(epoch="CPU-epoch-D1",reason="CPU stale watcher"));assert res.status_code==409and not place.execution_groups["local-167"].faulted
/data/tiankuan/wio/Inference-Foundry/glm5-3/records/points/GLM-OPT-0002/jobs/NATIVE-FAULT-CPU2-20261003T0440Z/cpu_probe.py:63: SyntaxWarning: invalid decimal literal
  n=len(calls);res=await client.get("/v1/responses/resp_CPU_D1");assert res.status_code==503and len(calls)==n
/data/tiankuan/wio/Inference-Foundry/glm5-3/records/points/GLM-OPT-0002/jobs/NATIVE-FAULT-CPU2-20261003T0440Z/cpu_probe.py:71: SyntaxWarning: invalid decimal literal
  res=await client.post("/control/native-groups/local-167/fault",json=dict(epoch="CPU-epoch-D1",reason="CPU loss"));assert res.status_code==503and place.execution_groups["local-167"].faulted and place.journal_error
  + Exception Group Traceback (most recent call last):
  |   File "/usr/local/python3.12.13/lib/python3.12/site-packages/starlette/_utils.py", line 79, in collapse_excgroups
  |     yield
  |   File "/usr/local/python3.12.13/lib/python3.12/site-packages/starlette/responses.py", line 270, in __call__
  |     async with anyio.create_task_group() as task_group:
  |                ^^^^^^^^^^^^^^^^^^^^^^^^^
  |   File "/usr/local/python3.12.13/lib/python3.12/site-packages/anyio/_backends/_asyncio.py", line 847, in __aexit__
  |     raise BaseExceptionGroup(
  | ExceptionGroup: unhandled errors in a TaskGroup (1 sub-exception)
  +-+---------------- 1 ----------------
    | Traceback (most recent call last):
    |   File "/data/tiankuan/wio/glm52-pd/deploy/plugins/local_engines137/native_acl_lifecycle.py", line 31, in <module>
    |     main()
    |   File "/data/tiankuan/wio/glm52-pd/deploy/plugins/local_engines137/native_acl_lifecycle.py", line 19, in main
    |     runpy.run_path(arguments[0], run_name="__main__")
    |   File "<frozen runpy>", line 287, in run_path
    |   File "<frozen runpy>", line 98, in _run_module_code
    |   File "<frozen runpy>", line 88, in _run_code
    |   File "/data/tiankuan/wio/Inference-Foundry/glm5-3/records/points/GLM-OPT-0002/jobs/NATIVE-FAULT-CPU2-20261003T0440Z/cpu_probe.py", line 78, in <module>
    |     asyncio.run(main())
    |   File "/usr/local/python3.12.13/lib/python3.12/asyncio/runners.py", line 195, in run
    |     return runner.run(main)
    |            ^^^^^^^^^^^^^^^^
    |   File "/usr/local/python3.12.13/lib/python3.12/asyncio/runners.py", line 118, in run
    |     return self._loop.run_until_complete(task)
    |            ^^^^^^^^^^^^^^^^^^^^^^^^^^^^^^^^^^^
    |   File "/usr/local/python3.12.13/lib/python3.12/asyncio/base_events.py", line 691, in run_until_complete
    |     return future.result()
    |            ^^^^^^^^^^^^^^^
    |   File "/data/tiankuan/wio/Inference-Foundry/glm5-3/records/points/GLM-OPT-0002/jobs/NATIVE-FAULT-CPU2-20261003T0440Z/cpu_probe.py", line 44, in main
    |     res=await client.get("/v1/responses/resp_CPU_D0");assert res.status_code==200and res.json()==dict(fixture,id="resp_CPU_D0")and calls[-1]["url"].startswith("http://cpu-d0/")
    |         ^^^^^^^^^^^^^^^^^^^^^^^^^^^^^^^^^^^^^^^^^^^^^
    |   File "/usr/local/python3.12.13/lib/python3.12/site-packages/httpx/_client.py", line 1768, in get
    |     return await self.request(
    |            ^^^^^^^^^^^^^^^^^^^
    |   File "/usr/local/python3.12.13/lib/python3.12/site-packages/httpx/_client.py", line 1540, in request
    |     return await self.send(request, auth=auth, follow_redirects=follow_redirects)
    |            ^^^^^^^^^^^^^^^^^^^^^^^^^^^^^^^^^^^^^^^^^^^^^^^^^^^^^^^^^^^^^^^^^^^^^^
    |   File "/usr/local/python3.12.13/lib/python3.12/site-packages/httpx/_client.py", line 1629, in send
    |     response = await self._send_handling_auth(
    |                ^^^^^^^^^^^^^^^^^^^^^^^^^^^^^^^
    |   File "/usr/local/python3.12.13/lib/python3.12/site-packages/httpx/_client.py", line 1657, in _send_handling_auth
    |     response = await self._send_handling_redirects(
    |                ^^^^^^^^^^^^^^^^^^^^^^^^^^^^^^^^^^^^
    |   File "/usr/local/python3.12.13/lib/python3.12/site-packages/httpx/_client.py", line 1694, in _send_handling_redirects
    |     response = await self._send_single_request(request)
    |                ^^^^^^^^^^^^^^^^^^^^^^^^^^^^^^^^^^^^^^^^
    |   File "/usr/local/python3.12.13/lib/python3.12/site-packages/httpx/_client.py", line 1730, in _send_single_request
    |     response = await transport.handle_async_request(request)
    |                ^^^^^^^^^^^^^^^^^^^^^^^^^^^^^^^^^^^^^^^^^^^^^
    |   File "/usr/local/python3.12.13/lib/python3.12/site-packages/httpx/_transports/asgi.py", line 170, in handle_async_request
    |     await self.app(scope, receive, send)
    |   File "/usr/local/python3.12.13/lib/python3.12/site-packages/fastapi/applications.py", line 1139, in __call__
    |     await super().__call__(scope, receive, send)
    |   File "/usr/local/python3.12.13/lib/python3.12/site-packages/starlette/applications.py", line 107, in __call__
    |     await self.middleware_stack(scope, receive, send)
    |   File "/usr/local/python3.12.13/lib/python3.12/site-packages/starlette/middleware/errors.py", line 186, in __call__
    |     raise exc
    |   File "/usr/local/python3.12.13/lib/python3.12/site-packages/starlette/middleware/errors.py", line 164, in __call__
    |     await self.app(scope, receive, _send)
    |   File "/usr/local/python3.12.13/lib/python3.12/site-packages/starlette/middleware/exceptions.py", line 63, in __call__
    |     await wrap_app_handling_exceptions(self.app, conn)(scope, receive, send)
    |   File "/usr/local/python3.12.13/lib/python3.12/site-packages/starlette/_exception_handler.py", line 53, in wrapped_app
    |     raise exc
    |   File "/usr/local/python3.12.13/lib/python3.12/site-packages/starlette/_exception_handler.py", line 42, in wrapped_app
    |     await app(scope, receive, sender)
    |   File "/usr/local/python3.12.13/lib/python3.12/site-packages/fastapi/middleware/asyncexitstack.py", line 18, in __call__
    |     await self.app(scope, receive, send)
    |   File "/usr/local/python3.12.13/lib/python3.12/site-packages/starlette/routing.py", line 716, in __call__
    |     await self.middleware_stack(scope, receive, send)
    |   File "/usr/local/python3.12.13/lib/python3.12/site-packages/starlette/routing.py", line 736, in app
    |     await route.handle(scope, receive, send)
    |   File "/usr/local/python3.12.13/lib/python3.12/site-packages/starlette/routing.py", line 290, in handle
    |     await self.app(scope, receive, send)
    |   File "/usr/local/python3.12.13/lib/python3.12/site-packages/fastapi/routing.py", line 119, in app
    |     await wrap_app_handling_exceptions(app, request)(scope, receive, send)
    |   File "/usr/local/python3.12.13/lib/python3.12/site-packages/starlette/_exception_handler.py", line 53, in wrapped_app
    |     raise exc
    |   File "/usr/local/python3.12.13/lib/python3.12/site-packages/starlette/_exception_handler.py", line 42, in wrapped_app
    |     await app(scope, receive, sender)
    |   File "/usr/local/python3.12.13/lib/python3.12/site-packages/fastapi/routing.py", line 106, in app
    |     await response(scope, receive, send)
    |   File "/data/tiankuan/wio/Inference-Foundry/glm5-3/runtime/response_affinity_gateway_v11.py", line 240, in __call__
    |     try:return await super().__call__(scope,receive,send)
    |                ^^^^^^^^^^^^^^^^^^^^^^^^^^^^^^^^^^^^^^^^^^
    |   File "/usr/local/python3.12.13/lib/python3.12/site-packages/starlette/responses.py", line 269, in __call__
    |     with collapse_excgroups():
    |          ^^^^^^^^^^^^^^^^^^^^
    |   File "/usr/local/python3.12.13/lib/python3.12/contextlib.py", line 158, in __exit__
    |     self.gen.throw(value)
    |   File "/usr/local/python3.12.13/lib/python3.12/site-packages/starlette/_utils.py", line 85, in collapse_excgroups
    |     raise exc
    |   File "/usr/local/python3.12.13/lib/python3.12/site-packages/anyio/_core/_tasks.py", line 327, in _run_coro
    |     retval = await self._coro
    |              ^^^^^^^^^^^^^^^^
    |   File "/usr/local/python3.12.13/lib/python3.12/site-packages/starlette/responses.py", line 273, in wrap
    |     await func()
    |   File "/usr/local/python3.12.13/lib/python3.12/site-packages/starlette/responses.py", line 253, in stream_response
    |     async for chunk in self.body_iterator:
    |   File "/data/tiankuan/wio/Inference-Foundry/glm5-3/runtime/response_affinity_gateway_v11.py", line 204, in stream
    |     async for block in raw_blocks():
    |   File "/data/tiankuan/wio/Inference-Foundry/glm5-3/runtime/response_affinity_gateway_v11.py", line 194, in raw_blocks
    |     async for block in response.aiter_raw():yield block
    |   File "/usr/local/python3.12.13/lib/python3.12/site-packages/httpx/_models.py", line 1044, in aiter_raw
    |     raise StreamConsumed()
    | httpx.StreamConsumed: Attempted to read or stream some content, but the content has already been streamed. For requests, this could be due to passing a generator as request content, and then receiving a redirect response or a secondary request as part of an authentication flow.For responses, this could be due to attempting to stream the response content more than once.
    +------------------------------------

During handling of the above exception, another exception occurred:

Traceback (most recent call last):
  File "/data/tiankuan/wio/glm52-pd/deploy/plugins/local_engines137/native_acl_lifecycle.py", line 31, in <module>
    main()
  File "/data/tiankuan/wio/glm52-pd/deploy/plugins/local_engines137/native_acl_lifecycle.py", line 19, in main
    runpy.run_path(arguments[0], run_name="__main__")
  File "<frozen runpy>", line 287, in run_path
  File "<frozen runpy>", line 98, in _run_module_code
  File "<frozen runpy>", line 88, in _run_code
  File "/data/tiankuan/wio/Inference-Foundry/glm5-3/records/points/GLM-OPT-0002/jobs/NATIVE-FAULT-CPU2-20261003T0440Z/cpu_probe.py", line 78, in <module>
    asyncio.run(main())
  File "/usr/local/python3.12.13/lib/python3.12/asyncio/runners.py", line 195, in run
    return runner.run(main)
           ^^^^^^^^^^^^^^^^
  File "/usr/local/python3.12.13/lib/python3.12/asyncio/runners.py", line 118, in run
    return self._loop.run_until_complete(task)
           ^^^^^^^^^^^^^^^^^^^^^^^^^^^^^^^^^^^
  File "/usr/local/python3.12.13/lib/python3.12/asyncio/base_events.py", line 691, in run_until_complete
    return future.result()
           ^^^^^^^^^^^^^^^
  File "/data/tiankuan/wio/Inference-Foundry/glm5-3/records/points/GLM-OPT-0002/jobs/NATIVE-FAULT-CPU2-20261003T0440Z/cpu_probe.py", line 44, in main
    res=await client.get("/v1/responses/resp_CPU_D0");assert res.status_code==200and res.json()==dict(fixture,id="resp_CPU_D0")and calls[-1]["url"].startswith("http://cpu-d0/")
        ^^^^^^^^^^^^^^^^^^^^^^^^^^^^^^^^^^^^^^^^^^^^^
  File "/usr/local/python3.12.13/lib/python3.12/site-packages/httpx/_client.py", line 1768, in get
    return await self.request(
           ^^^^^^^^^^^^^^^^^^^
  File "/usr/local/python3.12.13/lib/python3.12/site-packages/httpx/_client.py", line 1540, in request
    return await self.send(request, auth=auth, follow_redirects=follow_redirects)
           ^^^^^^^^^^^^^^^^^^^^^^^^^^^^^^^^^^^^^^^^^^^^^^^^^^^^^^^^^^^^^^^^^^^^^^
  File "/usr/local/python3.12.13/lib/python3.12/site-packages/httpx/_client.py", line 1629, in send
    response = await self._send_handling_auth(
               ^^^^^^^^^^^^^^^^^^^^^^^^^^^^^^^
  File "/usr/local/python3.12.13/lib/python3.12/site-packages/httpx/_client.py", line 1657, in _send_handling_auth
    response = await self._send_handling_redirects(
               ^^^^^^^^^^^^^^^^^^^^^^^^^^^^^^^^^^^^
  File "/usr/local/python3.12.13/lib/python3.12/site-packages/httpx/_client.py", line 1694, in _send_handling_redirects
    response = await self._send_single_request(request)
               ^^^^^^^^^^^^^^^^^^^^^^^^^^^^^^^^^^^^^^^^
  File "/usr/local/python3.12.13/lib/python3.12/site-packages/httpx/_client.py", line 1730, in _send_single_request
    response = await transport.handle_async_request(request)
               ^^^^^^^^^^^^^^^^^^^^^^^^^^^^^^^^^^^^^^^^^^^^^
  File "/usr/local/python3.12.13/lib/python3.12/site-packages/httpx/_transports/asgi.py", line 170, in handle_async_request
    await self.app(scope, receive, send)
  File "/usr/local/python3.12.13/lib/python3.12/site-packages/fastapi/applications.py", line 1139, in __call__
    await super().__call__(scope, receive, send)
  File "/usr/local/python3.12.13/lib/python3.12/site-packages/starlette/applications.py", line 107, in __call__
    await self.middleware_stack(scope, receive, send)
  File "/usr/local/python3.12.13/lib/python3.12/site-packages/starlette/middleware/errors.py", line 186, in __call__
    raise exc
  File "/usr/local/python3.12.13/lib/python3.12/site-packages/starlette/middleware/errors.py", line 164, in __call__
    await self.app(scope, receive, _send)
  File "/usr/local/python3.12.13/lib/python3.12/site-packages/starlette/middleware/exceptions.py", line 63, in __call__
    await wrap_app_handling_exceptions(self.app, conn)(scope, receive, send)
  File "/usr/local/python3.12.13/lib/python3.12/site-packages/starlette/_exception_handler.py", line 53, in wrapped_app
    raise exc
  File "/usr/local/python3.12.13/lib/python3.12/site-packages/starlette/_exception_handler.py", line 42, in wrapped_app
    await app(scope, receive, sender)
  File "/usr/local/python3.12.13/lib/python3.12/site-packages/fastapi/middleware/asyncexitstack.py", line 18, in __call__
    await self.app(scope, receive, send)
  File "/usr/local/python3.12.13/lib/python3.12/site-packages/starlette/routing.py", line 716, in __call__
    await self.middleware_stack(scope, receive, send)
  File "/usr/local/python3.12.13/lib/python3.12/site-packages/starlette/routing.py", line 736, in app
    await route.handle(scope, receive, send)
  File "/usr/local/python3.12.13/lib/python3.12/site-packages/starlette/routing.py", line 290, in handle
    await self.app(scope, receive, send)
  File "/usr/local/python3.12.13/lib/python3.12/site-packages/fastapi/routing.py", line 119, in app
    await wrap_app_handling_exceptions(app, request)(scope, receive, send)
  File "/usr/local/python3.12.13/lib/python3.12/site-packages/starlette/_exception_handler.py", line 53, in wrapped_app
    raise exc
  File "/usr/local/python3.12.13/lib/python3.12/site-packages/starlette/_exception_handler.py", line 42, in wrapped_app
    await app(scope, receive, sender)
  File "/usr/local/python3.12.13/lib/python3.12/site-packages/fastapi/routing.py", line 106, in app
    await response(scope, receive, send)
  File "/data/tiankuan/wio/Inference-Foundry/glm5-3/runtime/response_affinity_gateway_v11.py", line 240, in __call__
    try:return await super().__call__(scope,receive,send)
               ^^^^^^^^^^^^^^^^^^^^^^^^^^^^^^^^^^^^^^^^^^
  File "/usr/local/python3.12.13/lib/python3.12/site-packages/starlette/responses.py", line 269, in __call__
    with collapse_excgroups():
         ^^^^^^^^^^^^^^^^^^^^
  File "/usr/local/python3.12.13/lib/python3.12/contextlib.py", line 158, in __exit__
    self.gen.throw(value)
  File "/usr/local/python3.12.13/lib/python3.12/site-packages/starlette/_utils.py", line 85, in collapse_excgroups
    raise exc
  File "/usr/local/python3.12.13/lib/python3.12/site-packages/anyio/_core/_tasks.py", line 327, in _run_coro
    retval = await self._coro
             ^^^^^^^^^^^^^^^^
  File "/usr/local/python3.12.13/lib/python3.12/site-packages/starlette/responses.py", line 273, in wrap
    await func()
  File "/usr/local/python3.12.13/lib/python3.12/site-packages/starlette/responses.py", line 253, in stream_response
    async for chunk in self.body_iterator:
  File "/data/tiankuan/wio/Inference-Foundry/glm5-3/runtime/response_affinity_gateway_v11.py", line 204, in stream
    async for block in raw_blocks():
  File "/data/tiankuan/wio/Inference-Foundry/glm5-3/runtime/response_affinity_gateway_v11.py", line 194, in raw_blocks
    async for block in response.aiter_raw():yield block
  File "/usr/local/python3.12.13/lib/python3.12/site-packages/httpx/_models.py", line 1044, in aiter_raw
    raise StreamConsumed()
httpx.StreamConsumed: Attempted to read or stream some content, but the content has already been streamed. For requests, this could be due to passing a generator as request content, and then receiving a redirect response or a secondary request as part of an authentication flow.For responses, this could be due to attempting to stream the response content more than once.
