test_other_routes_preserve_original_estimates_exactly (test_response_budget_v11.EstimateContracts.test_other_routes_preserve_original_estimates_exactly) ... ok
test_responses_native_output_budget_and_conflicting_legacy_fields (test_response_budget_v11.EstimateContracts.test_responses_native_output_budget_and_conflicting_legacy_fields) ... ok
test_unknown_or_invalid_responses_hints_do_not_raise (test_response_budget_v11.EstimateContracts.test_unknown_or_invalid_responses_hints_do_not_raise) ... ok
test_actual_native_sse_split_encoded_and_exact_wire (test_response_budget_v11.GatewayBudgetContracts.test_actual_native_sse_split_encoded_and_exact_wire) ... Executing <Task pending name='Task-2' coro=<AffinityTests.test_actual_native_sse_split_encoded_and_exact_wire() running at /data/tiankuan/wio/Inference-Foundry/glm5-3/tests/test_response_affinity.py:77> wait_for=<Future pending cb=[Task.task_wakeup()] created at /usr/local/python3.12.13/lib/python3.12/asyncio/base_events.py:448> cb=[_run_until_complete_cb() at /usr/local/python3.12.13/lib/python3.12/asyncio/base_events.py:181] created at /usr/local/python3.12.13/lib/python3.12/asyncio/runners.py:100> took 0.232 seconds
ok
test_clean_restart_then_drain_same_epoch_readd (test_response_budget_v11.GatewayBudgetContracts.test_clean_restart_then_drain_same_epoch_readd) ... ok
test_concurrent_custom_id_keeps_owner_before_first_response (test_response_budget_v11.GatewayBudgetContracts.test_concurrent_custom_id_keeps_owner_before_first_response) ... ok
test_cross_owner_previous_custom_conflict_has_no_rpc (test_response_budget_v11.GatewayBudgetContracts.test_cross_owner_previous_custom_conflict_has_no_rpc) ... ok
test_disabled_feature_preserves_original_stateless_default (test_response_budget_v11.GatewayBudgetContracts.test_disabled_feature_preserves_original_stateless_default) ... ok
test_fault_and_native_epoch_change_do_not_relocate_owner (test_response_budget_v11.GatewayBudgetContracts.test_fault_and_native_epoch_change_do_not_relocate_owner) ... ok
test_json_previous_retrieve_cancel_background_and_custom_id (test_response_budget_v11.GatewayBudgetContracts.test_json_previous_retrieve_cancel_background_and_custom_id) ... ok
test_live_responses_lease_uses_native_max_output_and_wire_is_exact (test_response_budget_v11.GatewayBudgetContracts.test_live_responses_lease_uses_native_max_output_and_wire_is_exact) ... ok
test_owner_journal_single_writer_corruption_and_io_failure (test_response_budget_v11.GatewayBudgetContracts.test_owner_journal_single_writer_corruption_and_io_failure) ... ok
test_reservation_io_failure_has_no_rpc_or_leaked_lease (test_response_budget_v11.GatewayBudgetContracts.test_reservation_io_failure_has_no_rpc_or_leaked_lease) ... ok
test_script_entrypoint_has_live8192_budget_and_exact_native_wire (test_response_budget_v11.CLIBudgetContract.test_script_entrypoint_has_live8192_budget_and_exact_native_wire) ... ok
test_eligible_chat_keeps_v2_one_helper_one_original_decoder_plus_kv (test_native_pd_geometry.GeometryProtocols.test_eligible_chat_keeps_v2_one_helper_one_original_decoder_plus_kv) ... ok
test_eligible_responses_helper_is_private_unstored_and_original_store_retained (test_native_pd_geometry.GeometryProtocols.test_eligible_responses_helper_is_private_unstored_and_original_store_retained) ... ok
test_known_native_pair_necessary_geometry (test_native_pd_geometry.GeometryProtocols.test_known_native_pair_necessary_geometry) ... ok
test_mapping_disagreement_falls_back_before_helper (test_native_pd_geometry.GeometryProtocols.test_mapping_disagreement_falls_back_before_helper) ... ok
test_real_pp2_candidates_ineligible (test_native_pd_geometry.GeometryProtocols.test_real_pp2_candidates_ineligible) ... ok
test_stateful_request_preserves_native_decoder_without_helper (test_native_pd_geometry.GeometryProtocols.test_stateful_request_preserves_native_decoder_without_helper) ... ok
test_unknown_incompatible_pair_never_creates_helper_and_keeps_error_wire (test_native_pd_geometry.GeometryProtocols.test_unknown_incompatible_pair_never_creates_helper_and_keeps_error_wire) ... ok
test_unknown_PD_geometry_sends_original_once_to_decoder_with_zero_helper (test_pd_geometry_cli.GeometryCLI.test_unknown_PD_geometry_sends_original_once_to_decoder_with_zero_helper) ... ok

----------------------------------------------------------------------
Ran 22 tests in 2.647s

OK
