{
  "scope": "instrumented_bound_diagnostic_not_formal_tps; c12 release interval and eligible set only, no unique permit parent",
  "phase": "measured",
  "n": 48,
  "success": 48,
  "fail": 0,
  "concurrency": 12,
  "max_tokens": 1024,
  "wall_start_monotonic_ns": 4220709636753305,
  "wall_end_monotonic_ns": 4220801120458446,
  "clock": {
    "begin": {
      "wall_time_ns": 1790567231975292455,
      "monotonic_ns": 4220709636594685
    },
    "end": {
      "wall_time_ns": 1790567323460341841,
      "monotonic_ns": 4220801121640531
    },
    "monotonic_info": "namespace(implementation='clock_gettime(CLOCK_MONOTONIC)', monotonic=True, adjustable=False, resolution=1e-09)",
    "perf_counter_info": "namespace(implementation='clock_gettime(CLOCK_MONOTONIC)', monotonic=True, adjustable=False, resolution=1e-09)",
    "kernel_boot_id": "6e5ca76b-a856-4531-8ab3-8d6c3ea9c8d4",
    "time_namespace": "time:[4026531834]",
    "timens_offsets": "monotonic           0         0\nboottime            0         0\n",
    "pid": 111885
  },
  "duration_s": 91.4837018204853,
  "output_tps_diagnostic_only": 537.2760286465992,
  "ttft_ms_mean": 3131.4215672318824,
  "tpot_ms_mean": 19.28192703244915
}
