[
  {
    "cohort": 5,
    "allrank_host_envelope_ms": 2879.431882,
    "rank_local_forward_host_union_ms": [
      2010.119668,
      2077.737997,
      2204.829403,
      2240.708792,
      2285.375623,
      2277.281373,
      2272.603842,
      2273.579472
    ],
    "rank_local_outside_forward_host_envelope_ms": [
      862.447044,
      791.793814,
      667.87462,
      629.87825,
      593.775876,
      596.685623,
      598.435234,
      600.469694
    ],
    "rank_local_last_execute_to_runtime_built_ms": [
      118.331966,
      100.09392,
      70.845781,
      60.82961,
      19.57538,
      19.987954,
      19.67578,
      27.258837
    ],
    "pre_handoff_scheduler_output_tokens_sum": 181,
    "pre_handoff_scheduler_output_tokens_range": [
      1,
      25
    ]
  },
  {
    "cohort": 6,
    "allrank_host_envelope_ms": 3513.892159,
    "rank_local_forward_host_union_ms": [
      2299.349596,
      2326.900665,
      2493.800161,
      2522.771842,
      2560.954686,
      2556.240645,
      2523.983924,
      2558.301818
    ],
    "rank_local_outside_forward_host_envelope_ms": [
      1200.686403,
      1178.7146,
      1011.010066,
      977.691022,
      948.501778,
      950.036517,
      981.824584,
      950.59875
    ],
    "rank_local_last_execute_to_runtime_built_ms": [
      105.68773,
      111.005804,
      81.491828,
      55.398026,
      20.507156,
      20.746359,
      56.538958,
      20.053411
    ],
    "pre_handoff_scheduler_output_tokens_sum": 175,
    "pre_handoff_scheduler_output_tokens_range": [
      1,
      23
    ]
  },
  {
    "cohort": 7,
    "allrank_host_envelope_ms": 3506.80121,
    "rank_local_forward_host_union_ms": [
      2266.998957,
      2251.937995,
      2496.481891,
      2465.657674,
      2553.023678,
      2530.843279,
      2496.52096,
      2513.71124
    ],
    "rank_local_outside_forward_host_envelope_ms": [
      1227.489801,
      1246.293059,
      1005.886824,
      1031.45833,
      952.940653,
      970.985661,
      1004.26715,
      989.393313
    ],
    "rank_local_last_execute_to_runtime_built_ms": [
      114.04623,
      118.285961,
      81.669689,
      83.157034,
      19.808576,
      49.52154,
      77.77494,
      66.810132
    ],
    "pre_handoff_scheduler_output_tokens_sum": 183,
    "pre_handoff_scheduler_output_tokens_range": [
      1,
      30
    ]
  },
  {
    "cohort": 8,
    "allrank_host_envelope_ms": 3213.69936,
    "rank_local_forward_host_union_ms": [
      1947.62821,
      1968.07786,
      2178.530187,
      2161.719173,
      2233.261784,
      2181.666107,
      2169.824293,
      2205.776956
    ],
    "rank_local_outside_forward_host_envelope_ms": [
      1253.200644,
      1237.668903,
      1022.047485,
      1038.601316,
      977.849101,
      1025.235396,
      1037.313572,
      1001.007517
    ],
    "rank_local_last_execute_to_runtime_built_ms": [
      121.471227,
      121.013143,
      47.670296,
      66.394389,
      19.797264,
      42.149262,
      61.116347,
      33.483627
    ],
    "pre_handoff_scheduler_output_tokens_sum": 162,
    "pre_handoff_scheduler_output_tokens_range": [
      1,
      21
    ]
  }
]
