[2026-09-27-21:10:10.111] [INFO] [AscendProfiler_ProfilingParser:97] Profiler logger initialized at: /data/wio/Inference_Foundry/evidence/20260928_loop080_bound/run578/live/b/bench/profile/rank7/S900K3-49_50509_20260927210511123_ascend_pt/logs/profiler_20260927211010_58602_ProfilingParser.log
[2026-09-27-21:10:10.180] [INFO] [AscendProfiler_ProfilingParser:100] TorchOpParser start.
[2026-09-27-21:10:10.180] [INFO] [AscendProfiler_ProfilingParser:82] TaskQueueParser start.
[2026-09-27-21:10:10.202] [INFO] [AscendProfiler_ProfilingParser:208] CANNTimelineParser start.
[2026-09-27-21:10:10.204] [INFO] [AscendProfiler_ProfilingParser:88] TaskQueueParser finish.
[2026-09-27-21:10:10.205] [INFO] [AscendProfiler_ProfilingParser:106] TorchOpParser finish.
[2026-09-27-21:10:10.205] [INFO] [AscendProfiler_ProfilingParser:118] DbPreParser start.
[2026-09-27-21:10:10.206] [INFO] [AscendProfiler_ProfilingParser:62] TreeBuildParser start.
[2026-09-27-21:10:10.227] [INFO] [AscendProfiler_ProfilingParser:129] DbPreParser finish.
[2026-09-27-21:10:10.228] [INFO] [AscendProfiler_ProfilingParser:70] TreeBuildParser finish.
[2026-09-27-21:10:10.229] [INFO] [AscendProfiler_ProfilingParser:62] MemoryPrepareParser start.
[2026-09-27-21:10:10.230] [INFO] [AscendProfiler_ProfilingParser:75] MemoryPrepareParser finish.
[2026-09-27-21:10:13.006] [INFO] [AscendProfiler_ProfilingParser:218] CANNTimelineParser finish.
[2026-09-27-21:10:13.046] [INFO] [AscendProfiler_ProfilingParser:31] RelationParser start.
[2026-09-27-21:10:13.058] [INFO] [AscendProfiler_ProfilingParser:38] RelationParser finish.
[2026-09-27-21:10:14.137] [INFO] [AscendProfiler_ProfilingParser:40] DbParser start.
[2026-09-27-21:10:14.139] [INFO] [AscendProfiler_ProfilingParser:27] BasicDbParser start.
[2026-09-27-21:10:14.148] [INFO] [AscendProfiler_ProfilingParser:40] BasicDbParser finish.
[2026-09-27-21:10:14.149] [INFO] [AscendProfiler_ProfilingParser:31] FwkApiDbParser start.
[2026-09-27-21:10:14.149] [INFO] [AscendProfiler_ProfilingParser:36] FwkApiDbParser get fwk api data finish.
[2026-09-27-21:10:14.149] [ERROR] [AscendProfiler_ProfilingParser:117] Failed to find node launch str id
[2026-09-27-21:10:14.149] [INFO] [AscendProfiler_ProfilingParser:38] FwkApiDbParser get api data for db finish.
[2026-09-27-21:10:14.153] [INFO] [AscendProfiler_ProfilingParser:40] FwkApiDbParser save api data to db finish.
[2026-09-27-21:10:14.153] [INFO] [AscendProfiler_ProfilingParser:44] FwkApiDbParser finish.
[2026-09-27-21:10:14.153] [INFO] [AscendProfiler_ProfilingParser:82] MemoryDbParser start.
[2026-09-27-21:10:14.154] [INFO] [AscendProfiler_ProfilingParser:95] MemoryDbParser finish.
[2026-09-27-21:10:14.154] [INFO] [AscendProfiler_ProfilingParser:33] GCRecordDbParser start.
[2026-09-27-21:10:14.155] [INFO] [AscendProfiler_ProfilingParser:41] GCRecordDbParser finish.
[2026-09-27-21:10:14.155] [INFO] [AscendProfiler_ProfilingParser:36] StepInfoDbParser start.
[2026-09-27-21:10:14.159] [INFO] [AscendProfiler_ProfilingParser:43] StepInfoDbParser finish.
[2026-09-27-21:10:14.160] [INFO] [AscendProfiler_ProfilingParser:80] CommunicationDbParser start.
[2026-09-27-21:10:14.161] [INFO] [AscendProfiler_ProfilingParser:88] CommunicationDbParser finish.
[2026-09-27-21:10:14.162] [INFO] [AscendProfiler_ProfilingParser:74] TraceStepTimeDbParser start.
[2026-09-27-21:10:14.166] [INFO] [AscendProfiler_ProfilingParser:83] TraceStepTimeDbParser finish.
[2026-09-27-21:10:14.166] [INFO] [AscendProfiler_ProfilingParser:64] DbParser finish.
[2026-09-27-21:10:14.676] [INFO] [AscendProfiler_ProfilingParser:473] ============================================================
[2026-09-27-21:10:14.677] [INFO] [AscendProfiler_ProfilingParser:474] Task execution completed
[2026-09-27-21:10:14.677] [INFO] [AscendProfiler_ProfilingParser:475] ============================================================
[2026-09-27-21:10:14.677] [INFO] [AscendProfiler_ProfilingParser:478] torch_op                  | PTHREAD         | Succeed    | 0.026s | deps: None
[2026-09-27-21:10:14.677] [INFO] [AscendProfiler_ProfilingParser:478] task_queue                | PTHREAD         | Succeed    | 0.024s | deps: None
[2026-09-27-21:10:14.677] [INFO] [AscendProfiler_ProfilingParser:478] trace_prepare             | SUB_PROCESS     | Succeed    | 0.029s | deps: torch_op, task_queue
[2026-09-27-21:10:14.678] [INFO] [AscendProfiler_ProfilingParser:478] build_tree                | PTHREAD         | Succeed    | 0.023s | deps: torch_op, task_queue
[2026-09-27-21:10:14.678] [INFO] [AscendProfiler_ProfilingParser:478] export                    | SUB_PROCESS     | Succeed    | 3.078s | deps: None
[2026-09-27-21:10:14.678] [INFO] [AscendProfiler_ProfilingParser:478] timeline                  | PTHREAD|NON_BLOCKING | Succeed    | 2.806s | deps: None
[2026-09-27-21:10:14.678] [INFO] [AscendProfiler_ProfilingParser:478] relation                  | PTHREAD         | Succeed    | 0.013s | deps: task_queue, timeline
[2026-09-27-21:10:14.678] [INFO] [AscendProfiler_ProfilingParser:478] memory_prepare            | PTHREAD         | Succeed    | 0.001s | deps: build_tree, task_queue, torch_op
[2026-09-27-21:10:14.679] [INFO] [AscendProfiler_ProfilingParser:478] analyze                   | SUB_PROCESS     | Succeed    | 1.089s | deps: timeline
[2026-09-27-21:10:14.679] [INFO] [AscendProfiler_ProfilingParser:478] operator                  | SUB_PROCESS     | Succeed    | 0.033s | deps: build_tree, timeline, relation, torch_op
[2026-09-27-21:10:14.679] [INFO] [AscendProfiler_ProfilingParser:478] trace                     | SUB_PROCESS     | Succeed    | 0.046s | deps: build_tree, trace_prepare, timeline, task_queue, torch_op
[2026-09-27-21:10:14.679] [INFO] [AscendProfiler_ProfilingParser:478] kernel                    | SUB_PROCESS     | Succeed    | 0.038s | deps: build_tree, export, relation
[2026-09-27-21:10:14.679] [INFO] [AscendProfiler_ProfilingParser:478] step_time                 | SUB_PROCESS     | Succeed    | 0.042s | deps: build_tree, timeline, relation, torch_op
[2026-09-27-21:10:14.680] [INFO] [AscendProfiler_ProfilingParser:478] memory                    | SUB_PROCESS     | Succeed    | 0.039s | deps: export, memory_prepare
[2026-09-27-21:10:14.680] [INFO] [AscendProfiler_ProfilingParser:478] integrate                 | SUB_PROCESS     | Succeed    | 0.058s | deps: export
[2026-09-27-21:10:14.680] [INFO] [AscendProfiler_ProfilingParser:478] communication             | SUB_PROCESS     | Succeed    | 0.033s | deps: build_tree, analyze, relation
[2026-09-27-21:10:14.680] [INFO] [AscendProfiler_ProfilingParser:478] db_prepare                | PTHREAD         | Succeed    | 0.023s | deps: torch_op, task_queue
[2026-09-27-21:10:14.680] [INFO] [AscendProfiler_ProfilingParser:478] torch_db                  | PTHREAD         | Succeed    | 0.030s | deps: export, memory_prepare, build_tree, analyze, db_prepare
