Error:In judge all digit, Check whether the value of [-i -n -r -w -c -p] is a positive integer.
Error: [-i,--stepbytes] must be greater than or equal to 0.
This is an error in check_cmd_line.
Error:In judge all digit, Check whether the value of [-i -n -r -w -c -p] is a positive integer.
Error: [-i,--stepbytes] must be greater than or equal to 0.
This is an error in check_cmd_line.
Error:In judge all digit, Check whether the value of [-i -n -r -w -c -p] is a positive integer.
Error: [-i,--stepbytes] must be greater than or equal to 0.
This is an error in check_cmd_line.
Error:In judge all digit, Check whether the value of [-i -n -r -w -c -p] is a positive integer.
Error: [-i,--stepbytes] must be greater than or equal to 0.
This is an error in check_cmd_line.
Error:In judge all digit, Check whether the value of [-i -n -r -w -c -p] is a positive integer.
Error: [-i,--stepbytes] must be greater than or equal to 0.
This is an error in check_cmd_line.
Error:In judge all digit, Check whether the value of [-i -n -r -w -c -p] is a positive integer.
Error: [-i,--stepbytes] must be greater than or equal to 0.
This is an error in check_cmd_line.
Error:In judge all digit, Check whether the value of [-i -n -r -w -c -p] is a positive integer.
Error: [-i,--stepbytes] must be greater than or equal to 0.
This is an error in check_cmd_line.
Error:In judge all digit, Check whether the value of [-i -n -r -w -c -p] is a positive integer.
Error: [-i,--stepbytes] must be greater than or equal to 0.
This is an error in check_cmd_line.
--------------------------------------------------------------------------
Primary job  terminated normally, but 1 process returned
a non-zero exit code. Per user-direction, the job has been aborted.
--------------------------------------------------------------------------
--------------------------------------------------------------------------
mpirun detected that one or more processes exited with non-zero status, thus causing
the job to be terminated. The first process to do so was:

  Process name: [[44425,1],0]
  Exit code:    255
--------------------------------------------------------------------------
