the minbytes is 90112, maxbytes is 90112, iters is 20, warmup_iters is 5
data_size(Bytes): | aveg_time(us): | alg_bandwidth(GB/s): | check_result:
90112             | 4.96           | 18.17874             | success
90112             | 4.92           | 18.29685             | success
90112             | 4.82           | 18.71096             | success
90112             | 4.86           | 18.55684             | success
90112             | 4.86           | 18.53394             | success
90112             | 4.97           | 18.11296             | success
90112             | 4.96           | 18.17141             | success
90112             | 4.83           | 18.65287             | success
90112             | 5.00           | 18.03683             | success
90112             | 4.84           | 18.63358             | success
90112             | 4.97           | 18.11661             | success
90112             | 4.96           | 18.15310             | success
90112             | 4.83           | 18.64515             | success
90112             | 4.84           | 18.63358             | success
90112             | 4.85           | 18.59129             | success
90112             | 4.83           | 18.63744             | success
90112             | 4.89           | 18.42404             | success
90112             | 4.83           | 18.63744             | success
90112             | 4.81           | 18.74600             | success
90112             | 4.89           | 18.43535             | success
90112             | 4.97           | 18.13119             | success
90112             | 4.92           | 18.30429             | success
90112             | 4.81           | 18.71485             | success
90112             | 4.88           | 18.47314             | success
90112             | 4.85           | 18.56066             | success
90112             | 4.96           | 18.16774             | success
90112             | 4.88           | 18.45801             | success
90112             | 4.90           | 18.40899             | success
90112             | 4.84           | 18.62203             | success
90112             | 4.85           | 18.57214             | success
90112             | 4.98           | 18.10205             | success
90112             | 4.90           | 18.38270             | success
90112             | 4.85           | 18.59129             | success
90112             | 4.85           | 18.56066             | success
90112             | 4.93           | 18.28571             | success
90112             | 4.97           | 18.14214             | success
90112             | 4.99           | 18.05128             | success
90112             | 4.85           | 18.58363             | success
90112             | 5.68           | 15.87038             | success
90112             | 4.91           | 18.33781             | success
90112             | 4.95           | 18.19709             | success
90112             | 4.94           | 18.22654             | success
90112             | 4.90           | 18.40147             | success
90112             | 4.87           | 18.52251             | success
90112             | 4.89           | 18.42404             | success
90112             | 4.96           | 18.17874             | success
90112             | 4.93           | 18.28571             | success
90112             | 4.83           | 18.65287             | success
90112             | 4.81           | 18.71874             | success
90112             | 4.88           | 18.48451             | success
90112             | 4.96           | 18.15310             | success
90112             | 4.95           | 18.18975             | success
90112             | 4.88           | 18.45801             | success
90112             | 4.94           | 18.23022             | success
90112             | 4.90           | 18.40899             | success
90112             | 4.90           | 18.37146             | success
90112             | 5.01           | 17.97566             | success
90112             | 4.84           | 18.61049             | success
90112             | 4.87           | 18.51490             | success
90112             | 4.90           | 18.40523             | success
90112             | 4.97           | 18.13484             | success
90112             | 4.93           | 18.27459             | success
90112             | 4.87           | 18.51109             | success
90112             | 4.84           | 18.62588             | success
90112             | 4.84           | 18.61434             | success
90112             | 4.94           | 18.23022             | success
90112             | 4.90           | 18.39771             | success
90112             | 4.81           | 18.74210             | success
90112             | 4.86           | 18.52631             | success
90112             | 4.96           | 18.17141             | success
90112             | 4.92           | 18.33408             | success
90112             | 4.89           | 18.43535             | success
90112             | 4.88           | 18.48451             | success
90112             | 4.84           | 18.61434             | success
90112             | 4.80           | 18.76161             | success
90112             | 4.93           | 18.27459             | success
90112             | 5.74           | 15.70990             | success
90112             | 4.85           | 18.57596             | success
90112             | 4.87           | 18.51109             | success
90112             | 4.88           | 18.44667             | success
90112             | 4.92           | 18.29685             | success
90112             | 4.96           | 18.17507             | success
90112             | 4.84           | 18.61434             | success
90112             | 4.86           | 18.54538             | success
90112             | 4.81           | 18.72652             | success
90112             | 4.92           | 18.30057             | success
90112             | 4.91           | 18.34901             | success
90112             | 4.85           | 18.57596             | success
90112             | 4.98           | 18.07663             | success
90112             | 4.81           | 18.74600             | success
90112             | 4.89           | 18.44290             | success
90112             | 4.98           | 18.07663             | success
90112             | 4.87           | 18.50729             | success
90112             | 4.85           | 18.57596             | success
90112             | 4.91           | 18.34901             | success
90112             | 4.93           | 18.28943             | success
90112             | 4.87           | 18.51490             | success
90112             | 4.84           | 18.62588             | success
90112             | 4.92           | 18.33035             | success
90112             | 4.88           | 18.47693             | success
90112             | 4.93           | 18.29314             | success
90112             | 4.97           | 18.11661             | success
90112             | 4.87           | 18.49969             | success
90112             | 4.90           | 18.38645             | success
90112             | 4.83           | 18.67606             | success
90112             | 4.90           | 18.37520             | success
90112             | 4.93           | 18.28200             | success
90112             | 4.85           | 18.59129             | success
90112             | 4.88           | 18.46936             | success
90112             | 4.86           | 18.54156             | success
90112             | 5.00           | 18.01519             | success
90112             | 4.90           | 18.40899             | success
90112             | 4.84           | 18.62588             | success
90112             | 4.87           | 18.50729             | success
90112             | 4.87           | 18.49210             | success
90112             | 5.77           | 15.62004             | success
90112             | 4.89           | 18.42028             | success
90112             | 4.92           | 18.32290             | success
90112             | 4.94           | 18.24499             | success
90112             | 4.85           | 18.57214             | success
90112             | 5.00           | 18.01519             | success
90112             | 4.95           | 18.20444             | success
90112             | 4.81           | 18.72263             | success
90112             | 4.93           | 18.26718             | success
90112             | 4.90           | 18.39771             | success
90112             | 4.99           | 18.04767             | success
90112             | 5.01           | 18.00439             | success
90112             | 4.91           | 18.36397             | success
90112             | 4.88           | 18.45423             | success
90112             | 4.83           | 18.67606             | success
90112             | 4.96           | 18.15676             | success
90112             | 4.90           | 18.37520             | success
90112             | 4.83           | 18.67606             | success
90112             | 4.81           | 18.74990             | success
90112             | 4.85           | 18.59897             | success
90112             | 5.00           | 18.01519             | success
90112             | 4.92           | 18.31917             | success
90112             | 4.87           | 18.48831             | success
90112             | 4.88           | 18.45423             | success
90112             | 4.87           | 18.50729             | success
90112             | 5.01           | 17.98284             | success
90112             | 4.90           | 18.39771             | success
90112             | 4.86           | 18.55302             | success
90112             | 4.89           | 18.43912             | success
90112             | 4.88           | 18.47693             | success
90112             | 4.91           | 18.34528             | success
90112             | 4.96           | 18.16408             | success
90112             | 4.88           | 18.45423             | success
90112             | 4.87           | 18.51870             | success
90112             | 4.85           | 18.56448             | success
90112             | 4.93           | 18.27830             | success
90112             | 4.89           | 18.41651             | success
90112             | 4.87           | 18.49590             | success
90112             | 5.73           | 15.73734             | success
90112             | 4.79           | 18.83218             | success
90112             | 4.92           | 18.31545             | success
90112             | 4.94           | 18.25238             | success
90112             | 4.83           | 18.64515             | success
90112             | 4.82           | 18.68381             | success
90112             | 4.83           | 18.67606             | success
90112             | 5.00           | 18.01519             | success
90112             | 4.94           | 18.25238             | success
90112             | 4.86           | 18.54920             | success
90112             | 4.89           | 18.43535             | success
90112             | 4.80           | 18.79291             | success
90112             | 5.01           | 17.97925             | success
90112             | 4.89           | 18.44290             | success
90112             | 4.84           | 18.60665             | success
90112             | 4.86           | 18.55684             | success
90112             | 4.92           | 18.31545             | success
90112             | 5.01           | 17.96850             | success
90112             | 4.93           | 18.26348             | success
90112             | 4.85           | 18.57214             | success
90112             | 4.85           | 18.58363             | success
90112             | 4.88           | 18.48072             | success
90112             | 4.92           | 18.31173             | success
90112             | 4.99           | 18.06576             | success
90112             | 4.79           | 18.79683             | success
90112             | 4.86           | 18.55302             | success
90112             | 4.84           | 18.62973             | success
90112             | 4.94           | 18.23022             | success
90112             | 4.95           | 18.19342             | success
90112             | 4.86           | 18.53013             | success
90112             | 4.92           | 18.30057             | success
90112             | 4.86           | 18.53394             | success
90112             | 4.95           | 18.21180             | success
90112             | 4.86           | 18.54538             | success
90112             | 4.87           | 18.48831             | success
90112             | 4.89           | 18.43912             | success
90112             | 4.93           | 18.28200             | success
90112             | 4.94           | 18.25978             | success
90112             | 4.93           | 18.27830             | success
90112             | 5.74           | 15.70716             | success
90112             | 4.84           | 18.62973             | success
90112             | 4.86           | 18.54156             | success
90112             | 4.92           | 18.33035             | success
90112             | 4.94           | 18.23022             | success
90112             | 4.89           | 18.43535             | success
90112             | 4.83           | 18.67219             | success
90112             | 4.92           | 18.32662             | success
90112             | 4.92           | 18.29685             | success
90112             | 4.96           | 18.17141             | success
90112             | 4.88           | 18.45423             | success
90112             | 4.87           | 18.51870             | success
90112             | 4.86           | 18.55684             | success
90112             | 4.95           | 18.18607             | success
90112             | 4.91           | 18.36023             | success
90112             | 4.83           | 18.64901             | success
90112             | 4.88           | 18.45045             | success
90112             | 4.83           | 18.66833             | success
90112             | 4.89           | 18.43912             | success
90112             | 4.96           | 18.16042             | success
90112             | 4.90           | 18.38270             | success
90112             | 4.87           | 18.51490             | success
90112             | 4.88           | 18.46557             | success
90112             | 4.93           | 18.26348             | success
90112             | 4.88           | 18.46557             | success
90112             | 4.87           | 18.49969             | success
90112             | 4.85           | 18.59897             | success
90112             | 4.82           | 18.68768             | success
90112             | 4.94           | 18.22654             | success
90112             | 4.92           | 18.30800             | success
90112             | 4.80           | 18.79291             | success
90112             | 4.90           | 18.38645             | success
90112             | 4.87           | 18.50729             | success
90112             | 4.97           | 18.12754             | success
90112             | 4.98           | 18.08752             | success
90112             | 4.85           | 18.56831             | success
90112             | 4.81           | 18.74210             | success
90112             | 4.91           | 18.34901             | success
90112             | 5.72           | 15.75385             | success
90112             | 4.88           | 18.46179             | success
90112             | 4.83           | 18.65673             | success
90112             | 4.87           | 18.51490             | success
90112             | 4.80           | 18.77724             | success
90112             | 4.90           | 18.37146             | success
90112             | 4.91           | 18.33781             | success
90112             | 4.90           | 18.40523             | success
90112             | 4.89           | 18.42028             | success
90112             | 4.84           | 18.60281             | success
90112             | 4.99           | 18.04767             | success
90112             | 4.85           | 18.56831             | success
90112             | 4.80           | 18.76942             | success
90112             | 4.91           | 18.35275             | success
90112             | 4.88           | 18.46936             | success
90112             | 4.91           | 18.35649             | success
90112             | 4.94           | 18.24499             | success
90112             | 4.87           | 18.49969             | success
90112             | 4.86           | 18.54920             | success
90112             | 4.87           | 18.51870             | success
90112             | 4.91           | 18.34901             | success
90112             | 4.98           | 18.07663             | success
90112             | 4.80           | 18.76942             | success
90112             | 4.96           | 18.17141             | success
90112             | 4.84           | 18.60281             | success
90112             | 4.95           | 18.21917             | success
90112             | 4.92           | 18.32290             | success
90112             | 4.81           | 18.74600             | success
90112             | 4.85           | 18.57214             | success
90112             | 4.85           | 18.59513             | success
90112             | 4.98           | 18.09841             | success
90112             | 4.92           | 18.31173             | success
90112             | 4.90           | 18.39020             | success
90112             | 4.93           | 18.28943             | success
90112             | 4.89           | 18.43158             | success
90112             | 5.00           | 18.01519             | success
90112             | 4.95           | 18.18607             | success
90112             | 4.91           | 18.35275             | success
90112             | 4.83           | 18.64515             | success
90112             | 5.64           | 15.97447             | success
90112             | 4.95           | 18.22285             | success
90112             | 4.95           | 18.20077             | success
90112             | 4.88           | 18.48072             | success
90112             | 4.94           | 18.25978             | success
90112             | 4.86           | 18.55302             | success
90112             | 4.97           | 18.14214             | success
90112             | 4.95           | 18.22285             | success
90112             | 4.90           | 18.39771             | success
90112             | 4.88           | 18.45045             | success
90112             | 4.87           | 18.51490             | success
90112             | 4.90           | 18.40523             | success
90112             | 5.06           | 17.79463             | success
90112             | 4.85           | 18.56448             | success
90112             | 4.93           | 18.27088             | success
90112             | 4.86           | 18.55684             | success
90112             | 4.96           | 18.17141             | success
90112             | 4.93           | 18.28200             | success
90112             | 4.82           | 18.69156             | success
90112             | 4.82           | 18.70320             | success
90112             | 4.94           | 18.24129             | success
90112             | 4.95           | 18.18607             | success
90112             | 5.01           | 17.99361             | success
90112             | 4.85           | 18.56448             | success
90112             | 4.90           | 18.40899             | success
90112             | 4.88           | 18.46936             | success
90112             | 4.95           | 18.18607             | success
90112             | 4.86           | 18.55302             | success
90112             | 4.83           | 18.64515             | success
90112             | 4.92           | 18.33035             | success
90112             | 4.89           | 18.43912             | success
90112             | 4.92           | 18.30429             | success
90112             | 4.94           | 18.25238             | success
90112             | 4.88           | 18.46557             | success
90112             | 4.87           | 18.49590             | success
90112             | 4.84           | 18.60281             | success
90112             | 4.90           | 18.39771             | success
90112             | 4.96           | 18.15310             | success
90112             | 5.67           | 15.89557             | success
90112             | 4.93           | 18.28571             | success
90112             | 4.86           | 18.54538             | success
90112             | 5.02           | 17.95417             | success
90112             | 4.87           | 18.52251             | success
90112             | 4.89           | 18.43912             | success
90112             | 4.83           | 18.67606             | success
90112             | 4.83           | 18.66446             | success
90112             | 4.97           | 18.13484             | success
90112             | 4.96           | 18.15676             | success
90112             | 4.87           | 18.50729             | success
90112             | 4.89           | 18.42028             | success
90112             | 4.91           | 18.34528             | success
90112             | 5.00           | 18.01159             | success
90112             | 4.97           | 18.11661             | success
90112             | 4.86           | 18.52631             | success
90112             | 4.87           | 18.51109             | success
90112             | 4.91           | 18.33781             | success
90112             | 4.89           | 18.43535             | success
90112             | 4.98           | 18.09115             | success
90112             | 4.90           | 18.37146             | success
90112             | 4.88           | 18.47693             | success
90112             | 4.90           | 18.39396             | success
90112             | 4.94           | 18.23760             | success
90112             | 4.96           | 18.17874             | success
90112             | 4.92           | 18.33035             | success
90112             | 4.83           | 18.64515             | success
90112             | 4.91           | 18.35649             | success
90112             | 4.96           | 18.14945             | success
90112             | 4.89           | 18.42404             | success
90112             | 4.77           | 18.88744             | success
90112             | 4.83           | 18.66446             | success
90112             | 4.87           | 18.51109             | success
90112             | 4.89           | 18.42028             | success
90112             | 4.91           | 18.34154             | success
90112             | 4.83           | 18.63744             | success
90112             | 4.94           | 18.24129             | success
90112             | 4.85           | 18.57596             | success
90112             | 4.95           | 18.21180             | success
90112             | 4.92           | 18.30800             | success
90112             | 4.81           | 18.73041             | success
90112             | 4.88           | 18.47693             | success
90112             | 4.88           | 18.48451             | success
90112             | 4.89           | 18.42028             | success
90112             | 4.96           | 18.16042             | success
90112             | 4.87           | 18.49590             | success
90112             | 4.91           | 18.36023             | success
90112             | 4.91           | 18.33781             | success
90112             | 4.93           | 18.27459             | success
90112             | 4.91           | 18.36397             | success
90112             | 4.88           | 18.45801             | success
90112             | 4.85           | 18.59129             | success
90112             | 4.90           | 18.39771             | success
90112             | 4.89           | 18.41275             | success
90112             | 4.94           | 18.23391             | success
90112             | 4.92           | 18.32290             | success
90112             | 4.86           | 18.54538             | success
90112             | 4.89           | 18.42781             | success
90112             | 4.94           | 18.24129             | success
90112             | 4.82           | 18.71096             | success
90112             | 4.84           | 18.61049             | success
90112             | 4.83           | 18.66833             | success
90112             | 4.85           | 18.56066             | success
90112             | 5.00           | 18.02240             | success
90112             | 4.92           | 18.31173             | success
90112             | 4.83           | 18.66446             | success
90112             | 4.82           | 18.69156             | success
90112             | 4.87           | 18.49590             | success
90112             | 4.91           | 18.35275             | success
90112             | 4.91           | 18.35649             | success
90112             | 4.83           | 18.66446             | success
90112             | 4.90           | 18.40147             | success
90112             | 4.88           | 18.44667             | success
90112             | 4.90           | 18.37146             | success
90112             | 4.89           | 18.43158             | success
90112             | 4.92           | 18.32290             | success
90112             | 4.80           | 18.75770             | success
90112             | 5.71           | 15.77867             | success
90112             | 4.93           | 18.26718             | success
90112             | 4.86           | 18.53775             | success
90112             | 4.86           | 18.54920             | success
90112             | 4.89           | 18.44290             | success
90112             | 4.83           | 18.64515             | success
90112             | 4.97           | 18.12389             | success
90112             | 4.88           | 18.48072             | success
90112             | 4.90           | 18.40147             | success
90112             | 4.81           | 18.74210             | success
90112             | 4.94           | 18.24499             | success
90112             | 4.99           | 18.04405             | success
90112             | 4.88           | 18.44667             | success
90112             | 4.82           | 18.67993             | success
90112             | 4.87           | 18.50349             | success
90112             | 4.89           | 18.41651             | success
90112             | 4.94           | 18.24499             | success
90112             | 4.95           | 18.19342             | success
90112             | 4.94           | 18.24499             | success
90112             | 4.84           | 18.61818             | success
90112             | 4.89           | 18.42781             | success
90112             | 4.88           | 18.44667             | success
90112             | 4.96           | 18.17141             | success
90112             | 4.86           | 18.54920             | success
90112             | 4.81           | 18.73041             | success
90112             | 4.87           | 18.50349             | success
90112             | 4.96           | 18.16042             | success
90112             | 4.90           | 18.40899             | success
90112             | 4.85           | 18.56066             | success
90112             | 4.90           | 18.38645             | success
90112             | 4.88           | 18.45801             | success
90112             | 4.92           | 18.31173             | success
90112             | 4.94           | 18.24499             | success
90112             | 4.85           | 18.59129             | success
90112             | 4.85           | 18.56066             | success
90112             | 4.89           | 18.43912             | success
90112             | 4.98           | 18.09115             | success
90112             | 5.02           | 17.93631             | success
90112             | 4.83           | 18.65673             | success
90112             | 4.91           | 18.33781             | success
90112             | 4.92           | 18.31545             | success
90112             | 4.92           | 18.31545             | success
90112             | 4.96           | 18.16042             | success
90112             | 4.79           | 18.80860             | success
90112             | 4.87           | 18.50729             | success
90112             | 4.84           | 18.61049             | success
90112             | 4.92           | 18.31545             | success
90112             | 4.94           | 18.25978             | success
90112             | 4.86           | 18.54156             | success
90112             | 4.83           | 18.63744             | success
90112             | 4.85           | 18.59513             | success
90112             | 4.91           | 18.34154             | success
90112             | 5.00           | 18.03322             | success
90112             | 4.79           | 18.81645             | success
90112             | 4.82           | 18.71096             | success
90112             | 4.88           | 18.48451             | success
90112             | 4.95           | 18.20812             | success
90112             | 4.95           | 18.18975             | success
90112             | 4.81           | 18.75380             | success
90112             | 4.90           | 18.37520             | success
90112             | 4.90           | 18.40147             | success
90112             | 4.91           | 18.36771             | success
90112             | 4.86           | 18.53013             | success
90112             | 4.88           | 18.47314             | success
90112             | 4.89           | 18.42781             | success
90112             | 4.86           | 18.55684             | success
90112             | 4.90           | 18.38270             | success
90112             | 4.93           | 18.27459             | success
90112             | 4.83           | 18.67606             | success
90112             | 4.84           | 18.61818             | success
90112             | 4.91           | 18.34528             | success
90112             | 4.97           | 18.13484             | success
90112             | 4.91           | 18.34154             | success
90112             | 4.93           | 18.28571             | success
90112             | 4.82           | 18.71096             | success
90112             | 4.89           | 18.42404             | success
90112             | 4.99           | 18.06214             | success
90112             | 5.64           | 15.98014             | success
90112             | 4.88           | 18.48451             | success
90112             | 4.90           | 18.37146             | success
90112             | 4.79           | 18.82825             | success
90112             | 4.87           | 18.50349             | success
90112             | 4.95           | 18.20812             | success
90112             | 4.79           | 18.80075             | success
90112             | 4.88           | 18.45045             | success
90112             | 4.86           | 18.55302             | success
90112             | 4.88           | 18.48072             | success
90112             | 4.88           | 18.48451             | success
90112             | 4.85           | 18.59513             | success
90112             | 4.84           | 18.60665             | success
90112             | 4.88           | 18.47314             | success
90112             | 4.95           | 18.20444             | success
90112             | 4.95           | 18.22285             | success
90112             | 4.84           | 18.60665             | success
90112             | 4.84           | 18.62588             | success
90112             | 4.92           | 18.32662             | success
90112             | 4.94           | 18.23391             | success
90112             | 4.83           | 18.65287             | success
90112             | 4.87           | 18.51870             | success
90112             | 4.87           | 18.51490             | success
90112             | 4.87           | 18.49590             | success
90112             | 4.94           | 18.24868             | success
90112             | 4.94           | 18.25978             | success
90112             | 4.88           | 18.46557             | success
90112             | 4.90           | 18.40523             | success
90112             | 4.82           | 18.68768             | success
90112             | 5.00           | 18.04044             | success
90112             | 5.00           | 18.03322             | success
90112             | 4.93           | 18.28200             | success
90112             | 4.86           | 18.54920             | success
90112             | 4.86           | 18.53394             | success
90112             | 4.92           | 18.30429             | success
90112             | 4.99           | 18.04767             | success
90112             | 4.86           | 18.55684             | success
90112             | 4.89           | 18.41275             | success
90112             | 4.84           | 18.62588             | success
90112             | 4.86           | 18.53013             | success
90112             | 4.91           | 18.33781             | success
90112             | 4.84           | 18.62588             | success
90112             | 4.95           | 18.21917             | success
90112             | 4.85           | 18.57979             | success
90112             | 4.91           | 18.34528             | success
90112             | 4.87           | 18.51109             | success
90112             | 4.86           | 18.53013             | success
90112             | 4.85           | 18.58363             | success
90112             | 4.90           | 18.39396             | success
90112             | 5.00           | 18.04044             | success
90112             | 4.94           | 18.23391             | success
90112             | 4.92           | 18.32662             | success
90112             | 4.85           | 18.59513             | success
90112             | 4.88           | 18.45801             | success
90112             | 4.91           | 18.33781             | success
90112             | 4.92           | 18.33408             | success
90112             | 4.86           | 18.54156             | success
90112             | 4.84           | 18.60665             | success
90112             | 4.82           | 18.69156             | success
90112             | 4.92           | 18.31545             | success
90112             | 4.88           | 18.45045             | success
90112             | 4.89           | 18.43158             | success
90112             | 4.86           | 18.53013             | success
90112             | 4.87           | 18.51870             | success
90112             | 4.95           | 18.20444             | success
90112             | 4.93           | 18.27459             | success
90112             | 4.85           | 18.56066             | success
90112             | 4.85           | 18.57979             | success
90112             | 4.85           | 18.59897             | success
90112             | 4.96           | 18.16042             | success
90112             | 4.89           | 18.42404             | success
90112             | 4.85           | 18.56448             | success
90112             | 4.82           | 18.70320             | success
90112             | 4.83           | 18.66833             | success
90112             | 4.96           | 18.15310             | success
90112             | 4.90           | 18.40147             | success
90112             | 4.92           | 18.30057             | success
90112             | 5.67           | 15.87877             | success
90112             | 4.92           | 18.29685             | success
90112             | 4.97           | 18.13849             | success
90112             | 5.04           | 17.89001             | success
90112             | 4.91           | 18.33781             | success
90112             | 4.90           | 18.39020             | success
90112             | 4.92           | 18.33035             | success
90112             | 4.99           | 18.05490             | success
90112             | 4.92           | 18.32290             | success
90112             | 4.87           | 18.52251             | success
90112             | 4.93           | 18.27830             | success
90112             | 4.86           | 18.54156             | success
90112             | 4.94           | 18.23391             | success
90112             | 4.92           | 18.31173             | success
90112             | 4.85           | 18.58363             | success
90112             | 4.89           | 18.42781             | success
90112             | 4.86           | 18.54920             | success
90112             | 4.90           | 18.39020             | success
90112             | 4.98           | 18.08752             | success
90112             | 4.84           | 18.62588             | success
90112             | 4.86           | 18.53775             | success
90112             | 4.87           | 18.49969             | success
90112             | 4.94           | 18.23760             | success
90112             | 4.94           | 18.24129             | success
90112             | 4.83           | 18.66446             | success
90112             | 4.88           | 18.47314             | success
90112             | 4.86           | 18.53013             | success
90112             | 4.95           | 18.19342             | success
90112             | 4.92           | 18.30800             | success
90112             | 4.85           | 18.58746             | success
90112             | 4.86           | 18.54538             | success
90112             | 4.87           | 18.49210             | success
90112             | 4.95           | 18.21917             | success
90112             | 4.94           | 18.25608             | success
90112             | 4.87           | 18.52251             | success
90112             | 4.84           | 18.62588             | success
90112             | 4.90           | 18.40147             | success
90112             | 4.97           | 18.14214             | success
90112             | 5.77           | 15.63088             | success
90112             | 4.90           | 18.40899             | success
90112             | 4.88           | 18.48072             | success
90112             | 4.87           | 18.51490             | success
90112             | 4.89           | 18.42781             | success
90112             | 4.95           | 18.19709             | success
90112             | 4.85           | 18.57979             | success
90112             | 4.81           | 18.72263             | success
90112             | 4.84           | 18.62203             | success
90112             | 5.01           | 17.99002             | success
90112             | 4.96           | 18.17141             | success
90112             | 4.86           | 18.53394             | success
90112             | 4.79           | 18.80860             | success
90112             | 4.87           | 18.50349             | success
90112             | 4.90           | 18.40147             | success
90112             | 4.92           | 18.30800             | success
90112             | 4.90           | 18.37520             | success
90112             | 4.84           | 18.62588             | success
90112             | 4.94           | 18.25978             | success
90112             | 4.93           | 18.26718             | success
90112             | 4.98           | 18.10933             | success
90112             | 4.96           | 18.16774             | success
90112             | 4.83           | 18.64129             | success
90112             | 4.83           | 18.64901             | success
90112             | 4.92           | 18.31917             | success
90112             | 4.88           | 18.46557             | success
90112             | 4.84           | 18.61049             | success
90112             | 4.88           | 18.46936             | success
90112             | 4.85           | 18.56448             | success
90112             | 4.90           | 18.38270             | success
90112             | 4.91           | 18.36771             | success
90112             | 4.92           | 18.33408             | success
90112             | 4.89           | 18.41275             | success
90112             | 4.84           | 18.61434             | success
90112             | 4.96           | 18.18241             | success
90112             | 4.99           | 18.04405             | success
90112             | 4.88           | 18.47314             | success
90112             | 4.86           | 18.54920             | success
90112             | 4.86           | 18.53013             | success
90112             | 5.73           | 15.72087             | success
90112             | 4.88           | 18.45045             | success
90112             | 4.86           | 18.53775             | success
90112             | 4.84           | 18.60281             | success
90112             | 4.86           | 18.53013             | success
90112             | 5.01           | 17.99720             | success
90112             | 4.89           | 18.42781             | success
90112             | 4.87           | 18.49969             | success
90112             | 4.83           | 18.65287             | success
90112             | 4.88           | 18.45423             | success
90112             | 4.91           | 18.36771             | success
90112             | 4.93           | 18.29314             | success
90112             | 4.89           | 18.43535             | success
90112             | 4.85           | 18.58363             | success
90112             | 4.90           | 18.38645             | success
90112             | 4.99           | 18.06576             | success
90112             | 4.87           | 18.50729             | success
90112             | 4.85           | 18.56448             | success
90112             | 4.84           | 18.62588             | success
90112             | 4.91           | 18.35275             | success
90112             | 4.98           | 18.09841             | success
90112             | 4.92           | 18.31917             | success
90112             | 4.84           | 18.62973             | success
90112             | 4.85           | 18.58363             | success
90112             | 4.94           | 18.24129             | success
90112             | 4.95           | 18.22285             | success
90112             | 4.95           | 18.19342             | success
90112             | 4.84           | 18.60665             | success
90112             | 4.81           | 18.75380             | success
90112             | 4.86           | 18.54920             | success
90112             | 4.85           | 18.57214             | success
90112             | 4.92           | 18.32662             | success
90112             | 4.86           | 18.54538             | success
90112             | 4.83           | 18.66059             | success
90112             | 4.92           | 18.31545             | success
90112             | 4.98           | 18.10205             | success
90112             | 4.96           | 18.16042             | success
90112             | 4.85           | 18.58363             | success
90112             | 5.63           | 16.01137             | success
90112             | 4.90           | 18.40523             | success
90112             | 4.90           | 18.40147             | success
90112             | 4.98           | 18.10569             | success
90112             | 4.87           | 18.51490             | success
90112             | 4.85           | 18.57596             | success
90112             | 4.85           | 18.58746             | success
90112             | 4.90           | 18.37895             | success
90112             | 4.86           | 18.55302             | success
90112             | 4.91           | 18.34154             | success
90112             | 4.88           | 18.46936             | success
90112             | 4.86           | 18.53394             | success
90112             | 4.88           | 18.46179             | success
90112             | 4.96           | 18.17507             | success
90112             | 4.79           | 18.80468             | success
90112             | 4.90           | 18.37146             | success
90112             | 4.88           | 18.48451             | success
90112             | 4.96           | 18.15676             | success
90112             | 4.92           | 18.31173             | success
90112             | 4.90           | 18.39396             | success
90112             | 4.85           | 18.58746             | success
90112             | 4.87           | 18.51109             | success
90112             | 4.94           | 18.25238             | success
90112             | 4.94           | 18.24868             | success
90112             | 4.98           | 18.09478             | success
90112             | 4.84           | 18.60665             | success
90112             | 4.89           | 18.43535             | success
90112             | 4.94           | 18.22654             | success
90112             | 4.89           | 18.42404             | success
90112             | 4.83           | 18.66059             | success
90112             | 4.83           | 18.66059             | success
90112             | 4.86           | 18.55302             | success
90112             | 4.97           | 18.12754             | success
90112             | 4.94           | 18.23391             | success
90112             | 4.86           | 18.55684             | success
90112             | 4.84           | 18.63358             | success
90112             | 4.87           | 18.49210             | success
90112             | 4.90           | 18.40147             | success
90112             | 4.94           | 18.25608             | success
90112             | 5.67           | 15.89838             | success
90112             | 4.88           | 18.45801             | success
90112             | 4.82           | 18.69931             | success
90112             | 4.91           | 18.34154             | success
90112             | 4.97           | 18.12754             | success
90112             | 4.83           | 18.64129             | success
90112             | 4.84           | 18.62203             | success
90112             | 4.85           | 18.56066             | success
90112             | 4.90           | 18.40899             | success
90112             | 5.00           | 18.03683             | success
90112             | 4.87           | 18.51490             | success
90112             | 4.87           | 18.49590             | success
90112             | 4.91           | 18.34528             | success
90112             | 4.93           | 18.27088             | success
90112             | 4.88           | 18.45801             | success
90112             | 4.91           | 18.36023             | success
90112             | 4.86           | 18.53775             | success
90112             | 4.92           | 18.32662             | success
90112             | 5.00           | 18.00799             | success
90112             | 4.89           | 18.43912             | success
90112             | 4.88           | 18.46179             | success
90112             | 4.87           | 18.48831             | success
90112             | 4.85           | 18.56066             | success
90112             | 4.90           | 18.38270             | success
90112             | 4.97           | 18.13849             | success
90112             | 4.88           | 18.46179             | success
90112             | 4.84           | 18.61049             | success
90112             | 4.90           | 18.39020             | success
90112             | 4.95           | 18.18607             | success
90112             | 4.89           | 18.42404             | success
90112             | 4.88           | 18.46557             | success
90112             | 4.88           | 18.46936             | success
90112             | 4.86           | 18.52631             | success
90112             | 4.86           | 18.53394             | success
90112             | 4.86           | 18.54156             | success
90112             | 4.90           | 18.39020             | success
90112             | 4.87           | 18.50729             | success
90112             | 4.90           | 18.38270             | success
90112             | 5.75           | 15.66348             | success
90112             | 4.96           | 18.16408             | success
90112             | 4.84           | 18.63358             | success
90112             | 4.95           | 18.19709             | success
90112             | 4.85           | 18.58363             | success
90112             | 4.90           | 18.37146             | success
90112             | 4.98           | 18.10205             | success
90112             | 4.87           | 18.51109             | success
90112             | 4.88           | 18.47314             | success
90112             | 4.91           | 18.33781             | success
90112             | 4.93           | 18.27088             | success
90112             | 4.93           | 18.27830             | success
90112             | 4.83           | 18.66446             | success
90112             | 4.92           | 18.31545             | success
90112             | 4.88           | 18.45423             | success
90112             | 4.90           | 18.38270             | success
90112             | 4.84           | 18.62203             | success
90112             | 4.89           | 18.42404             | success
90112             | 4.95           | 18.18975             | success
90112             | 4.90           | 18.37146             | success
90112             | 4.98           | 18.09115             | success
90112             | 4.90           | 18.40899             | success
90112             | 4.87           | 18.49969             | success
90112             | 4.78           | 18.84400             | success
90112             | 4.90           | 18.40523             | success
90112             | 4.90           | 18.39396             | success
90112             | 4.90           | 18.39020             | success
90112             | 4.84           | 18.61434             | success
90112             | 4.84           | 18.61818             | success
90112             | 4.89           | 18.42404             | success
90112             | 4.91           | 18.34901             | success
90112             | 4.90           | 18.38645             | success
90112             | 4.84           | 18.62203             | success
90112             | 4.90           | 18.37520             | success
90112             | 4.88           | 18.45423             | success
90112             | 4.90           | 18.37520             | success
90112             | 4.85           | 18.56066             | success
90112             | 4.87           | 18.51109             | success
90112             | 4.88           | 18.48451             | success
90112             | 5.66           | 15.91804             | success
90112             | 4.99           | 18.05490             | success
90112             | 4.89           | 18.42028             | success
90112             | 4.87           | 18.49590             | success
90112             | 4.85           | 18.56831             | success
90112             | 4.85           | 18.57214             | success
90112             | 4.96           | 18.15310             | success
90112             | 4.96           | 18.17507             | success
90112             | 4.85           | 18.56448             | success
90112             | 4.87           | 18.51490             | success
90112             | 4.82           | 18.69156             | success
90112             | 4.94           | 18.25238             | success
90112             | 4.93           | 18.28571             | success
90112             | 4.83           | 18.67219             | success
90112             | 4.83           | 18.67606             | success
90112             | 4.87           | 18.49590             | success
90112             | 4.95           | 18.20444             | success
90112             | 4.93           | 18.28200             | success
90112             | 4.86           | 18.54920             | success
90112             | 4.83           | 18.66446             | success
90112             | 4.90           | 18.38270             | success
90112             | 4.97           | 18.13849             | success
90112             | 4.93           | 18.28943             | success
90112             | 4.84           | 18.61434             | success
90112             | 4.84           | 18.63358             | success
90112             | 4.88           | 18.45045             | success
90112             | 4.94           | 18.23760             | success
90112             | 4.93           | 18.26718             | success
90112             | 4.82           | 18.68768             | success
90112             | 4.84           | 18.63358             | success
90112             | 4.87           | 18.51490             | success
90112             | 5.03           | 17.92204             | success
90112             | 4.84           | 18.61434             | success
90112             | 4.81           | 18.73820             | success
90112             | 4.85           | 18.59513             | success
90112             | 4.85           | 18.56448             | success
90112             | 4.92           | 18.31173             | success
90112             | 4.97           | 18.12389             | success
90112             | 5.59           | 16.11445             | success
90112             | 4.90           | 18.40147             | success
90112             | 4.86           | 18.54156             | success
90112             | 4.89           | 18.41275             | success
90112             | 4.98           | 18.08752             | success
90112             | 4.89           | 18.42781             | success
90112             | 4.87           | 18.49590             | success
90112             | 4.85           | 18.57214             | success
90112             | 4.89           | 18.43535             | success
90112             | 4.98           | 18.09478             | success
90112             | 4.82           | 18.67993             | success
90112             | 4.90           | 18.39771             | success
90112             | 4.89           | 18.42028             | success
90112             | 4.96           | 18.15310             | success
90112             | 4.98           | 18.08388             | success
90112             | 4.78           | 18.85188             | success
90112             | 4.81           | 18.73041             | success
90112             | 4.89           | 18.44290             | success
90112             | 4.91           | 18.34901             | success
90112             | 4.95           | 18.20444             | success
90112             | 4.87           | 18.51109             | success
90112             | 4.89           | 18.44290             | success
90112             | 4.85           | 18.59129             | success
90112             | 5.00           | 18.01519             | success
90112             | 4.99           | 18.05490             | success
90112             | 4.82           | 18.67993             | success
90112             | 4.86           | 18.54156             | success
90112             | 4.90           | 18.40899             | success
90112             | 4.91           | 18.36023             | success
90112             | 4.88           | 18.46936             | success
90112             | 4.80           | 18.76551             | success
90112             | 4.86           | 18.53394             | success
90112             | 4.85           | 18.57214             | success
90112             | 4.96           | 18.15310             | success
90112             | 4.94           | 18.23391             | success
90112             | 4.91           | 18.36023             | success
90112             | 4.82           | 18.68381             | success
90112             | 4.87           | 18.49590             | success
90112             | 4.99           | 18.06214             | success
90112             | 4.95           | 18.19342             | success
90112             | 4.85           | 18.56066             | success
90112             | 4.87           | 18.49210             | success
90112             | 4.82           | 18.69931             | success
90112             | 4.92           | 18.33035             | success
90112             | 4.96           | 18.16042             | success
90112             | 4.89           | 18.42404             | success
90112             | 4.91           | 18.36397             | success
90112             | 4.90           | 18.40523             | success
90112             | 4.96           | 18.16042             | success
90112             | 4.94           | 18.25238             | success
90112             | 4.82           | 18.68768             | success
90112             | 4.84           | 18.62588             | success
90112             | 4.92           | 18.30429             | success
90112             | 5.00           | 18.03322             | success
90112             | 4.88           | 18.44667             | success
90112             | 4.84           | 18.62203             | success
90112             | 4.89           | 18.41651             | success
90112             | 4.87           | 18.48831             | success
90112             | 4.92           | 18.31917             | success
90112             | 4.94           | 18.23760             | success
90112             | 4.83           | 18.67606             | success
90112             | 4.86           | 18.54920             | success
90112             | 4.87           | 18.48831             | success
90112             | 4.95           | 18.21917             | success
90112             | 4.95           | 18.21917             | success
90112             | 4.86           | 18.54920             | success
90112             | 4.81           | 18.73430             | success
90112             | 4.94           | 18.25978             | success
90112             | 4.96           | 18.16408             | success
90112             | 4.92           | 18.31173             | success
90112             | 4.85           | 18.56831             | success
90112             | 4.92           | 18.31173             | success
90112             | 4.88           | 18.44667             | success
90112             | 4.94           | 18.24868             | success
90112             | 4.93           | 18.28943             | success
90112             | 4.86           | 18.53013             | success
90112             | 4.87           | 18.51490             | success
90112             | 5.65           | 15.94338             | success
90112             | 4.92           | 18.31917             | success
90112             | 4.87           | 18.52251             | success
90112             | 4.86           | 18.54538             | success
90112             | 4.92           | 18.33035             | success
90112             | 4.87           | 18.48831             | success
90112             | 4.96           | 18.14945             | success
90112             | 4.94           | 18.24129             | success
90112             | 4.87           | 18.49210             | success
90112             | 4.81           | 18.74990             | success
90112             | 4.92           | 18.32662             | success
90112             | 4.96           | 18.15676             | success
90112             | 5.01           | 17.97208             | success
90112             | 4.86           | 18.55302             | success
90112             | 4.92           | 18.31545             | success
90112             | 4.91           | 18.35649             | success
90112             | 4.99           | 18.05128             | success
90112             | 4.98           | 18.09115             | success
90112             | 4.88           | 18.44667             | success
90112             | 4.85           | 18.57214             | success
90112             | 4.84           | 18.60665             | success
90112             | 4.95           | 18.21180             | success
90112             | 4.89           | 18.43158             | success
90112             | 4.83           | 18.64129             | success
90112             | 4.89           | 18.44290             | success
90112             | 4.88           | 18.45423             | success
90112             | 4.96           | 18.16042             | success
90112             | 4.97           | 18.13119             | success
90112             | 4.89           | 18.44290             | success
90112             | 4.84           | 18.62588             | success
90112             | 4.90           | 18.37520             | success
90112             | 4.97           | 18.11661             | success
90112             | 5.02           | 17.96491             | success
90112             | 4.89           | 18.43158             | success
90112             | 4.91           | 18.33781             | success
90112             | 4.85           | 18.57979             | success
90112             | 4.93           | 18.29314             | success
90112             | 4.89           | 18.42781             | success
90112             | 4.87           | 18.48831             | success
90112             | 4.90           | 18.39020             | success
90112             | 4.85           | 18.56831             | success
90112             | 4.91           | 18.36771             | success
90112             | 4.91           | 18.36397             | success
90112             | 4.83           | 18.65287             | success
90112             | 4.88           | 18.48072             | success
90112             | 4.84           | 18.60665             | success
90112             | 5.02           | 17.94702             | success
90112             | 4.98           | 18.09115             | success
90112             | 4.85           | 18.57596             | success
90112             | 4.80           | 18.77333             | success
90112             | 4.86           | 18.53775             | success
90112             | 4.97           | 18.14579             | success
90112             | 4.93           | 18.28200             | success
90112             | 4.83           | 18.64129             | success
90112             | 4.85           | 18.57596             | success
90112             | 4.85           | 18.59897             | success
90112             | 4.90           | 18.37895             | success
90112             | 4.97           | 18.13484             | success
90112             | 4.84           | 18.61434             | success
90112             | 4.86           | 18.55684             | success
90112             | 4.83           | 18.64129             | success
90112             | 4.91           | 18.34901             | success
90112             | 4.93           | 18.26348             | success
90112             | 4.88           | 18.46179             | success
90112             | 4.87           | 18.49210             | success
90112             | 4.88           | 18.46179             | success
90112             | 4.94           | 18.23022             | success
90112             | 4.91           | 18.34901             | success
90112             | 4.85           | 18.57979             | success
90112             | 4.92           | 18.32290             | success
90112             | 4.88           | 18.48451             | success
90112             | 4.96           | 18.16042             | success
90112             | 4.89           | 18.43912             | success
90112             | 4.92           | 18.31173             | success
90112             | 4.84           | 18.63358             | success
90112             | 4.88           | 18.47693             | success
90112             | 4.92           | 18.31173             | success
90112             | 5.71           | 15.78420             | success
90112             | 4.85           | 18.56448             | success
90112             | 4.80           | 18.79291             | success
90112             | 4.82           | 18.69931             | success
90112             | 4.87           | 18.51870             | success
90112             | 4.92           | 18.31173             | success
90112             | 4.86           | 18.55302             | success
90112             | 4.84           | 18.63358             | success
90112             | 4.89           | 18.43158             | success
90112             | 4.99           | 18.06938             | success
90112             | 4.93           | 18.28943             | success
90112             | 4.86           | 18.54920             | success
90112             | 4.90           | 18.38645             | success
90112             | 4.81           | 18.72263             | success
90112             | 4.98           | 18.10933             | success
90112             | 4.91           | 18.36023             | success
90112             | 4.86           | 18.55302             | success
90112             | 4.85           | 18.58363             | success
90112             | 4.90           | 18.38270             | success
90112             | 4.91           | 18.34528             | success
90112             | 4.88           | 18.47314             | success
90112             | 4.84           | 18.62588             | success
90112             | 4.85           | 18.56831             | success
90112             | 4.89           | 18.41651             | success
90112             | 4.91           | 18.33781             | success
90112             | 5.00           | 18.04044             | success
90112             | 4.83           | 18.67219             | success
90112             | 4.85           | 18.59897             | success
90112             | 4.85           | 18.57214             | success
90112             | 4.96           | 18.15310             | success
90112             | 4.94           | 18.23022             | success
90112             | 4.86           | 18.52631             | success
90112             | 4.88           | 18.48072             | success
90112             | 4.83           | 18.65673             | success
90112             | 4.94           | 18.25608             | success
90112             | 4.91           | 18.34901             | success
90112             | 4.87           | 18.49969             | success
90112             | 4.85           | 18.58746             | success
90112             | 4.91           | 18.35649             | success
90112             | 4.96           | 18.16042             | success
90112             | 4.97           | 18.12754             | success
90112             | 4.84           | 18.60665             | success
90112             | 4.92           | 18.33035             | success
90112             | 4.85           | 18.56831             | success
90112             | 4.93           | 18.27088             | success
90112             | 4.98           | 18.08752             | success
90112             | 4.79           | 18.82432             | success
90112             | 4.90           | 18.40523             | success
90112             | 4.84           | 18.62588             | success
90112             | 4.90           | 18.37146             | success
90112             | 4.97           | 18.11661             | success
90112             | 4.84           | 18.61434             | success
90112             | 4.86           | 18.52631             | success
90112             | 4.86           | 18.53775             | success
90112             | 4.97           | 18.13484             | success
90112             | 4.84           | 18.62588             | success
90112             | 4.86           | 18.55302             | success
90112             | 4.83           | 18.64515             | success
90112             | 4.87           | 18.49969             | success
90112             | 4.98           | 18.10933             | success
90112             | 4.91           | 18.35649             | success
90112             | 4.86           | 18.53775             | success
90112             | 4.90           | 18.38270             | success
90112             | 4.90           | 18.40523             | success
90112             | 4.93           | 18.27088             | success
90112             | 4.98           | 18.08752             | success
90112             | 4.87           | 18.51870             | success
90112             | 4.87           | 18.51109             | success
90112             | 4.85           | 18.59129             | success
90112             | 4.92           | 18.32662             | success
90112             | 4.91           | 18.34901             | success
90112             | 4.83           | 18.67606             | success
90112             | 4.88           | 18.45423             | success
90112             | 4.85           | 18.57214             | success
90112             | 4.93           | 18.28200             | success
90112             | 5.00           | 18.04044             | success
90112             | 4.85           | 18.56448             | success
90112             | 5.64           | 15.97164             | success
90112             | 4.87           | 18.50349             | success
90112             | 4.88           | 18.45045             | success
90112             | 4.92           | 18.33408             | success
90112             | 4.91           | 18.34154             | success
90112             | 4.87           | 18.49210             | success
90112             | 4.91           | 18.35649             | success
90112             | 4.97           | 18.13119             | success
90112             | 4.95           | 18.21548             | success
90112             | 4.83           | 18.67219             | success
90112             | 4.94           | 18.25978             | success
90112             | 4.86           | 18.55302             | success
90112             | 4.97           | 18.13119             | success
90112             | 4.93           | 18.27088             | success
90112             | 4.85           | 18.57596             | success
90112             | 4.85           | 18.59897             | success
90112             | 4.85           | 18.59897             | success
90112             | 4.90           | 18.39020             | success
90112             | 4.95           | 18.21917             | success
90112             | 4.88           | 18.48072             | success
90112             | 4.84           | 18.60281             | success
90112             | 4.87           | 18.51109             | success
90112             | 4.94           | 18.22654             | success
90112             | 4.86           | 18.54538             | success
90112             | 4.86           | 18.55302             | success
90112             | 4.85           | 18.57979             | success
90112             | 4.85           | 18.57214             | success
90112             | 4.92           | 18.31917             | success
90112             | 4.99           | 18.04405             | success
90112             | 4.90           | 18.39020             | success
90112             | 4.90           | 18.39020             | success
90112             | 4.88           | 18.48451             | success
90112             | 4.89           | 18.41275             | success
90112             | 4.93           | 18.27459             | success
90112             | 4.89           | 18.43912             | success
90112             | 4.88           | 18.45045             | success
90112             | 4.86           | 18.55302             | success
90112             | 4.92           | 18.31545             | success
90112             | 5.69           | 15.83969             | success
90112             | 4.79           | 18.82825             | success
90112             | 4.90           | 18.40523             | success
90112             | 4.87           | 18.50349             | success
90112             | 5.00           | 18.04044             | success
90112             | 5.01           | 17.97925             | success
90112             | 4.88           | 18.45423             | success
90112             | 4.86           | 18.54156             | success
90112             | 4.90           | 18.39771             | success
90112             | 4.93           | 18.26718             | success
90112             | 4.92           | 18.30429             | success
90112             | 4.92           | 18.33035             | success
90112             | 4.87           | 18.51109             | success
90112             | 4.90           | 18.40147             | success
90112             | 4.93           | 18.29314             | success
90112             | 4.93           | 18.29314             | success
90112             | 4.90           | 18.37895             | success
90112             | 4.87           | 18.51490             | success
90112             | 4.89           | 18.43535             | success
90112             | 4.95           | 18.18975             | success
90112             | 4.93           | 18.26348             | success
90112             | 4.87           | 18.51490             | success
90112             | 4.87           | 18.48831             | success
90112             | 4.88           | 18.46936             | success
90112             | 4.96           | 18.16774             | success
90112             | 4.88           | 18.45045             | success
90112             | 4.90           | 18.40147             | success
90112             | 4.89           | 18.41275             | success
90112             | 4.88           | 18.45423             | success
90112             | 4.87           | 18.49210             | success
90112             | 4.87           | 18.51490             | success
90112             | 4.87           | 18.51870             | success
90112             | 4.85           | 18.59897             | success
90112             | 4.85           | 18.59897             | success
90112             | 4.97           | 18.11296             | success
90112             | 4.89           | 18.44290             | success
90112             | 4.87           | 18.48831             | success
90112             | 4.91           | 18.36771             | success
90112             | 4.87           | 18.51109             | success
90112             | 5.73           | 15.72635             | success
90112             | 4.96           | 18.16042             | success
90112             | 4.98           | 18.10569             | success
90112             | 4.95           | 18.19709             | success
90112             | 4.84           | 18.63358             | success
90112             | 4.99           | 18.04767             | success
90112             | 4.90           | 18.38270             | success
90112             | 4.80           | 18.76942             | success
90112             | 4.86           | 18.53775             | success
90112             | 4.85           | 18.56831             | success
90112             | 5.02           | 17.93631             | success
90112             | 4.88           | 18.45801             | success
90112             | 4.86           | 18.55684             | success
90112             | 4.84           | 18.60665             | success
90112             | 4.91           | 18.36771             | success
90112             | 4.87           | 18.49969             | success
90112             | 4.87           | 18.49969             | success
90112             | 4.81           | 18.72652             | success
90112             | 4.90           | 18.38270             | success
90112             | 4.83           | 18.63744             | success
90112             | 4.96           | 18.16042             | success
90112             | 4.93           | 18.27459             | success
90112             | 4.81           | 18.72263             | success
90112             | 4.90           | 18.37520             | success
90112             | 4.82           | 18.69544             | success
90112             | 4.96           | 18.16408             | success
90112             | 5.00           | 18.02240             | success
90112             | 4.87           | 18.50729             | success
90112             | 4.84           | 18.61818             | success
90112             | 4.90           | 18.39396             | success
90112             | 4.88           | 18.46936             | success
90112             | 4.88           | 18.46179             | success
90112             | 4.89           | 18.44290             | success
90112             | 4.90           | 18.40899             | success
90112             | 4.90           | 18.38270             | success
90112             | 4.94           | 18.22654             | success
