{
  "scope": "instrumented_bound_diagnostic_not_formal_tps; c12 release interval and eligible set only, no unique permit parent",
  "phase": "measured",
  "n": 48,
  "success": 48,
  "fail": 0,
  "concurrency": 12,
  "max_tokens": 1024,
  "wall_start_monotonic_ns": 4301009792313205,
  "wall_end_monotonic_ns": 4301093024057802,
  "clock": {
    "begin": {
      "wall_time_ns": 1790647532130853627,
      "monotonic_ns": 4301009792156107
    },
    "end": {
      "wall_time_ns": 1790647615363912597,
      "monotonic_ns": 4301093025210797
    },
    "monotonic_info": "namespace(implementation='clock_gettime(CLOCK_MONOTONIC)', monotonic=True, adjustable=False, resolution=1e-09)",
    "perf_counter_info": "namespace(implementation='clock_gettime(CLOCK_MONOTONIC)', monotonic=True, adjustable=False, resolution=1e-09)",
    "kernel_boot_id": "6e5ca76b-a856-4531-8ab3-8d6c3ea9c8d4",
    "time_namespace": "time:[4026531834]",
    "timens_offsets": "monotonic           0         0\nboottime            0         0\n",
    "pid": 231434
  },
  "duration_s": 83.23174115736037,
  "output_tps_diagnostic_only": 590.5439357212507,
  "ttft_ms_mean": 2211.979639037357,
  "tpot_ms_mean": 18.164414831931204
}
