{
  "run": "run145",
  "source": "Run107 15 valid target windows, 2 cycles, 260 ordered HCCL kernels per rank-cycle",
  "per_rank_comm_duration_ms": {
    "median": 11.281288500000002,
    "min": 4.816313500000002,
    "max": 25.654470000000003
  },
  "per_rank_gmm_duration_ms": {
    "median": 9.965777499999998,
    "min": 9.6773505,
    "max": 10.190261499999995
  },
  "first_reduce_scatter_ms": {
    "median": 6.2225445,
    "min": 0.034501,
    "max": 20.569151
  },
  "remaining_comm_ms": {
    "median": 5.205028499999999,
    "min": 4.781793000000001,
    "max": 5.692358000000006
  },
  "by_kind": {
    "hcom_allGather_": {
      "duration_ms": {
        "median": 1.6553114999999996,
        "min": 1.5160110000000004,
        "max": 1.9371170000000002
      },
      "count": {
        "median": 130,
        "min": 130,
        "max": 130
      }
    },
    "hcom_reduceScatter_": {
      "duration_ms": {
        "median": 8.770578500000006,
        "min": 2.4554080000000007,
        "max": 23.091218000000012
      },
      "count": {
        "median": 87,
        "min": 87,
        "max": 87
      }
    },
    "hcom_alltoall_": {
      "duration_ms": {
        "median": 0.8851160000000001,
        "min": 0.789914,
        "max": 1.1761010000000003
      },
      "count": {
        "median": 43,
        "min": 43,
        "max": 43
      }
    }
  },
  "ordinal_start_skew_ms": {
    "median": 0.01525,
    "min": 0.00625,
    "max": 20.53325
  },
  "ordinal_end_skew_ms": {
    "median": 0.01275,
    "min": 0.00575,
    "max": 0.01925
  },
  "ordinal_duration_spread_ms": {
    "median": 0.00708975,
    "min": 0.0010800000000000002,
    "max": 20.534630500000002
  },
  "interpretation": "HCCL kernel duration may include waiting for peers. Cross-rank timestamp skew is diagnostic only and cannot be subtracted from target wall time without a causal execution model. Ordinal matching assumes same operation order and checks name equality."
}
top_duration_spread [
  {
    "cycle": 64,
    "ordinal": 0,
    "name": "hcom_reduceScatter_",
    "ranks": 8,
    "start_skew_ms": 20.53325,
    "end_skew_ms": 0.01,
    "duration_spread_ms": 20.534630500000002,
    "duration_median_ms": 8.084481499999999,
    "latest_start_rank": 5,
    "latest_end_rank": 1
  },
  {
    "cycle": 65,
    "ordinal": 0,
    "name": "hcom_reduceScatter_",
    "ranks": 7,
    "start_skew_ms": 8.64975,
    "end_skew_ms": 0.0135,
    "duration_spread_ms": 8.649612499999998,
    "duration_median_ms": 5.5359705,
    "latest_start_rank": 4,
    "latest_end_rank": 0
  },
  {
    "cycle": 64,
    "ordinal": 126,
    "name": "hcom_reduceScatter_",
    "ranks": 8,
    "start_skew_ms": 0.11675,
    "end_skew_ms": 0.01075,
    "duration_spread_ms": 0.121223,
    "duration_median_ms": 0.061081,
    "latest_start_rank": 5,
    "latest_end_rank": 1
  },
  {
    "cycle": 65,
    "ordinal": 138,
    "name": "hcom_reduceScatter_",
    "ranks": 7,
    "start_skew_ms": 0.1315,
    "end_skew_ms": 0.01525,
    "duration_spread_ms": 0.1175545,
    "duration_median_ms": 0.050481000000000005,
    "latest_start_rank": 7,
    "latest_end_rank": 0
  },
  {
    "cycle": 64,
    "ordinal": 222,
    "name": "hcom_reduceScatter_",
    "ranks": 8,
    "start_skew_ms": 0.10775,
    "end_skew_ms": 0.0125,
    "duration_spread_ms": 0.1074425,
    "duration_median_ms": 0.053329749999999995,
    "latest_start_rank": 2,
    "latest_end_rank": 1
  },
  {
    "cycle": 65,
    "ordinal": 198,
    "name": "hcom_reduceScatter_",
    "ranks": 7,
    "start_skew_ms": 0.108,
    "end_skew_ms": 0.015,
    "duration_spread_ms": 0.10586250000000001,
    "duration_median_ms": 0.0642615,
    "latest_start_rank": 4,
    "latest_end_rank": 0
  },
  {
    "cycle": 64,
    "ordinal": 180,
    "name": "hcom_reduceScatter_",
    "ranks": 8,
    "start_skew_ms": 0.098,
    "end_skew_ms": 0.01075,
    "duration_spread_ms": 0.1009025,
    "duration_median_ms": 0.0654215,
    "latest_start_rank": 4,
    "latest_end_rank": 1
  },
  {
    "cycle": 64,
    "ordinal": 252,
    "name": "hcom_reduceScatter_",
    "ranks": 8,
    "start_skew_ms": 0.10075,
    "end_skew_ms": 0.01125,
    "duration_spread_ms": 0.10004149999999999,
    "duration_median_ms": 0.06277125,
    "latest_start_rank": 0,
    "latest_end_rank": 1
  },
  {
    "cycle": 65,
    "ordinal": 222,
    "name": "hcom_reduceScatter_",
    "ranks": 7,
    "start_skew_ms": 0.1,
    "end_skew_ms": 0.0155,
    "duration_spread_ms": 0.09978200000000001,
    "duration_median_ms": 0.041421,
    "latest_start_rank": 2,
    "latest_end_rank": 2
  },
  {
    "cycle": 64,
    "ordinal": 132,
    "name": "hcom_reduceScatter_",
    "ranks": 8,
    "start_skew_ms": 0.10425,
    "end_skew_ms": 0.013,
    "duration_spread_ms": 0.098742,
    "duration_median_ms": 0.080189,
    "latest_start_rank": 1,
    "latest_end_rank": 1
  },
  {
    "cycle": 64,
    "ordinal": 174,
    "name": "hcom_reduceScatter_",
    "ranks": 8,
    "start_skew_ms": 0.1,
    "end_skew_ms": 0.01125,
    "duration_spread_ms": 0.09774200000000001,
    "duration_median_ms": 0.043301,
    "latest_start_rank": 3,
    "latest_end_rank": 1
  },
  {
    "cycle": 64,
    "ordinal": 24,
    "name": "hcom_reduceScatter_",
    "ranks": 8,
    "start_skew_ms": 0.10325,
    "end_skew_ms": 0.01025,
    "duration_spread_ms": 0.09602200000000001,
    "duration_median_ms": 0.072159,
    "latest_start_rank": 1,
    "latest_end_rank": 1
  }
]
