{
  "scope": "instrumented_bound_diagnostic_not_formal_tps; c12 release interval and eligible set only, no unique permit parent",
  "phase": "measured",
  "n": 48,
  "success": 48,
  "fail": 0,
  "concurrency": 12,
  "max_tokens": 1024,
  "wall_start_monotonic_ns": 4309440876979534,
  "wall_end_monotonic_ns": 4309519129077105,
  "clock": {
    "begin": {
      "wall_time_ns": 1790655963215516274,
      "monotonic_ns": 4309440876818994
    },
    "end": {
      "wall_time_ns": 1790656041468924605,
      "monotonic_ns": 4309519130222735
    },
    "monotonic_info": "namespace(implementation='clock_gettime(CLOCK_MONOTONIC)', monotonic=True, adjustable=False, resolution=1e-09)",
    "perf_counter_info": "namespace(implementation='clock_gettime(CLOCK_MONOTONIC)', monotonic=True, adjustable=False, resolution=1e-09)",
    "kernel_boot_id": "6e5ca76b-a856-4531-8ab3-8d6c3ea9c8d4",
    "time_namespace": "time:[4026531834]",
    "timens_offsets": "monotonic           0         0\nboottime            0         0\n",
    "pid": 272340
  },
  "duration_s": 78.25209441129118,
  "output_tps_diagnostic_only": 628.1237629456693,
  "ttft_ms_mean": 1903.5378635162488,
  "tpot_ms_mean": 17.245936441328105
}
