{
  "scope": "instrumented_bound_diagnostic_not_formal_tps; c12 release interval and eligible set only, no unique permit parent",
  "phase": "warmup",
  "n": 48,
  "success": 48,
  "fail": 0,
  "concurrency": 12,
  "max_tokens": 1024,
  "wall_start_monotonic_ns": 4309356186194023,
  "wall_end_monotonic_ns": 4309439336420442,
  "clock": {
    "begin": {
      "wall_time_ns": 1790655878524743723,
      "monotonic_ns": 4309356186044673
    },
    "end": {
      "wall_time_ns": 1790655961676316441,
      "monotonic_ns": 4309439337614831
    },
    "monotonic_info": "namespace(implementation='clock_gettime(CLOCK_MONOTONIC)', monotonic=True, adjustable=False, resolution=1e-09)",
    "perf_counter_info": "namespace(implementation='clock_gettime(CLOCK_MONOTONIC)', monotonic=True, adjustable=False, resolution=1e-09)",
    "kernel_boot_id": "6e5ca76b-a856-4531-8ab3-8d6c3ea9c8d4",
    "time_namespace": "time:[4026531834]",
    "timens_offsets": "monotonic           0         0\nboottime            0         0\n",
    "pid": 272169
  },
  "duration_s": 83.15022349823266,
  "output_tps_diagnostic_only": 591.1228849678885,
  "ttft_ms_mean": 3019.3557581321024,
  "tpot_ms_mean": 17.350668983286507
}
