{
  "scope": "instrumented_bound_diagnostic_not_formal_tps; c12 release interval and eligible set only, no unique permit parent",
  "phase": "warmup",
  "n": 48,
  "success": 48,
  "fail": 0,
  "concurrency": 12,
  "max_tokens": 1024,
  "wall_start_monotonic_ns": 4215466145670289,
  "wall_end_monotonic_ns": 4215551440432086,
  "clock": {
    "begin": {
      "wall_time_ns": 1790561988484208317,
      "monotonic_ns": 4215466145511427
    },
    "end": {
      "wall_time_ns": 1790562073780299723,
      "monotonic_ns": 4215551441597753
    },
    "monotonic_info": "namespace(implementation='clock_gettime(CLOCK_MONOTONIC)', monotonic=True, adjustable=False, resolution=1e-09)",
    "perf_counter_info": "namespace(implementation='clock_gettime(CLOCK_MONOTONIC)', monotonic=True, adjustable=False, resolution=1e-09)",
    "kernel_boot_id": "6e5ca76b-a856-4531-8ab3-8d6c3ea9c8d4",
    "time_namespace": "time:[4026531834]",
    "timens_offsets": "monotonic           0         0\nboottime            0         0\n",
    "pid": 104899
  },
  "duration_s": 85.29475599713624,
  "output_tps_diagnostic_only": 576.260514792378,
  "ttft_ms_mean": 3095.2143257212206,
  "tpot_ms_mean": 17.801385113929843
}
