{
  "scope": "instrumented_bound_diagnostic_not_formal_tps; c12 release interval and eligible set only, no unique permit parent",
  "phase": "measured",
  "n": 48,
  "success": 48,
  "fail": 0,
  "concurrency": 12,
  "max_tokens": 1024,
  "wall_start_monotonic_ns": 4192381350018292,
  "wall_end_monotonic_ns": 4192461964867679,
  "clock": {
    "begin": {
      "wall_time_ns": 1790538903688583544,
      "monotonic_ns": 4192381349883714
    },
    "end": {
      "wall_time_ns": 1790538984304722271,
      "monotonic_ns": 4192461966020511
    },
    "monotonic_info": "namespace(implementation='clock_gettime(CLOCK_MONOTONIC)', monotonic=True, adjustable=False, resolution=1e-09)",
    "perf_counter_info": "namespace(implementation='clock_gettime(CLOCK_MONOTONIC)', monotonic=True, adjustable=False, resolution=1e-09)",
    "kernel_boot_id": "6e5ca76b-a856-4531-8ab3-8d6c3ea9c8d4",
    "time_namespace": "time:[4026531834]",
    "timens_offsets": "monotonic           0         0\nboottime            0         0\n",
    "pid": 42233
  },
  "duration_s": 80.61484685679898,
  "output_tps_diagnostic_only": 609.7139908646316,
  "ttft_ms_mean": 1913.3366953853208,
  "tpot_ms_mean": 17.812979942582242
}
