{
  "scope": "instrumented_bound_diagnostic_not_formal_tps; c12 release interval and eligible set only, no unique permit parent",
  "phase": "warmup",
  "n": 48,
  "success": 48,
  "fail": 0,
  "concurrency": 12,
  "max_tokens": 1024,
  "wall_start_monotonic_ns": 4192294436175693,
  "wall_end_monotonic_ns": 4192379797123945,
  "clock": {
    "begin": {
      "wall_time_ns": 1790538816774689535,
      "monotonic_ns": 4192294435991925
    },
    "end": {
      "wall_time_ns": 1790538902136861666,
      "monotonic_ns": 4192379798160006
    },
    "monotonic_info": "namespace(implementation='clock_gettime(CLOCK_MONOTONIC)', monotonic=True, adjustable=False, resolution=1e-09)",
    "perf_counter_info": "namespace(implementation='clock_gettime(CLOCK_MONOTONIC)', monotonic=True, adjustable=False, resolution=1e-09)",
    "kernel_boot_id": "6e5ca76b-a856-4531-8ab3-8d6c3ea9c8d4",
    "time_namespace": "time:[4026531834]",
    "timens_offsets": "monotonic           0         0\nboottime            0         0\n",
    "pid": 42062
  },
  "duration_s": 85.36094503197819,
  "output_tps_diagnostic_only": 575.8136813221377,
  "ttft_ms_mean": 3040.5382762352624,
  "tpot_ms_mean": 17.874152084208482
}
