{"event": "ownership_preflight", "at": 1790974802.396658, "exact_D108_owner": {"host": "167", "pid": 1745490, "identity": {"boot_id": "65c53cfa-813b-4ebb-a63e-e7fe43d594e6", "start_ticks": "271946009"}, "argv": ["/usr/local/python3.12.13/bin/python3", "/data/tiankuan/wio/glm52-pd/deploy/plugins/dp_run108/native_acl_lifecycle.py", "cli", "serve", "/data/tiankuan/wio/GLM-5.2-w8a8", "--host", "0.0.0.0", "--port", "9900", "--served-model-name", "glm-52", "--seed", "1024", "--safetensors-load-strategy", "prefetch", "--trust-remote-code", "--max-model-len", "144384", "--max-num-seqs", "8", "--max-num-batched-tokens", "4096", "--gpu-memory-utilization", "0.87", "--kv-cache-memory-bytes", "3221225472", "--data-parallel-size", "1", "--worker-cls", "atomic_mq_worker.AtomicMQWorker", "--distributed-executor-backend", "mp", "--pipeline-parallel-size", "2", "--tensor-parallel-size", "8", "--prefill-context-parallel-size", "1", "--decode-context-parallel-size", "8", "--cp-kv-cache-interleave-size", "128", "--quantization", "ascend", "--enable-prefix-caching", "--enable-chunked-prefill", "--enable-auto-tool-choice", "--tool-parser-plugin", "/data/tiankuan/wio/glm52-pd/deploy/plugins/dp_run108/glm_tool_contract.py", "--tool-call-parser", "glm47_contract", "--reasoning-parser", "glm45", "--compilation-config", "{\"cudagraph_mode\":\"FULL_DECODE_ONLY\",\"cudagraph_capture_sizes\":[4,8,16,32],\"max_cudagraph_capture_size\":32}", "--additional-config", "{\"multistream_overlap_shared_expert\":false,\"enable_dsa_cp\":false,\"enable_reduce_sample\":false,\"enable_fused_mc2\":0,\"mc2_comm_alg\":\"hierarchy\",\"enable_flashcomm1\":false}", "--speculative-config", "{\"num_speculative_tokens\":3,\"method\":\"deepseek_mtp\",\"enforce_eager\":true}", "--scheduler-cls", "issue_budget_scheduler_v3.BudgetScheduler", "--prefill-schedule-interval", "2", "--kv-transfer-config", "{\"kv_connector\":\"MooncakeConnectorV1\",\"kv_role\":\"kv_consumer\",\"kv_port\":\"29000\",\"engine_id\":\"GLM108-D\",\"kv_connector_extra_config\":{\"use_ascend_direct\":true,\"prefill\":{\"dp_size\":1,\"tp_size\":16},\"decode\":{\"dp_size\":1,\"tp_size\":8}}}"], "role": "D", "rank": 1, "native_dp_rank": 0, "native_dp_size": 1, "logical_alias": "D1", "port": 9900, "native_tp_size": 8, "native_dcp_size": 8, "native_pp_size": 2, "pp_layer_partition": [42, 36], "expert_parallel_enabled": false, "native_ep_group_world_size": 8}, "owned_members": 323, "active_members": 323, "npu_workers": 16, "signals": 0, "npu_smi": "+------------------------------------------------------------------------------------------------+\n| npu-smi 25.5.0                   Version: 25.5.0                                               |\n+---------------------------+---------------+----------------------------------------------------+\n| NPU   Name                | Health        | Power(W)    Temp(C)           Hugepages-Usage(page)|\n| Chip  Phy-ID              | Bus-Id        | AICore(%)   Memory-Usage(MB)  HBM-Usage(MB)        |\n+===========================+===============+====================================================+\n| 0     Ascend910           | OK            | 162.6       39                0    / 0             |\n| 0     0                   | 0000:9D:00.0  | 0           0    / 0          55197/ 65536         |\n+------------------------------------------------------------------------------------------------+\n| 0     Ascend910           | OK            | -           39                0    / 0             |\n| 1     1                   | 0000:9F:00.0  | 0           0    / 0          54902/ 65536         |\n+===========================+===============+====================================================+\n| 1     Ascend910           | OK            | 169.9       41                0    / 0             |\n| 0     2                   | 0000:99:00.0  | 0           0    / 0          55195/ 65536         |\n+------------------------------------------------------------------------------------------------+\n| 1     Ascend910           | OK            | -           41                0    / 0             |\n| 1     3                   | 0000:9B:00.0  | 0           0    / 0          54891/ 65536         |\n+===========================+===============+====================================================+\n| 2     Ascend910           | OK            | 201.2       43                0    / 0             |\n| 0     4                   | 0000:95:00.0  | 0           0    / 0          55185/ 65536         |\n+------------------------------------------------------------------------------------------------+\n| 2     Ascend910           | OK            | -           42                0    / 0             |\n| 1     5                   | 0000:97:00.0  | 0           0    / 0          54904/ 65536         |\n+===========================+===============+====================================================+\n| 3     Ascend910           | OK            | 168.4       40                0    / 0             |\n| 0     6                   | 0000:91:00.0  | 0           0    / 0          55180/ 65536         |\n+------------------------------------------------------------------------------------------------+\n| 3     Ascend910           | OK            | -           41                0    / 0             |\n| 1     7                   | 0000:93:00.0  | 0           0    / 0          54905/ 65536         |\n+===========================+===============+====================================================+\n| 4     Ascend910           | OK            | 178.4       40                0    / 0             |\n| 0     8                   | 0000:8D:00.0  | 0           0    / 0          54439/ 65536         |\n+------------------------------------------------------------------------------------------------+\n| 4     Ascend910           | OK            | -           40                0    / 0             |\n| 1     9                   | 0000:8F:00.0  | 0           0    / 0          54165/ 65536         |\n+===========================+===============+====================================================+\n| 5     Ascend910           | OK            | 184.7       41                0    / 0             |\n| 0     10                  | 0000:89:00.0  | 0           0    / 0          54448/ 65536         |\n+------------------------------------------------------------------------------------------------+\n| 5     Ascend910           | OK            | -           41                0    / 0             |\n| 1     11                  | 0000:8B:00.0  | 0           0    / 0          54154/ 65536         |\n+===========================+===============+====================================================+\n| 6     Ascend910           | OK            | 185.2       43                0    / 0             |\n| 0     12                  | 0000:85:00.0  | 0           0    / 0          54450/ 65536         |\n+------------------------------------------------------------------------------------------------+\n| 6     Ascend910           | OK            | -           41                0    / 0             |\n| 1     13                  | 0000:87:00.0  | 0           0    / 0          54154/ 65536         |\n+===========================+===============+====================================================+\n| 7     Ascend910           | OK            | 168.5       41                0    / 0             |\n| 0     14                  | 0000:81:00.0  | 0           0    / 0          54452/ 65536         |\n+------------------------------------------------------------------------------------------------+\n| 7     Ascend910           | OK            | -           41                0    / 0             |\n| 1     15                  | 0000:83:00.0  | 0           0    / 0          54154/ 65536         |\n+===========================+===============+====================================================+\n+---------------------------+---------------+----------------------------------------------------+\n| NPU     Chip              | Process id    | Process name             | Process memory(MB)      |\n+===========================+===============+====================================================+\n| 0       0                 | 1763132       | VLLMWorker_PP            | 52026                   |\n| 0       1                 | 1769249       | VLLMWorker_PP            | 52026                   |\n+===========================+===============+====================================================+\n| 1       0                 | 1773720       | VLLMWorker_PP            | 52026                   |\n| 1       1                 | 1778820       | VLLMWorker_PP            | 52026                   |\n+===========================+===============+====================================================+\n| 2       0                 | 1787115       | VLLMWorker_PP            | 52026                   |\n| 2       1                 | 1792023       | VLLMWorker_PP            | 52026                   |\n+===========================+===============+====================================================+\n| 3       0                 | 1796033       | VLLMWorker_PP            | 52026                   |\n| 3       1                 | 1801724       | VLLMWorker_PP            | 52026                   |\n+===========================+===============+====================================================+\n| 4       0                 | 1807224       | VLLMWorker_PP            | 51288                   |\n| 4       1                 | 1812163       | VLLMWorker_PP            | 51288                   |\n+===========================+===============+====================================================+\n| 5       0                 | 1819244       | VLLMWorker_PP            | 51288                   |\n| 5       1                 | 1824530       | VLLMWorker_PP            | 51288                   |\n+===========================+===============+====================================================+\n| 6       0                 | 1831795       | VLLMWorker_PP            | 51288                   |\n| 6       1                 | 1835709       | VLLMWorker_PP            | 51288                   |\n+===========================+===============+====================================================+\n| 7       0                 | 1841294       | VLLMWorker_PP            | 51288                   |\n| 7       1                 | 1847570       | VLLMWorker_PP            | 51288                   |\n+===========================+===============+====================================================+\n"}
{"event": "signal_attempt", "pid": 1745490, "identity": {"boot_id": "65c53cfa-813b-4ebb-a63e-e7fe43d594e6", "start_ticks": "271946009"}, "signal": "SIGTERM", "scope": "exact_original_D108"}
{"event": "signal_sent", "pid": 1745490, "signal": "SIGTERM"}
{"event": "signal_attempt", "pid": 1904049, "identity": {"boot_id": "65c53cfa-813b-4ebb-a63e-e7fe43d594e6", "start_ticks": "271975698"}, "signal": "SIGKILL", "scope": "exact_original_D108"}
{"event": "signal_sent", "pid": 1904049, "signal": "SIGKILL"}
{"event": "signal_attempt", "pid": 1904048, "identity": {"boot_id": "65c53cfa-813b-4ebb-a63e-e7fe43d594e6", "start_ticks": "271975698"}, "signal": "SIGKILL", "scope": "exact_original_D108"}
{"event": "signal_sent", "pid": 1904048, "signal": "SIGKILL"}
{"event": "signal_attempt", "pid": 1904047, "identity": {"boot_id": "65c53cfa-813b-4ebb-a63e-e7fe43d594e6", "start_ticks": "271975698"}, "signal": "SIGKILL", "scope": "exact_original_D108"}
{"event": "signal_sent", "pid": 1904047, "signal": "SIGKILL"}
{"event": "signal_attempt", "pid": 1903903, "identity": {"boot_id": "65c53cfa-813b-4ebb-a63e-e7fe43d594e6", "start_ticks": "271975685"}, "signal": "SIGKILL", "scope": "exact_original_D108"}
{"event": "signal_sent", "pid": 1903903, "signal": "SIGKILL"}
{"event": "signal_attempt", "pid": 1903902, "identity": {"boot_id": "65c53cfa-813b-4ebb-a63e-e7fe43d594e6", "start_ticks": "271975684"}, "signal": "SIGKILL", "scope": "exact_original_D108"}
{"event": "signal_sent", "pid": 1903902, "signal": "SIGKILL"}
{"event": "signal_attempt", "pid": 1903901, "identity": {"boot_id": "65c53cfa-813b-4ebb-a63e-e7fe43d594e6", "start_ticks": "271975684"}, "signal": "SIGKILL", "scope": "exact_original_D108"}
{"event": "signal_sent", "pid": 1903901, "signal": "SIGKILL"}
{"event": "signal_attempt", "pid": 1903900, "identity": {"boot_id": "65c53cfa-813b-4ebb-a63e-e7fe43d594e6", "start_ticks": "271975684"}, "signal": "SIGKILL", "scope": "exact_original_D108"}
{"event": "signal_sent", "pid": 1903900, "signal": "SIGKILL"}
{"event": "signal_attempt", "pid": 1903899, "identity": {"boot_id": "65c53cfa-813b-4ebb-a63e-e7fe43d594e6", "start_ticks": "271975683"}, "signal": "SIGKILL", "scope": "exact_original_D108"}
{"event": "signal_sent", "pid": 1903899, "signal": "SIGKILL"}
{"event": "signal_attempt", "pid": 1903850, "identity": {"boot_id": "65c53cfa-813b-4ebb-a63e-e7fe43d594e6", "start_ticks": "271975671"}, "signal": "SIGKILL", "scope": "exact_original_D108"}
{"event": "signal_sent", "pid": 1903850, "signal": "SIGKILL"}
{"event": "signal_attempt", "pid": 1903849, "identity": {"boot_id": "65c53cfa-813b-4ebb-a63e-e7fe43d594e6", "start_ticks": "271975670"}, "signal": "SIGKILL", "scope": "exact_original_D108"}
{"event": "signal_sent", "pid": 1903849, "signal": "SIGKILL"}
{"event": "signal_attempt", "pid": 1903848, "identity": {"boot_id": "65c53cfa-813b-4ebb-a63e-e7fe43d594e6", "start_ticks": "271975670"}, "signal": "SIGKILL", "scope": "exact_original_D108"}
{"event": "signal_sent", "pid": 1903848, "signal": "SIGKILL"}
{"event": "signal_attempt", "pid": 1903847, "identity": {"boot_id": "65c53cfa-813b-4ebb-a63e-e7fe43d594e6", "start_ticks": "271975669"}, "signal": "SIGKILL", "scope": "exact_original_D108"}
{"event": "signal_sent", "pid": 1903847, "signal": "SIGKILL"}
{"event": "signal_attempt", "pid": 1903845, "identity": {"boot_id": "65c53cfa-813b-4ebb-a63e-e7fe43d594e6", "start_ticks": "271975669"}, "signal": "SIGKILL", "scope": "exact_original_D108"}
{"event": "signal_sent", "pid": 1903845, "signal": "SIGKILL"}
{"event": "signal_attempt", "pid": 1903816, "identity": {"boot_id": "65c53cfa-813b-4ebb-a63e-e7fe43d594e6", "start_ticks": "271975669"}, "signal": "SIGKILL", "scope": "exact_original_D108"}
{"event": "signal_sent", "pid": 1903816, "signal": "SIGKILL"}
{"event": "signal_attempt", "pid": 1903811, "identity": {"boot_id": "65c53cfa-813b-4ebb-a63e-e7fe43d594e6", "start_ticks": "271975668"}, "signal": "SIGKILL", "scope": "exact_original_D108"}
{"event": "signal_sent", "pid": 1903811, "signal": "SIGKILL"}
{"event": "signal_attempt", "pid": 1903810, "identity": {"boot_id": "65c53cfa-813b-4ebb-a63e-e7fe43d594e6", "start_ticks": "271975668"}, "signal": "SIGKILL", "scope": "exact_original_D108"}
{"event": "signal_sent", "pid": 1903810, "signal": "SIGKILL"}
{"event": "signal_attempt", "pid": 1903746, "identity": {"boot_id": "65c53cfa-813b-4ebb-a63e-e7fe43d594e6", "start_ticks": "271975654"}, "signal": "SIGKILL", "scope": "exact_original_D108"}
{"event": "signal_sent", "pid": 1903746, "signal": "SIGKILL"}
{"event": "signal_attempt", "pid": 1903744, "identity": {"boot_id": "65c53cfa-813b-4ebb-a63e-e7fe43d594e6", "start_ticks": "271975654"}, "signal": "SIGKILL", "scope": "exact_original_D108"}
{"event": "signal_sent", "pid": 1903744, "signal": "SIGKILL"}
{"event": "signal_attempt", "pid": 1903737, "identity": {"boot_id": "65c53cfa-813b-4ebb-a63e-e7fe43d594e6", "start_ticks": "271975653"}, "signal": "SIGKILL", "scope": "exact_original_D108"}
{"event": "signal_sent", "pid": 1903737, "signal": "SIGKILL"}
{"event": "signal_attempt", "pid": 1903723, "identity": {"boot_id": "65c53cfa-813b-4ebb-a63e-e7fe43d594e6", "start_ticks": "271975653"}, "signal": "SIGKILL", "scope": "exact_original_D108"}
{"event": "signal_sent", "pid": 1903723, "signal": "SIGKILL"}
{"event": "signal_attempt", "pid": 1903719, "identity": {"boot_id": "65c53cfa-813b-4ebb-a63e-e7fe43d594e6", "start_ticks": "271975653"}, "signal": "SIGKILL", "scope": "exact_original_D108"}
{"event": "signal_sent", "pid": 1903719, "signal": "SIGKILL"}
{"event": "signal_attempt", "pid": 1903714, "identity": {"boot_id": "65c53cfa-813b-4ebb-a63e-e7fe43d594e6", "start_ticks": "271975653"}, "signal": "SIGKILL", "scope": "exact_original_D108"}
{"event": "signal_sent", "pid": 1903714, "signal": "SIGKILL"}
{"event": "signal_attempt", "pid": 1903712, "identity": {"boot_id": "65c53cfa-813b-4ebb-a63e-e7fe43d594e6", "start_ticks": "271975652"}, "signal": "SIGKILL", "scope": "exact_original_D108"}
{"event": "signal_sent", "pid": 1903712, "signal": "SIGKILL"}
{"event": "signal_attempt", "pid": 1903703, "identity": {"boot_id": "65c53cfa-813b-4ebb-a63e-e7fe43d594e6", "start_ticks": "271975652"}, "signal": "SIGKILL", "scope": "exact_original_D108"}
{"event": "signal_sent", "pid": 1903703, "signal": "SIGKILL"}
{"event": "signal_attempt", "pid": 1903702, "identity": {"boot_id": "65c53cfa-813b-4ebb-a63e-e7fe43d594e6", "start_ticks": "271975652"}, "signal": "SIGKILL", "scope": "exact_original_D108"}
{"event": "signal_sent", "pid": 1903702, "signal": "SIGKILL"}
{"event": "signal_attempt", "pid": 1903616, "identity": {"boot_id": "65c53cfa-813b-4ebb-a63e-e7fe43d594e6", "start_ticks": "271975644"}, "signal": "SIGKILL", "scope": "exact_original_D108"}
{"event": "signal_sent", "pid": 1903616, "signal": "SIGKILL"}
{"event": "signal_attempt", "pid": 1903544, "identity": {"boot_id": "65c53cfa-813b-4ebb-a63e-e7fe43d594e6", "start_ticks": "271975637"}, "signal": "SIGKILL", "scope": "exact_original_D108"}
{"event": "signal_sent", "pid": 1903544, "signal": "SIGKILL"}
{"event": "signal_attempt", "pid": 1903543, "identity": {"boot_id": "65c53cfa-813b-4ebb-a63e-e7fe43d594e6", "start_ticks": "271975636"}, "signal": "SIGKILL", "scope": "exact_original_D108"}
{"event": "signal_sent", "pid": 1903543, "signal": "SIGKILL"}
{"event": "signal_attempt", "pid": 1903542, "identity": {"boot_id": "65c53cfa-813b-4ebb-a63e-e7fe43d594e6", "start_ticks": "271975636"}, "signal": "SIGKILL", "scope": "exact_original_D108"}
{"event": "signal_sent", "pid": 1903542, "signal": "SIGKILL"}
{"event": "signal_attempt", "pid": 1903541, "identity": {"boot_id": "65c53cfa-813b-4ebb-a63e-e7fe43d594e6", "start_ticks": "271975635"}, "signal": "SIGKILL", "scope": "exact_original_D108"}
{"event": "signal_sent", "pid": 1903541, "signal": "SIGKILL"}
{"event": "signal_attempt", "pid": 1903540, "identity": {"boot_id": "65c53cfa-813b-4ebb-a63e-e7fe43d594e6", "start_ticks": "271975635"}, "signal": "SIGKILL", "scope": "exact_original_D108"}
{"event": "signal_sent", "pid": 1903540, "signal": "SIGKILL"}
{"event": "signal_attempt", "pid": 1903539, "identity": {"boot_id": "65c53cfa-813b-4ebb-a63e-e7fe43d594e6", "start_ticks": "271975635"}, "signal": "SIGKILL", "scope": "exact_original_D108"}
{"event": "signal_sent", "pid": 1903539, "signal": "SIGKILL"}
{"event": "signal_attempt", "pid": 1903538, "identity": {"boot_id": "65c53cfa-813b-4ebb-a63e-e7fe43d594e6", "start_ticks": "271975635"}, "signal": "SIGKILL", "scope": "exact_original_D108"}
{"event": "signal_sent", "pid": 1903538, "signal": "SIGKILL"}
{"event": "signal_attempt", "pid": 1903537, "identity": {"boot_id": "65c53cfa-813b-4ebb-a63e-e7fe43d594e6", "start_ticks": "271975634"}, "signal": "SIGKILL", "scope": "exact_original_D108"}
{"event": "signal_sent", "pid": 1903537, "signal": "SIGKILL"}
{"event": "signal_attempt", "pid": 1903536, "identity": {"boot_id": "65c53cfa-813b-4ebb-a63e-e7fe43d594e6", "start_ticks": "271975634"}, "signal": "SIGKILL", "scope": "exact_original_D108"}
{"event": "signal_sent", "pid": 1903536, "signal": "SIGKILL"}
{"event": "signal_attempt", "pid": 1903506, "identity": {"boot_id": "65c53cfa-813b-4ebb-a63e-e7fe43d594e6", "start_ticks": "271975630"}, "signal": "SIGKILL", "scope": "exact_original_D108"}
{"event": "signal_sent", "pid": 1903506, "signal": "SIGKILL"}
{"event": "signal_attempt", "pid": 1903476, "identity": {"boot_id": "65c53cfa-813b-4ebb-a63e-e7fe43d594e6", "start_ticks": "271975627"}, "signal": "SIGKILL", "scope": "exact_original_D108"}
{"event": "signal_sent", "pid": 1903476, "signal": "SIGKILL"}
{"event": "signal_attempt", "pid": 1903398, "identity": {"boot_id": "65c53cfa-813b-4ebb-a63e-e7fe43d594e6", "start_ticks": "271975617"}, "signal": "SIGKILL", "scope": "exact_original_D108"}
{"event": "signal_sent", "pid": 1903398, "signal": "SIGKILL"}
{"event": "signal_attempt", "pid": 1903397, "identity": {"boot_id": "65c53cfa-813b-4ebb-a63e-e7fe43d594e6", "start_ticks": "271975617"}, "signal": "SIGKILL", "scope": "exact_original_D108"}
{"event": "signal_sent", "pid": 1903397, "signal": "SIGKILL"}
{"event": "signal_attempt", "pid": 1903396, "identity": {"boot_id": "65c53cfa-813b-4ebb-a63e-e7fe43d594e6", "start_ticks": "271975617"}, "signal": "SIGKILL", "scope": "exact_original_D108"}
{"event": "signal_sent", "pid": 1903396, "signal": "SIGKILL"}
{"event": "signal_attempt", "pid": 1903395, "identity": {"boot_id": "65c53cfa-813b-4ebb-a63e-e7fe43d594e6", "start_ticks": "271975617"}, "signal": "SIGKILL", "scope": "exact_original_D108"}
{"event": "signal_sent", "pid": 1903395, "signal": "SIGKILL"}
{"event": "signal_attempt", "pid": 1903394, "identity": {"boot_id": "65c53cfa-813b-4ebb-a63e-e7fe43d594e6", "start_ticks": "271975617"}, "signal": "SIGKILL", "scope": "exact_original_D108"}
{"event": "signal_sent", "pid": 1903394, "signal": "SIGKILL"}
{"event": "signal_attempt", "pid": 1903393, "identity": {"boot_id": "65c53cfa-813b-4ebb-a63e-e7fe43d594e6", "start_ticks": "271975616"}, "signal": "SIGKILL", "scope": "exact_original_D108"}
{"event": "signal_sent", "pid": 1903393, "signal": "SIGKILL"}
{"event": "signal_attempt", "pid": 1903392, "identity": {"boot_id": "65c53cfa-813b-4ebb-a63e-e7fe43d594e6", "start_ticks": "271975616"}, "signal": "SIGKILL", "scope": "exact_original_D108"}
{"event": "signal_sent", "pid": 1903392, "signal": "SIGKILL"}
{"event": "signal_attempt", "pid": 1903391, "identity": {"boot_id": "65c53cfa-813b-4ebb-a63e-e7fe43d594e6", "start_ticks": "271975616"}, "signal": "SIGKILL", "scope": "exact_original_D108"}
{"event": "signal_sent", "pid": 1903391, "signal": "SIGKILL"}
{"event": "signal_attempt", "pid": 1903389, "identity": {"boot_id": "65c53cfa-813b-4ebb-a63e-e7fe43d594e6", "start_ticks": "271975616"}, "signal": "SIGKILL", "scope": "exact_original_D108"}
{"event": "signal_sent", "pid": 1903389, "signal": "SIGKILL"}
{"event": "signal_attempt", "pid": 1903370, "identity": {"boot_id": "65c53cfa-813b-4ebb-a63e-e7fe43d594e6", "start_ticks": "271975608"}, "signal": "SIGKILL", "scope": "exact_original_D108"}
{"event": "signal_sent", "pid": 1903370, "signal": "SIGKILL"}
{"event": "signal_attempt", "pid": 1903369, "identity": {"boot_id": "65c53cfa-813b-4ebb-a63e-e7fe43d594e6", "start_ticks": "271975608"}, "signal": "SIGKILL", "scope": "exact_original_D108"}
{"event": "signal_sent", "pid": 1903369, "signal": "SIGKILL"}
{"event": "signal_attempt", "pid": 1903368, "identity": {"boot_id": "65c53cfa-813b-4ebb-a63e-e7fe43d594e6", "start_ticks": "271975608"}, "signal": "SIGKILL", "scope": "exact_original_D108"}
{"event": "signal_sent", "pid": 1903368, "signal": "SIGKILL"}
{"event": "signal_attempt", "pid": 1903367, "identity": {"boot_id": "65c53cfa-813b-4ebb-a63e-e7fe43d594e6", "start_ticks": "271975608"}, "signal": "SIGKILL", "scope": "exact_original_D108"}
{"event": "signal_sent", "pid": 1903367, "signal": "SIGKILL"}
{"event": "signal_attempt", "pid": 1903366, "identity": {"boot_id": "65c53cfa-813b-4ebb-a63e-e7fe43d594e6", "start_ticks": "271975607"}, "signal": "SIGKILL", "scope": "exact_original_D108"}
{"event": "signal_sent", "pid": 1903366, "signal": "SIGKILL"}
{"event": "signal_attempt", "pid": 1903365, "identity": {"boot_id": "65c53cfa-813b-4ebb-a63e-e7fe43d594e6", "start_ticks": "271975607"}, "signal": "SIGKILL", "scope": "exact_original_D108"}
{"event": "signal_sent", "pid": 1903365, "signal": "SIGKILL"}
{"event": "signal_attempt", "pid": 1903364, "identity": {"boot_id": "65c53cfa-813b-4ebb-a63e-e7fe43d594e6", "start_ticks": "271975607"}, "signal": "SIGKILL", "scope": "exact_original_D108"}
{"event": "signal_sent", "pid": 1903364, "signal": "SIGKILL"}
{"event": "signal_attempt", "pid": 1903363, "identity": {"boot_id": "65c53cfa-813b-4ebb-a63e-e7fe43d594e6", "start_ticks": "271975607"}, "signal": "SIGKILL", "scope": "exact_original_D108"}
{"event": "signal_sent", "pid": 1903363, "signal": "SIGKILL"}
{"event": "signal_attempt", "pid": 1903282, "identity": {"boot_id": "65c53cfa-813b-4ebb-a63e-e7fe43d594e6", "start_ticks": "271975589"}, "signal": "SIGKILL", "scope": "exact_original_D108"}
{"event": "signal_sent", "pid": 1903282, "signal": "SIGKILL"}
{"event": "signal_attempt", "pid": 1903280, "identity": {"boot_id": "65c53cfa-813b-4ebb-a63e-e7fe43d594e6", "start_ticks": "271975589"}, "signal": "SIGKILL", "scope": "exact_original_D108"}
{"event": "signal_sent", "pid": 1903280, "signal": "SIGKILL"}
{"event": "signal_attempt", "pid": 1903279, "identity": {"boot_id": "65c53cfa-813b-4ebb-a63e-e7fe43d594e6", "start_ticks": "271975589"}, "signal": "SIGKILL", "scope": "exact_original_D108"}
{"event": "signal_sent", "pid": 1903279, "signal": "SIGKILL"}
{"event": "signal_attempt", "pid": 1903278, "identity": {"boot_id": "65c53cfa-813b-4ebb-a63e-e7fe43d594e6", "start_ticks": "271975589"}, "signal": "SIGKILL", "scope": "exact_original_D108"}
{"event": "signal_sent", "pid": 1903278, "signal": "SIGKILL"}
{"event": "signal_attempt", "pid": 1903277, "identity": {"boot_id": "65c53cfa-813b-4ebb-a63e-e7fe43d594e6", "start_ticks": "271975588"}, "signal": "SIGKILL", "scope": "exact_original_D108"}
{"event": "signal_sent", "pid": 1903277, "signal": "SIGKILL"}
{"event": "signal_attempt", "pid": 1903276, "identity": {"boot_id": "65c53cfa-813b-4ebb-a63e-e7fe43d594e6", "start_ticks": "271975588"}, "signal": "SIGKILL", "scope": "exact_original_D108"}
{"event": "signal_sent", "pid": 1903276, "signal": "SIGKILL"}
{"event": "signal_attempt", "pid": 1903275, "identity": {"boot_id": "65c53cfa-813b-4ebb-a63e-e7fe43d594e6", "start_ticks": "271975588"}, "signal": "SIGKILL", "scope": "exact_original_D108"}
{"event": "signal_sent", "pid": 1903275, "signal": "SIGKILL"}
{"event": "signal_attempt", "pid": 1903274, "identity": {"boot_id": "65c53cfa-813b-4ebb-a63e-e7fe43d594e6", "start_ticks": "271975588"}, "signal": "SIGKILL", "scope": "exact_original_D108"}
{"event": "signal_sent", "pid": 1903274, "signal": "SIGKILL"}
{"event": "signal_attempt", "pid": 1903272, "identity": {"boot_id": "65c53cfa-813b-4ebb-a63e-e7fe43d594e6", "start_ticks": "271975588"}, "signal": "SIGKILL", "scope": "exact_original_D108"}
{"event": "signal_sent", "pid": 1903272, "signal": "SIGKILL"}
{"event": "signal_attempt", "pid": 1903220, "identity": {"boot_id": "65c53cfa-813b-4ebb-a63e-e7fe43d594e6", "start_ticks": "271975584"}, "signal": "SIGKILL", "scope": "exact_original_D108"}
{"event": "signal_sent", "pid": 1903220, "signal": "SIGKILL"}
{"event": "signal_attempt", "pid": 1903219, "identity": {"boot_id": "65c53cfa-813b-4ebb-a63e-e7fe43d594e6", "start_ticks": "271975584"}, "signal": "SIGKILL", "scope": "exact_original_D108"}
{"event": "signal_sent", "pid": 1903219, "signal": "SIGKILL"}
{"event": "signal_attempt", "pid": 1903218, "identity": {"boot_id": "65c53cfa-813b-4ebb-a63e-e7fe43d594e6", "start_ticks": "271975584"}, "signal": "SIGKILL", "scope": "exact_original_D108"}
{"event": "signal_sent", "pid": 1903218, "signal": "SIGKILL"}
{"event": "signal_attempt", "pid": 1903217, "identity": {"boot_id": "65c53cfa-813b-4ebb-a63e-e7fe43d594e6", "start_ticks": "271975584"}, "signal": "SIGKILL", "scope": "exact_original_D108"}
{"event": "signal_sent", "pid": 1903217, "signal": "SIGKILL"}
{"event": "signal_attempt", "pid": 1903215, "identity": {"boot_id": "65c53cfa-813b-4ebb-a63e-e7fe43d594e6", "start_ticks": "271975584"}, "signal": "SIGKILL", "scope": "exact_original_D108"}
{"event": "signal_sent", "pid": 1903215, "signal": "SIGKILL"}
{"event": "signal_attempt", "pid": 1903214, "identity": {"boot_id": "65c53cfa-813b-4ebb-a63e-e7fe43d594e6", "start_ticks": "271975584"}, "signal": "SIGKILL", "scope": "exact_original_D108"}
{"event": "signal_sent", "pid": 1903214, "signal": "SIGKILL"}
{"event": "signal_attempt", "pid": 1903213, "identity": {"boot_id": "65c53cfa-813b-4ebb-a63e-e7fe43d594e6", "start_ticks": "271975584"}, "signal": "SIGKILL", "scope": "exact_original_D108"}
{"event": "signal_sent", "pid": 1903213, "signal": "SIGKILL"}
{"event": "signal_attempt", "pid": 1903210, "identity": {"boot_id": "65c53cfa-813b-4ebb-a63e-e7fe43d594e6", "start_ticks": "271975584"}, "signal": "SIGKILL", "scope": "exact_original_D108"}
{"event": "signal_sent", "pid": 1903210, "signal": "SIGKILL"}
{"event": "signal_attempt", "pid": 1903204, "identity": {"boot_id": "65c53cfa-813b-4ebb-a63e-e7fe43d594e6", "start_ticks": "271975583"}, "signal": "SIGKILL", "scope": "exact_original_D108"}
{"event": "signal_sent", "pid": 1903204, "signal": "SIGKILL"}
{"event": "signal_attempt", "pid": 1903146, "identity": {"boot_id": "65c53cfa-813b-4ebb-a63e-e7fe43d594e6", "start_ticks": "271975581"}, "signal": "SIGKILL", "scope": "exact_original_D108"}
{"event": "signal_sent", "pid": 1903146, "signal": "SIGKILL"}
{"event": "signal_attempt", "pid": 1903046, "identity": {"boot_id": "65c53cfa-813b-4ebb-a63e-e7fe43d594e6", "start_ticks": "271975577"}, "signal": "SIGKILL", "scope": "exact_original_D108"}
{"event": "signal_sent", "pid": 1903046, "signal": "SIGKILL"}
{"event": "signal_attempt", "pid": 1902894, "identity": {"boot_id": "65c53cfa-813b-4ebb-a63e-e7fe43d594e6", "start_ticks": "271975568"}, "signal": "SIGKILL", "scope": "exact_original_D108"}
{"event": "signal_sent", "pid": 1902894, "signal": "SIGKILL"}
{"event": "signal_attempt", "pid": 1902873, "identity": {"boot_id": "65c53cfa-813b-4ebb-a63e-e7fe43d594e6", "start_ticks": "271975565"}, "signal": "SIGKILL", "scope": "exact_original_D108"}
{"event": "signal_sent", "pid": 1902873, "signal": "SIGKILL"}
{"event": "signal_attempt", "pid": 1902800, "identity": {"boot_id": "65c53cfa-813b-4ebb-a63e-e7fe43d594e6", "start_ticks": "271975547"}, "signal": "SIGKILL", "scope": "exact_original_D108"}
{"event": "signal_sent", "pid": 1902800, "signal": "SIGKILL"}
{"event": "signal_attempt", "pid": 1902799, "identity": {"boot_id": "65c53cfa-813b-4ebb-a63e-e7fe43d594e6", "start_ticks": "271975547"}, "signal": "SIGKILL", "scope": "exact_original_D108"}
{"event": "signal_sent", "pid": 1902799, "signal": "SIGKILL"}
{"event": "signal_attempt", "pid": 1902798, "identity": {"boot_id": "65c53cfa-813b-4ebb-a63e-e7fe43d594e6", "start_ticks": "271975547"}, "signal": "SIGKILL", "scope": "exact_original_D108"}
{"event": "signal_sent", "pid": 1902798, "signal": "SIGKILL"}
{"event": "signal_attempt", "pid": 1902797, "identity": {"boot_id": "65c53cfa-813b-4ebb-a63e-e7fe43d594e6", "start_ticks": "271975547"}, "signal": "SIGKILL", "scope": "exact_original_D108"}
{"event": "signal_sent", "pid": 1902797, "signal": "SIGKILL"}
{"event": "signal_attempt", "pid": 1902794, "identity": {"boot_id": "65c53cfa-813b-4ebb-a63e-e7fe43d594e6", "start_ticks": "271975547"}, "signal": "SIGKILL", "scope": "exact_original_D108"}
{"event": "signal_sent", "pid": 1902794, "signal": "SIGKILL"}
{"event": "signal_attempt", "pid": 1902793, "identity": {"boot_id": "65c53cfa-813b-4ebb-a63e-e7fe43d594e6", "start_ticks": "271975547"}, "signal": "SIGKILL", "scope": "exact_original_D108"}
{"event": "signal_sent", "pid": 1902793, "signal": "SIGKILL"}
{"event": "signal_attempt", "pid": 1902792, "identity": {"boot_id": "65c53cfa-813b-4ebb-a63e-e7fe43d594e6", "start_ticks": "271975546"}, "signal": "SIGKILL", "scope": "exact_original_D108"}
{"event": "signal_sent", "pid": 1902792, "signal": "SIGKILL"}
{"event": "signal_attempt", "pid": 1902787, "identity": {"boot_id": "65c53cfa-813b-4ebb-a63e-e7fe43d594e6", "start_ticks": "271975546"}, "signal": "SIGKILL", "scope": "exact_original_D108"}
{"event": "signal_sent", "pid": 1902787, "signal": "SIGKILL"}
{"event": "signal_attempt", "pid": 1902465, "identity": {"boot_id": "65c53cfa-813b-4ebb-a63e-e7fe43d594e6", "start_ticks": "271975520"}, "signal": "SIGKILL", "scope": "exact_original_D108"}
{"event": "signal_sent", "pid": 1902465, "signal": "SIGKILL"}
{"event": "signal_attempt", "pid": 1902461, "identity": {"boot_id": "65c53cfa-813b-4ebb-a63e-e7fe43d594e6", "start_ticks": "271975519"}, "signal": "SIGKILL", "scope": "exact_original_D108"}
{"event": "signal_sent", "pid": 1902461, "signal": "SIGKILL"}
{"event": "signal_attempt", "pid": 1902458, "identity": {"boot_id": "65c53cfa-813b-4ebb-a63e-e7fe43d594e6", "start_ticks": "271975519"}, "signal": "SIGKILL", "scope": "exact_original_D108"}
{"event": "signal_sent", "pid": 1902458, "signal": "SIGKILL"}
{"event": "signal_attempt", "pid": 1902457, "identity": {"boot_id": "65c53cfa-813b-4ebb-a63e-e7fe43d594e6", "start_ticks": "271975519"}, "signal": "SIGKILL", "scope": "exact_original_D108"}
{"event": "signal_sent", "pid": 1902457, "signal": "SIGKILL"}
{"event": "signal_attempt", "pid": 1902454, "identity": {"boot_id": "65c53cfa-813b-4ebb-a63e-e7fe43d594e6", "start_ticks": "271975519"}, "signal": "SIGKILL", "scope": "exact_original_D108"}
{"event": "signal_sent", "pid": 1902454, "signal": "SIGKILL"}
{"event": "signal_attempt", "pid": 1902451, "identity": {"boot_id": "65c53cfa-813b-4ebb-a63e-e7fe43d594e6", "start_ticks": "271975519"}, "signal": "SIGKILL", "scope": "exact_original_D108"}
{"event": "signal_sent", "pid": 1902451, "signal": "SIGKILL"}
{"event": "signal_attempt", "pid": 1902450, "identity": {"boot_id": "65c53cfa-813b-4ebb-a63e-e7fe43d594e6", "start_ticks": "271975518"}, "signal": "SIGKILL", "scope": "exact_original_D108"}
{"event": "signal_sent", "pid": 1902450, "signal": "SIGKILL"}
{"event": "signal_attempt", "pid": 1902449, "identity": {"boot_id": "65c53cfa-813b-4ebb-a63e-e7fe43d594e6", "start_ticks": "271975518"}, "signal": "SIGKILL", "scope": "exact_original_D108"}
{"event": "signal_sent", "pid": 1902449, "signal": "SIGKILL"}
{"event": "signal_attempt", "pid": 1902444, "identity": {"boot_id": "65c53cfa-813b-4ebb-a63e-e7fe43d594e6", "start_ticks": "271975518"}, "signal": "SIGKILL", "scope": "exact_original_D108"}
{"event": "signal_sent", "pid": 1902444, "signal": "SIGKILL"}
{"event": "signal_attempt", "pid": 1902375, "identity": {"boot_id": "65c53cfa-813b-4ebb-a63e-e7fe43d594e6", "start_ticks": "271975512"}, "signal": "SIGKILL", "scope": "exact_original_D108"}
{"event": "signal_sent", "pid": 1902375, "signal": "SIGKILL"}
{"event": "signal_attempt", "pid": 1902248, "identity": {"boot_id": "65c53cfa-813b-4ebb-a63e-e7fe43d594e6", "start_ticks": "271975500"}, "signal": "SIGKILL", "scope": "exact_original_D108"}
{"event": "signal_sent", "pid": 1902248, "signal": "SIGKILL"}
{"event": "signal_attempt", "pid": 1901566, "identity": {"boot_id": "65c53cfa-813b-4ebb-a63e-e7fe43d594e6", "start_ticks": "271975428"}, "signal": "SIGKILL", "scope": "exact_original_D108"}
{"event": "signal_sent", "pid": 1901566, "signal": "SIGKILL"}
{"event": "signal_attempt", "pid": 1901563, "identity": {"boot_id": "65c53cfa-813b-4ebb-a63e-e7fe43d594e6", "start_ticks": "271975428"}, "signal": "SIGKILL", "scope": "exact_original_D108"}
{"event": "signal_sent", "pid": 1901563, "signal": "SIGKILL"}
{"event": "signal_attempt", "pid": 1901560, "identity": {"boot_id": "65c53cfa-813b-4ebb-a63e-e7fe43d594e6", "start_ticks": "271975428"}, "signal": "SIGKILL", "scope": "exact_original_D108"}
{"event": "signal_sent", "pid": 1901560, "signal": "SIGKILL"}
{"event": "signal_attempt", "pid": 1901559, "identity": {"boot_id": "65c53cfa-813b-4ebb-a63e-e7fe43d594e6", "start_ticks": "271975428"}, "signal": "SIGKILL", "scope": "exact_original_D108"}
{"event": "signal_sent", "pid": 1901559, "signal": "SIGKILL"}
{"event": "signal_attempt", "pid": 1901558, "identity": {"boot_id": "65c53cfa-813b-4ebb-a63e-e7fe43d594e6", "start_ticks": "271975427"}, "signal": "SIGKILL", "scope": "exact_original_D108"}
{"event": "signal_sent", "pid": 1901558, "signal": "SIGKILL"}
{"event": "signal_attempt", "pid": 1901554, "identity": {"boot_id": "65c53cfa-813b-4ebb-a63e-e7fe43d594e6", "start_ticks": "271975427"}, "signal": "SIGKILL", "scope": "exact_original_D108"}
{"event": "signal_sent", "pid": 1901554, "signal": "SIGKILL"}
{"event": "signal_attempt", "pid": 1901553, "identity": {"boot_id": "65c53cfa-813b-4ebb-a63e-e7fe43d594e6", "start_ticks": "271975427"}, "signal": "SIGKILL", "scope": "exact_original_D108"}
{"event": "signal_sent", "pid": 1901553, "signal": "SIGKILL"}
{"event": "signal_attempt", "pid": 1901548, "identity": {"boot_id": "65c53cfa-813b-4ebb-a63e-e7fe43d594e6", "start_ticks": "271975427"}, "signal": "SIGKILL", "scope": "exact_original_D108"}
{"event": "signal_sent", "pid": 1901548, "signal": "SIGKILL"}
{"event": "signal_attempt", "pid": 1901180, "identity": {"boot_id": "65c53cfa-813b-4ebb-a63e-e7fe43d594e6", "start_ticks": "271975408"}, "signal": "SIGKILL", "scope": "exact_original_D108"}
{"event": "signal_sent", "pid": 1901180, "signal": "SIGKILL"}
{"event": "signal_attempt", "pid": 1901177, "identity": {"boot_id": "65c53cfa-813b-4ebb-a63e-e7fe43d594e6", "start_ticks": "271975408"}, "signal": "SIGKILL", "scope": "exact_original_D108"}
{"event": "signal_sent", "pid": 1901177, "signal": "SIGKILL"}
{"event": "signal_attempt", "pid": 1901171, "identity": {"boot_id": "65c53cfa-813b-4ebb-a63e-e7fe43d594e6", "start_ticks": "271975407"}, "signal": "SIGKILL", "scope": "exact_original_D108"}
{"event": "signal_sent", "pid": 1901171, "signal": "SIGKILL"}
{"event": "signal_attempt", "pid": 1901167, "identity": {"boot_id": "65c53cfa-813b-4ebb-a63e-e7fe43d594e6", "start_ticks": "271975407"}, "signal": "SIGKILL", "scope": "exact_original_D108"}
{"event": "signal_sent", "pid": 1901167, "signal": "SIGKILL"}
{"event": "signal_attempt", "pid": 1901166, "identity": {"boot_id": "65c53cfa-813b-4ebb-a63e-e7fe43d594e6", "start_ticks": "271975407"}, "signal": "SIGKILL", "scope": "exact_original_D108"}
{"event": "signal_sent", "pid": 1901166, "signal": "SIGKILL"}
{"event": "signal_attempt", "pid": 1901165, "identity": {"boot_id": "65c53cfa-813b-4ebb-a63e-e7fe43d594e6", "start_ticks": "271975407"}, "signal": "SIGKILL", "scope": "exact_original_D108"}
{"event": "signal_sent", "pid": 1901165, "signal": "SIGKILL"}
{"event": "signal_attempt", "pid": 1901164, "identity": {"boot_id": "65c53cfa-813b-4ebb-a63e-e7fe43d594e6", "start_ticks": "271975407"}, "signal": "SIGKILL", "scope": "exact_original_D108"}
{"event": "signal_sent", "pid": 1901164, "signal": "SIGKILL"}
{"event": "signal_attempt", "pid": 1901163, "identity": {"boot_id": "65c53cfa-813b-4ebb-a63e-e7fe43d594e6", "start_ticks": "271975407"}, "signal": "SIGKILL", "scope": "exact_original_D108"}
{"event": "signal_sent", "pid": 1901163, "signal": "SIGKILL"}
{"event": "signal_attempt", "pid": 1901158, "identity": {"boot_id": "65c53cfa-813b-4ebb-a63e-e7fe43d594e6", "start_ticks": "271975407"}, "signal": "SIGKILL", "scope": "exact_original_D108"}
{"event": "signal_sent", "pid": 1901158, "signal": "SIGKILL"}
{"event": "signal_attempt", "pid": 1901095, "identity": {"boot_id": "65c53cfa-813b-4ebb-a63e-e7fe43d594e6", "start_ticks": "271975401"}, "signal": "SIGKILL", "scope": "exact_original_D108"}
{"event": "signal_sent", "pid": 1901095, "signal": "SIGKILL"}
{"event": "signal_attempt", "pid": 1900972, "identity": {"boot_id": "65c53cfa-813b-4ebb-a63e-e7fe43d594e6", "start_ticks": "271975394"}, "signal": "SIGKILL", "scope": "exact_original_D108"}
{"event": "signal_sent", "pid": 1900972, "signal": "SIGKILL"}
{"event": "signal_attempt", "pid": 1900971, "identity": {"boot_id": "65c53cfa-813b-4ebb-a63e-e7fe43d594e6", "start_ticks": "271975393"}, "signal": "SIGKILL", "scope": "exact_original_D108"}
{"event": "signal_sent", "pid": 1900971, "signal": "SIGKILL"}
{"event": "signal_attempt", "pid": 1900967, "identity": {"boot_id": "65c53cfa-813b-4ebb-a63e-e7fe43d594e6", "start_ticks": "271975393"}, "signal": "SIGKILL", "scope": "exact_original_D108"}
{"event": "signal_sent", "pid": 1900967, "signal": "SIGKILL"}
{"event": "signal_attempt", "pid": 1900966, "identity": {"boot_id": "65c53cfa-813b-4ebb-a63e-e7fe43d594e6", "start_ticks": "271975393"}, "signal": "SIGKILL", "scope": "exact_original_D108"}
{"event": "signal_sent", "pid": 1900966, "signal": "SIGKILL"}
{"event": "signal_attempt", "pid": 1900962, "identity": {"boot_id": "65c53cfa-813b-4ebb-a63e-e7fe43d594e6", "start_ticks": "271975393"}, "signal": "SIGKILL", "scope": "exact_original_D108"}
{"event": "signal_sent", "pid": 1900962, "signal": "SIGKILL"}
{"event": "signal_attempt", "pid": 1900961, "identity": {"boot_id": "65c53cfa-813b-4ebb-a63e-e7fe43d594e6", "start_ticks": "271975393"}, "signal": "SIGKILL", "scope": "exact_original_D108"}
{"event": "signal_sent", "pid": 1900961, "signal": "SIGKILL"}
{"event": "signal_attempt", "pid": 1900960, "identity": {"boot_id": "65c53cfa-813b-4ebb-a63e-e7fe43d594e6", "start_ticks": "271975393"}, "signal": "SIGKILL", "scope": "exact_original_D108"}
{"event": "signal_sent", "pid": 1900960, "signal": "SIGKILL"}
{"event": "signal_attempt", "pid": 1900959, "identity": {"boot_id": "65c53cfa-813b-4ebb-a63e-e7fe43d594e6", "start_ticks": "271975393"}, "signal": "SIGKILL", "scope": "exact_original_D108"}
{"event": "signal_sent", "pid": 1900959, "signal": "SIGKILL"}
{"event": "signal_attempt", "pid": 1900935, "identity": {"boot_id": "65c53cfa-813b-4ebb-a63e-e7fe43d594e6", "start_ticks": "271975390"}, "signal": "SIGKILL", "scope": "exact_original_D108"}
{"event": "signal_sent", "pid": 1900935, "signal": "SIGKILL"}
{"event": "signal_attempt", "pid": 1900725, "identity": {"boot_id": "65c53cfa-813b-4ebb-a63e-e7fe43d594e6", "start_ticks": "271975375"}, "signal": "SIGKILL", "scope": "exact_original_D108"}
{"event": "signal_sent", "pid": 1900725, "signal": "SIGKILL"}
{"event": "signal_attempt", "pid": 1900723, "identity": {"boot_id": "65c53cfa-813b-4ebb-a63e-e7fe43d594e6", "start_ticks": "271975375"}, "signal": "SIGKILL", "scope": "exact_original_D108"}
{"event": "signal_sent", "pid": 1900723, "signal": "SIGKILL"}
{"event": "signal_attempt", "pid": 1900719, "identity": {"boot_id": "65c53cfa-813b-4ebb-a63e-e7fe43d594e6", "start_ticks": "271975375"}, "signal": "SIGKILL", "scope": "exact_original_D108"}
{"event": "signal_sent", "pid": 1900719, "signal": "SIGKILL"}
{"event": "signal_attempt", "pid": 1900715, "identity": {"boot_id": "65c53cfa-813b-4ebb-a63e-e7fe43d594e6", "start_ticks": "271975375"}, "signal": "SIGKILL", "scope": "exact_original_D108"}
{"event": "signal_sent", "pid": 1900715, "signal": "SIGKILL"}
{"event": "signal_attempt", "pid": 1900711, "identity": {"boot_id": "65c53cfa-813b-4ebb-a63e-e7fe43d594e6", "start_ticks": "271975375"}, "signal": "SIGKILL", "scope": "exact_original_D108"}
{"event": "signal_sent", "pid": 1900711, "signal": "SIGKILL"}
{"event": "signal_attempt", "pid": 1900710, "identity": {"boot_id": "65c53cfa-813b-4ebb-a63e-e7fe43d594e6", "start_ticks": "271975374"}, "signal": "SIGKILL", "scope": "exact_original_D108"}
{"event": "signal_sent", "pid": 1900710, "signal": "SIGKILL"}
{"event": "signal_attempt", "pid": 1900705, "identity": {"boot_id": "65c53cfa-813b-4ebb-a63e-e7fe43d594e6", "start_ticks": "271975374"}, "signal": "SIGKILL", "scope": "exact_original_D108"}
{"event": "signal_sent", "pid": 1900705, "signal": "SIGKILL"}
{"event": "signal_attempt", "pid": 1900702, "identity": {"boot_id": "65c53cfa-813b-4ebb-a63e-e7fe43d594e6", "start_ticks": "271975374"}, "signal": "SIGKILL", "scope": "exact_original_D108"}
{"event": "signal_sent", "pid": 1900702, "signal": "SIGKILL"}
{"event": "signal_attempt", "pid": 1900698, "identity": {"boot_id": "65c53cfa-813b-4ebb-a63e-e7fe43d594e6", "start_ticks": "271975374"}, "signal": "SIGKILL", "scope": "exact_original_D108"}
{"event": "signal_sent", "pid": 1900698, "signal": "SIGKILL"}
{"event": "signal_attempt", "pid": 1900589, "identity": {"boot_id": "65c53cfa-813b-4ebb-a63e-e7fe43d594e6", "start_ticks": "271975369"}, "signal": "SIGKILL", "scope": "exact_original_D108"}
{"event": "signal_sent", "pid": 1900589, "signal": "SIGKILL"}
{"event": "signal_attempt", "pid": 1900375, "identity": {"boot_id": "65c53cfa-813b-4ebb-a63e-e7fe43d594e6", "start_ticks": "271975360"}, "signal": "SIGKILL", "scope": "exact_original_D108"}
{"event": "signal_sent", "pid": 1900375, "signal": "SIGKILL"}
{"event": "signal_attempt", "pid": 1899674, "identity": {"boot_id": "65c53cfa-813b-4ebb-a63e-e7fe43d594e6", "start_ticks": "271975324"}, "signal": "SIGKILL", "scope": "exact_original_D108"}
{"event": "signal_sent", "pid": 1899674, "signal": "SIGKILL"}
{"event": "signal_attempt", "pid": 1899673, "identity": {"boot_id": "65c53cfa-813b-4ebb-a63e-e7fe43d594e6", "start_ticks": "271975324"}, "signal": "SIGKILL", "scope": "exact_original_D108"}
{"event": "signal_sent", "pid": 1899673, "signal": "SIGKILL"}
{"event": "signal_attempt", "pid": 1899671, "identity": {"boot_id": "65c53cfa-813b-4ebb-a63e-e7fe43d594e6", "start_ticks": "271975324"}, "signal": "SIGKILL", "scope": "exact_original_D108"}
{"event": "signal_sent", "pid": 1899671, "signal": "SIGKILL"}
{"event": "signal_attempt", "pid": 1899670, "identity": {"boot_id": "65c53cfa-813b-4ebb-a63e-e7fe43d594e6", "start_ticks": "271975324"}, "signal": "SIGKILL", "scope": "exact_original_D108"}
{"event": "signal_sent", "pid": 1899670, "signal": "SIGKILL"}
{"event": "signal_attempt", "pid": 1899669, "identity": {"boot_id": "65c53cfa-813b-4ebb-a63e-e7fe43d594e6", "start_ticks": "271975324"}, "signal": "SIGKILL", "scope": "exact_original_D108"}
{"event": "signal_sent", "pid": 1899669, "signal": "SIGKILL"}
{"event": "signal_attempt", "pid": 1899668, "identity": {"boot_id": "65c53cfa-813b-4ebb-a63e-e7fe43d594e6", "start_ticks": "271975323"}, "signal": "SIGKILL", "scope": "exact_original_D108"}
{"event": "signal_sent", "pid": 1899668, "signal": "SIGKILL"}
{"event": "signal_attempt", "pid": 1899667, "identity": {"boot_id": "65c53cfa-813b-4ebb-a63e-e7fe43d594e6", "start_ticks": "271975323"}, "signal": "SIGKILL", "scope": "exact_original_D108"}
{"event": "signal_sent", "pid": 1899667, "signal": "SIGKILL"}
{"event": "signal_attempt", "pid": 1899666, "identity": {"boot_id": "65c53cfa-813b-4ebb-a63e-e7fe43d594e6", "start_ticks": "271975323"}, "signal": "SIGKILL", "scope": "exact_original_D108"}
{"event": "signal_sent", "pid": 1899666, "signal": "SIGKILL"}
{"event": "signal_attempt", "pid": 1899354, "identity": {"boot_id": "65c53cfa-813b-4ebb-a63e-e7fe43d594e6", "start_ticks": "271975306"}, "signal": "SIGKILL", "scope": "exact_original_D108"}
{"event": "signal_sent", "pid": 1899354, "signal": "SIGKILL"}
{"event": "signal_attempt", "pid": 1899349, "identity": {"boot_id": "65c53cfa-813b-4ebb-a63e-e7fe43d594e6", "start_ticks": "271975305"}, "signal": "SIGKILL", "scope": "exact_original_D108"}
{"event": "signal_sent", "pid": 1899349, "signal": "SIGKILL"}
{"event": "signal_attempt", "pid": 1899348, "identity": {"boot_id": "65c53cfa-813b-4ebb-a63e-e7fe43d594e6", "start_ticks": "271975305"}, "signal": "SIGKILL", "scope": "exact_original_D108"}
{"event": "signal_sent", "pid": 1899348, "signal": "SIGKILL"}
{"event": "signal_attempt", "pid": 1899345, "identity": {"boot_id": "65c53cfa-813b-4ebb-a63e-e7fe43d594e6", "start_ticks": "271975305"}, "signal": "SIGKILL", "scope": "exact_original_D108"}
{"event": "signal_sent", "pid": 1899345, "signal": "SIGKILL"}
{"event": "signal_attempt", "pid": 1899340, "identity": {"boot_id": "65c53cfa-813b-4ebb-a63e-e7fe43d594e6", "start_ticks": "271975305"}, "signal": "SIGKILL", "scope": "exact_original_D108"}
{"event": "signal_sent", "pid": 1899340, "signal": "SIGKILL"}
{"event": "signal_attempt", "pid": 1899339, "identity": {"boot_id": "65c53cfa-813b-4ebb-a63e-e7fe43d594e6", "start_ticks": "271975305"}, "signal": "SIGKILL", "scope": "exact_original_D108"}
{"event": "signal_sent", "pid": 1899339, "signal": "SIGKILL"}
{"event": "signal_attempt", "pid": 1899338, "identity": {"boot_id": "65c53cfa-813b-4ebb-a63e-e7fe43d594e6", "start_ticks": "271975305"}, "signal": "SIGKILL", "scope": "exact_original_D108"}
{"event": "signal_sent", "pid": 1899338, "signal": "SIGKILL"}
{"event": "signal_attempt", "pid": 1899337, "identity": {"boot_id": "65c53cfa-813b-4ebb-a63e-e7fe43d594e6", "start_ticks": "271975305"}, "signal": "SIGKILL", "scope": "exact_original_D108"}
{"event": "signal_sent", "pid": 1899337, "signal": "SIGKILL"}
{"event": "signal_attempt", "pid": 1899336, "identity": {"boot_id": "65c53cfa-813b-4ebb-a63e-e7fe43d594e6", "start_ticks": "271975305"}, "signal": "SIGKILL", "scope": "exact_original_D108"}
{"event": "signal_sent", "pid": 1899336, "signal": "SIGKILL"}
{"event": "signal_attempt", "pid": 1899293, "identity": {"boot_id": "65c53cfa-813b-4ebb-a63e-e7fe43d594e6", "start_ticks": "271975300"}, "signal": "SIGKILL", "scope": "exact_original_D108"}
{"event": "signal_sent", "pid": 1899293, "signal": "SIGKILL"}
{"event": "signal_attempt", "pid": 1899151, "identity": {"boot_id": "65c53cfa-813b-4ebb-a63e-e7fe43d594e6", "start_ticks": "271975290"}, "signal": "SIGKILL", "scope": "exact_original_D108"}
{"event": "signal_sent", "pid": 1899151, "signal": "SIGKILL"}
{"event": "signal_attempt", "pid": 1897420, "identity": {"boot_id": "65c53cfa-813b-4ebb-a63e-e7fe43d594e6", "start_ticks": "271975016"}, "signal": "SIGKILL", "scope": "exact_original_D108"}
{"event": "signal_sent", "pid": 1897420, "signal": "SIGKILL"}
{"event": "signal_attempt", "pid": 1897418, "identity": {"boot_id": "65c53cfa-813b-4ebb-a63e-e7fe43d594e6", "start_ticks": "271975016"}, "signal": "SIGKILL", "scope": "exact_original_D108"}
{"event": "signal_sent", "pid": 1897418, "signal": "SIGKILL"}
{"event": "signal_attempt", "pid": 1897417, "identity": {"boot_id": "65c53cfa-813b-4ebb-a63e-e7fe43d594e6", "start_ticks": "271975015"}, "signal": "SIGKILL", "scope": "exact_original_D108"}
{"event": "signal_sent", "pid": 1897417, "signal": "SIGKILL"}
{"event": "signal_attempt", "pid": 1897414, "identity": {"boot_id": "65c53cfa-813b-4ebb-a63e-e7fe43d594e6", "start_ticks": "271975015"}, "signal": "SIGKILL", "scope": "exact_original_D108"}
{"event": "signal_sent", "pid": 1897414, "signal": "SIGKILL"}
{"event": "signal_attempt", "pid": 1897413, "identity": {"boot_id": "65c53cfa-813b-4ebb-a63e-e7fe43d594e6", "start_ticks": "271975015"}, "signal": "SIGKILL", "scope": "exact_original_D108"}
{"event": "signal_sent", "pid": 1897413, "signal": "SIGKILL"}
{"event": "signal_attempt", "pid": 1897411, "identity": {"boot_id": "65c53cfa-813b-4ebb-a63e-e7fe43d594e6", "start_ticks": "271975015"}, "signal": "SIGKILL", "scope": "exact_original_D108"}
{"event": "signal_sent", "pid": 1897411, "signal": "SIGKILL"}
{"event": "signal_attempt", "pid": 1897410, "identity": {"boot_id": "65c53cfa-813b-4ebb-a63e-e7fe43d594e6", "start_ticks": "271975015"}, "signal": "SIGKILL", "scope": "exact_original_D108"}
{"event": "signal_sent", "pid": 1897410, "signal": "SIGKILL"}
{"event": "signal_attempt", "pid": 1897409, "identity": {"boot_id": "65c53cfa-813b-4ebb-a63e-e7fe43d594e6", "start_ticks": "271975015"}, "signal": "SIGKILL", "scope": "exact_original_D108"}
{"event": "signal_sent", "pid": 1897409, "signal": "SIGKILL"}
{"event": "signal_attempt", "pid": 1897385, "identity": {"boot_id": "65c53cfa-813b-4ebb-a63e-e7fe43d594e6", "start_ticks": "271974987"}, "signal": "SIGKILL", "scope": "exact_original_D108"}
{"event": "signal_sent", "pid": 1897385, "signal": "SIGKILL"}
{"event": "signal_attempt", "pid": 1897384, "identity": {"boot_id": "65c53cfa-813b-4ebb-a63e-e7fe43d594e6", "start_ticks": "271974986"}, "signal": "SIGKILL", "scope": "exact_original_D108"}
{"event": "signal_sent", "pid": 1897384, "signal": "SIGKILL"}
{"event": "signal_attempt", "pid": 1897383, "identity": {"boot_id": "65c53cfa-813b-4ebb-a63e-e7fe43d594e6", "start_ticks": "271974986"}, "signal": "SIGKILL", "scope": "exact_original_D108"}
{"event": "signal_sent", "pid": 1897383, "signal": "SIGKILL"}
{"event": "signal_attempt", "pid": 1897382, "identity": {"boot_id": "65c53cfa-813b-4ebb-a63e-e7fe43d594e6", "start_ticks": "271974986"}, "signal": "SIGKILL", "scope": "exact_original_D108"}
{"event": "signal_sent", "pid": 1897382, "signal": "SIGKILL"}
{"event": "signal_attempt", "pid": 1897381, "identity": {"boot_id": "65c53cfa-813b-4ebb-a63e-e7fe43d594e6", "start_ticks": "271974986"}, "signal": "SIGKILL", "scope": "exact_original_D108"}
{"event": "signal_sent", "pid": 1897381, "signal": "SIGKILL"}
{"event": "signal_attempt", "pid": 1897380, "identity": {"boot_id": "65c53cfa-813b-4ebb-a63e-e7fe43d594e6", "start_ticks": "271974986"}, "signal": "SIGKILL", "scope": "exact_original_D108"}
{"event": "signal_sent", "pid": 1897380, "signal": "SIGKILL"}
{"event": "signal_attempt", "pid": 1897379, "identity": {"boot_id": "65c53cfa-813b-4ebb-a63e-e7fe43d594e6", "start_ticks": "271974986"}, "signal": "SIGKILL", "scope": "exact_original_D108"}
{"event": "signal_sent", "pid": 1897379, "signal": "SIGKILL"}
{"event": "signal_attempt", "pid": 1897378, "identity": {"boot_id": "65c53cfa-813b-4ebb-a63e-e7fe43d594e6", "start_ticks": "271974986"}, "signal": "SIGKILL", "scope": "exact_original_D108"}
{"event": "signal_sent", "pid": 1897378, "signal": "SIGKILL"}
{"event": "signal_attempt", "pid": 1897377, "identity": {"boot_id": "65c53cfa-813b-4ebb-a63e-e7fe43d594e6", "start_ticks": "271974985"}, "signal": "SIGKILL", "scope": "exact_original_D108"}
{"event": "signal_sent", "pid": 1897377, "signal": "SIGKILL"}
{"event": "signal_attempt", "pid": 1897376, "identity": {"boot_id": "65c53cfa-813b-4ebb-a63e-e7fe43d594e6", "start_ticks": "271974981"}, "signal": "SIGKILL", "scope": "exact_original_D108"}
{"event": "signal_sent", "pid": 1897376, "signal": "SIGKILL"}
{"event": "signal_attempt", "pid": 1897313, "identity": {"boot_id": "65c53cfa-813b-4ebb-a63e-e7fe43d594e6", "start_ticks": "271974970"}, "signal": "SIGKILL", "scope": "exact_original_D108"}
{"event": "signal_sent", "pid": 1897313, "signal": "SIGKILL"}
{"event": "signal_attempt", "pid": 1897177, "identity": {"boot_id": "65c53cfa-813b-4ebb-a63e-e7fe43d594e6", "start_ticks": "271974906"}, "signal": "SIGKILL", "scope": "exact_original_D108"}
{"event": "signal_sent", "pid": 1897177, "signal": "SIGKILL"}
{"event": "signal_attempt", "pid": 1897175, "identity": {"boot_id": "65c53cfa-813b-4ebb-a63e-e7fe43d594e6", "start_ticks": "271974905"}, "signal": "SIGKILL", "scope": "exact_original_D108"}
{"event": "signal_sent", "pid": 1897175, "signal": "SIGKILL"}
{"event": "signal_attempt", "pid": 1897174, "identity": {"boot_id": "65c53cfa-813b-4ebb-a63e-e7fe43d594e6", "start_ticks": "271974905"}, "signal": "SIGKILL", "scope": "exact_original_D108"}
{"event": "signal_sent", "pid": 1897174, "signal": "SIGKILL"}
{"event": "signal_attempt", "pid": 1897167, "identity": {"boot_id": "65c53cfa-813b-4ebb-a63e-e7fe43d594e6", "start_ticks": "271974905"}, "signal": "SIGKILL", "scope": "exact_original_D108"}
{"event": "signal_sent", "pid": 1897167, "signal": "SIGKILL"}
{"event": "signal_attempt", "pid": 1897165, "identity": {"boot_id": "65c53cfa-813b-4ebb-a63e-e7fe43d594e6", "start_ticks": "271974905"}, "signal": "SIGKILL", "scope": "exact_original_D108"}
{"event": "signal_sent", "pid": 1897165, "signal": "SIGKILL"}
{"event": "signal_attempt", "pid": 1897163, "identity": {"boot_id": "65c53cfa-813b-4ebb-a63e-e7fe43d594e6", "start_ticks": "271974905"}, "signal": "SIGKILL", "scope": "exact_original_D108"}
{"event": "signal_sent", "pid": 1897163, "signal": "SIGKILL"}
{"event": "signal_attempt", "pid": 1897161, "identity": {"boot_id": "65c53cfa-813b-4ebb-a63e-e7fe43d594e6", "start_ticks": "271974905"}, "signal": "SIGKILL", "scope": "exact_original_D108"}
{"event": "signal_sent", "pid": 1897161, "signal": "SIGKILL"}
{"event": "signal_attempt", "pid": 1897155, "identity": {"boot_id": "65c53cfa-813b-4ebb-a63e-e7fe43d594e6", "start_ticks": "271974905"}, "signal": "SIGKILL", "scope": "exact_original_D108"}
{"event": "signal_sent", "pid": 1897155, "signal": "SIGKILL"}
{"event": "signal_attempt", "pid": 1896891, "identity": {"boot_id": "65c53cfa-813b-4ebb-a63e-e7fe43d594e6", "start_ticks": "271974884"}, "signal": "SIGKILL", "scope": "exact_original_D108"}
{"event": "signal_sent", "pid": 1896891, "signal": "SIGKILL"}
{"event": "signal_attempt", "pid": 1896889, "identity": {"boot_id": "65c53cfa-813b-4ebb-a63e-e7fe43d594e6", "start_ticks": "271974884"}, "signal": "SIGKILL", "scope": "exact_original_D108"}
{"event": "signal_sent", "pid": 1896889, "signal": "SIGKILL"}
{"event": "signal_attempt", "pid": 1896888, "identity": {"boot_id": "65c53cfa-813b-4ebb-a63e-e7fe43d594e6", "start_ticks": "271974884"}, "signal": "SIGKILL", "scope": "exact_original_D108"}
{"event": "signal_sent", "pid": 1896888, "signal": "SIGKILL"}
{"event": "signal_attempt", "pid": 1896887, "identity": {"boot_id": "65c53cfa-813b-4ebb-a63e-e7fe43d594e6", "start_ticks": "271974884"}, "signal": "SIGKILL", "scope": "exact_original_D108"}
{"event": "signal_sent", "pid": 1896887, "signal": "SIGKILL"}
{"event": "signal_attempt", "pid": 1896886, "identity": {"boot_id": "65c53cfa-813b-4ebb-a63e-e7fe43d594e6", "start_ticks": "271974884"}, "signal": "SIGKILL", "scope": "exact_original_D108"}
{"event": "signal_sent", "pid": 1896886, "signal": "SIGKILL"}
{"event": "signal_attempt", "pid": 1896885, "identity": {"boot_id": "65c53cfa-813b-4ebb-a63e-e7fe43d594e6", "start_ticks": "271974884"}, "signal": "SIGKILL", "scope": "exact_original_D108"}
{"event": "signal_sent", "pid": 1896885, "signal": "SIGKILL"}
{"event": "signal_attempt", "pid": 1896884, "identity": {"boot_id": "65c53cfa-813b-4ebb-a63e-e7fe43d594e6", "start_ticks": "271974884"}, "signal": "SIGKILL", "scope": "exact_original_D108"}
{"event": "signal_sent", "pid": 1896884, "signal": "SIGKILL"}
{"event": "signal_attempt", "pid": 1896883, "identity": {"boot_id": "65c53cfa-813b-4ebb-a63e-e7fe43d594e6", "start_ticks": "271974883"}, "signal": "SIGKILL", "scope": "exact_original_D108"}
{"event": "signal_sent", "pid": 1896883, "signal": "SIGKILL"}
{"event": "signal_attempt", "pid": 1896882, "identity": {"boot_id": "65c53cfa-813b-4ebb-a63e-e7fe43d594e6", "start_ticks": "271974883"}, "signal": "SIGKILL", "scope": "exact_original_D108"}
{"event": "signal_sent", "pid": 1896882, "signal": "SIGKILL"}
{"event": "signal_attempt", "pid": 1896868, "identity": {"boot_id": "65c53cfa-813b-4ebb-a63e-e7fe43d594e6", "start_ticks": "271974878"}, "signal": "SIGKILL", "scope": "exact_original_D108"}
{"event": "signal_sent", "pid": 1896868, "signal": "SIGKILL"}
{"event": "signal_attempt", "pid": 1896756, "identity": {"boot_id": "65c53cfa-813b-4ebb-a63e-e7fe43d594e6", "start_ticks": "271974868"}, "signal": "SIGKILL", "scope": "exact_original_D108"}
{"event": "signal_sent", "pid": 1896756, "signal": "SIGKILL"}
{"event": "signal_attempt", "pid": 1896087, "identity": {"boot_id": "65c53cfa-813b-4ebb-a63e-e7fe43d594e6", "start_ticks": "271974766"}, "signal": "SIGKILL", "scope": "exact_original_D108"}
{"event": "signal_sent", "pid": 1896087, "signal": "SIGKILL"}
{"event": "signal_attempt", "pid": 1896086, "identity": {"boot_id": "65c53cfa-813b-4ebb-a63e-e7fe43d594e6", "start_ticks": "271974766"}, "signal": "SIGKILL", "scope": "exact_original_D108"}
{"event": "signal_sent", "pid": 1896086, "signal": "SIGKILL"}
{"event": "signal_attempt", "pid": 1896085, "identity": {"boot_id": "65c53cfa-813b-4ebb-a63e-e7fe43d594e6", "start_ticks": "271974766"}, "signal": "SIGKILL", "scope": "exact_original_D108"}
{"event": "signal_sent", "pid": 1896085, "signal": "SIGKILL"}
{"event": "signal_attempt", "pid": 1896084, "identity": {"boot_id": "65c53cfa-813b-4ebb-a63e-e7fe43d594e6", "start_ticks": "271974766"}, "signal": "SIGKILL", "scope": "exact_original_D108"}
{"event": "signal_sent", "pid": 1896084, "signal": "SIGKILL"}
{"event": "signal_attempt", "pid": 1896083, "identity": {"boot_id": "65c53cfa-813b-4ebb-a63e-e7fe43d594e6", "start_ticks": "271974766"}, "signal": "SIGKILL", "scope": "exact_original_D108"}
{"event": "signal_sent", "pid": 1896083, "signal": "SIGKILL"}
{"event": "signal_attempt", "pid": 1896082, "identity": {"boot_id": "65c53cfa-813b-4ebb-a63e-e7fe43d594e6", "start_ticks": "271974766"}, "signal": "SIGKILL", "scope": "exact_original_D108"}
{"event": "signal_sent", "pid": 1896082, "signal": "SIGKILL"}
{"event": "signal_attempt", "pid": 1896081, "identity": {"boot_id": "65c53cfa-813b-4ebb-a63e-e7fe43d594e6", "start_ticks": "271974766"}, "signal": "SIGKILL", "scope": "exact_original_D108"}
{"event": "signal_sent", "pid": 1896081, "signal": "SIGKILL"}
{"event": "signal_attempt", "pid": 1896080, "identity": {"boot_id": "65c53cfa-813b-4ebb-a63e-e7fe43d594e6", "start_ticks": "271974765"}, "signal": "SIGKILL", "scope": "exact_original_D108"}
{"event": "signal_sent", "pid": 1896080, "signal": "SIGKILL"}
{"event": "signal_attempt", "pid": 1896042, "identity": {"boot_id": "65c53cfa-813b-4ebb-a63e-e7fe43d594e6", "start_ticks": "271974745"}, "signal": "SIGKILL", "scope": "exact_original_D108"}
{"event": "signal_sent", "pid": 1896042, "signal": "SIGKILL"}
{"event": "signal_attempt", "pid": 1896041, "identity": {"boot_id": "65c53cfa-813b-4ebb-a63e-e7fe43d594e6", "start_ticks": "271974744"}, "signal": "SIGKILL", "scope": "exact_original_D108"}
{"event": "signal_sent", "pid": 1896041, "signal": "SIGKILL"}
{"event": "signal_attempt", "pid": 1896040, "identity": {"boot_id": "65c53cfa-813b-4ebb-a63e-e7fe43d594e6", "start_ticks": "271974744"}, "signal": "SIGKILL", "scope": "exact_original_D108"}
{"event": "signal_sent", "pid": 1896040, "signal": "SIGKILL"}
{"event": "signal_attempt", "pid": 1896039, "identity": {"boot_id": "65c53cfa-813b-4ebb-a63e-e7fe43d594e6", "start_ticks": "271974744"}, "signal": "SIGKILL", "scope": "exact_original_D108"}
{"event": "signal_sent", "pid": 1896039, "signal": "SIGKILL"}
{"event": "signal_attempt", "pid": 1896038, "identity": {"boot_id": "65c53cfa-813b-4ebb-a63e-e7fe43d594e6", "start_ticks": "271974744"}, "signal": "SIGKILL", "scope": "exact_original_D108"}
{"event": "signal_sent", "pid": 1896038, "signal": "SIGKILL"}
{"event": "signal_attempt", "pid": 1896037, "identity": {"boot_id": "65c53cfa-813b-4ebb-a63e-e7fe43d594e6", "start_ticks": "271974744"}, "signal": "SIGKILL", "scope": "exact_original_D108"}
{"event": "signal_sent", "pid": 1896037, "signal": "SIGKILL"}
{"event": "signal_attempt", "pid": 1896036, "identity": {"boot_id": "65c53cfa-813b-4ebb-a63e-e7fe43d594e6", "start_ticks": "271974744"}, "signal": "SIGKILL", "scope": "exact_original_D108"}
{"event": "signal_sent", "pid": 1896036, "signal": "SIGKILL"}
{"event": "signal_attempt", "pid": 1896035, "identity": {"boot_id": "65c53cfa-813b-4ebb-a63e-e7fe43d594e6", "start_ticks": "271974744"}, "signal": "SIGKILL", "scope": "exact_original_D108"}
{"event": "signal_sent", "pid": 1896035, "signal": "SIGKILL"}
{"event": "signal_attempt", "pid": 1896034, "identity": {"boot_id": "65c53cfa-813b-4ebb-a63e-e7fe43d594e6", "start_ticks": "271974743"}, "signal": "SIGKILL", "scope": "exact_original_D108"}
{"event": "signal_sent", "pid": 1896034, "signal": "SIGKILL"}
{"event": "signal_attempt", "pid": 1896032, "identity": {"boot_id": "65c53cfa-813b-4ebb-a63e-e7fe43d594e6", "start_ticks": "271974738"}, "signal": "SIGKILL", "scope": "exact_original_D108"}
{"event": "signal_sent", "pid": 1896032, "signal": "SIGKILL"}
{"event": "signal_attempt", "pid": 1895892, "identity": {"boot_id": "65c53cfa-813b-4ebb-a63e-e7fe43d594e6", "start_ticks": "271974726"}, "signal": "SIGKILL", "scope": "exact_original_D108"}
{"event": "signal_sent", "pid": 1895892, "signal": "SIGKILL"}
{"event": "signal_attempt", "pid": 1895436, "identity": {"boot_id": "65c53cfa-813b-4ebb-a63e-e7fe43d594e6", "start_ticks": "271974630"}, "signal": "SIGKILL", "scope": "exact_original_D108"}
{"event": "signal_sent", "pid": 1895436, "signal": "SIGKILL"}
{"event": "signal_attempt", "pid": 1895433, "identity": {"boot_id": "65c53cfa-813b-4ebb-a63e-e7fe43d594e6", "start_ticks": "271974630"}, "signal": "SIGKILL", "scope": "exact_original_D108"}
{"event": "signal_sent", "pid": 1895433, "signal": "SIGKILL"}
{"event": "signal_attempt", "pid": 1895430, "identity": {"boot_id": "65c53cfa-813b-4ebb-a63e-e7fe43d594e6", "start_ticks": "271974630"}, "signal": "SIGKILL", "scope": "exact_original_D108"}
{"event": "signal_sent", "pid": 1895430, "signal": "SIGKILL"}
{"event": "signal_attempt", "pid": 1895429, "identity": {"boot_id": "65c53cfa-813b-4ebb-a63e-e7fe43d594e6", "start_ticks": "271974630"}, "signal": "SIGKILL", "scope": "exact_original_D108"}
{"event": "signal_sent", "pid": 1895429, "signal": "SIGKILL"}
{"event": "signal_attempt", "pid": 1895425, "identity": {"boot_id": "65c53cfa-813b-4ebb-a63e-e7fe43d594e6", "start_ticks": "271974630"}, "signal": "SIGKILL", "scope": "exact_original_D108"}
{"event": "signal_sent", "pid": 1895425, "signal": "SIGKILL"}
{"event": "signal_attempt", "pid": 1895424, "identity": {"boot_id": "65c53cfa-813b-4ebb-a63e-e7fe43d594e6", "start_ticks": "271974630"}, "signal": "SIGKILL", "scope": "exact_original_D108"}
{"event": "signal_sent", "pid": 1895424, "signal": "SIGKILL"}
{"event": "signal_attempt", "pid": 1895423, "identity": {"boot_id": "65c53cfa-813b-4ebb-a63e-e7fe43d594e6", "start_ticks": "271974630"}, "signal": "SIGKILL", "scope": "exact_original_D108"}
{"event": "signal_sent", "pid": 1895423, "signal": "SIGKILL"}
{"event": "signal_attempt", "pid": 1895419, "identity": {"boot_id": "65c53cfa-813b-4ebb-a63e-e7fe43d594e6", "start_ticks": "271974629"}, "signal": "SIGKILL", "scope": "exact_original_D108"}
{"event": "signal_sent", "pid": 1895419, "signal": "SIGKILL"}
{"event": "signal_attempt", "pid": 1895107, "identity": {"boot_id": "65c53cfa-813b-4ebb-a63e-e7fe43d594e6", "start_ticks": "271974609"}, "signal": "SIGKILL", "scope": "exact_original_D108"}
{"event": "signal_sent", "pid": 1895107, "signal": "SIGKILL"}
{"event": "signal_attempt", "pid": 1895106, "identity": {"boot_id": "65c53cfa-813b-4ebb-a63e-e7fe43d594e6", "start_ticks": "271974609"}, "signal": "SIGKILL", "scope": "exact_original_D108"}
{"event": "signal_sent", "pid": 1895106, "signal": "SIGKILL"}
{"event": "signal_attempt", "pid": 1895105, "identity": {"boot_id": "65c53cfa-813b-4ebb-a63e-e7fe43d594e6", "start_ticks": "271974609"}, "signal": "SIGKILL", "scope": "exact_original_D108"}
{"event": "signal_sent", "pid": 1895105, "signal": "SIGKILL"}
{"event": "signal_attempt", "pid": 1895104, "identity": {"boot_id": "65c53cfa-813b-4ebb-a63e-e7fe43d594e6", "start_ticks": "271974608"}, "signal": "SIGKILL", "scope": "exact_original_D108"}
{"event": "signal_sent", "pid": 1895104, "signal": "SIGKILL"}
{"event": "signal_attempt", "pid": 1895103, "identity": {"boot_id": "65c53cfa-813b-4ebb-a63e-e7fe43d594e6", "start_ticks": "271974608"}, "signal": "SIGKILL", "scope": "exact_original_D108"}
{"event": "signal_sent", "pid": 1895103, "signal": "SIGKILL"}
{"event": "signal_attempt", "pid": 1895102, "identity": {"boot_id": "65c53cfa-813b-4ebb-a63e-e7fe43d594e6", "start_ticks": "271974608"}, "signal": "SIGKILL", "scope": "exact_original_D108"}
{"event": "signal_sent", "pid": 1895102, "signal": "SIGKILL"}
{"event": "signal_attempt", "pid": 1895101, "identity": {"boot_id": "65c53cfa-813b-4ebb-a63e-e7fe43d594e6", "start_ticks": "271974608"}, "signal": "SIGKILL", "scope": "exact_original_D108"}
{"event": "signal_sent", "pid": 1895101, "signal": "SIGKILL"}
{"event": "signal_attempt", "pid": 1895100, "identity": {"boot_id": "65c53cfa-813b-4ebb-a63e-e7fe43d594e6", "start_ticks": "271974608"}, "signal": "SIGKILL", "scope": "exact_original_D108"}
{"event": "signal_sent", "pid": 1895100, "signal": "SIGKILL"}
{"event": "signal_attempt", "pid": 1895098, "identity": {"boot_id": "65c53cfa-813b-4ebb-a63e-e7fe43d594e6", "start_ticks": "271974608"}, "signal": "SIGKILL", "scope": "exact_original_D108"}
{"event": "signal_sent", "pid": 1895098, "signal": "SIGKILL"}
{"event": "signal_attempt", "pid": 1895054, "identity": {"boot_id": "65c53cfa-813b-4ebb-a63e-e7fe43d594e6", "start_ticks": "271974603"}, "signal": "SIGKILL", "scope": "exact_original_D108"}
{"event": "signal_sent", "pid": 1895054, "signal": "SIGKILL"}
{"event": "signal_attempt", "pid": 1894949, "identity": {"boot_id": "65c53cfa-813b-4ebb-a63e-e7fe43d594e6", "start_ticks": "271974593"}, "signal": "SIGKILL", "scope": "exact_original_D108"}
{"event": "signal_sent", "pid": 1894949, "signal": "SIGKILL"}
{"event": "signal_attempt", "pid": 1894605, "identity": {"boot_id": "65c53cfa-813b-4ebb-a63e-e7fe43d594e6", "start_ticks": "271974547"}, "signal": "SIGKILL", "scope": "exact_original_D108"}
{"event": "signal_sent", "pid": 1894605, "signal": "SIGKILL"}
{"event": "signal_attempt", "pid": 1894599, "identity": {"boot_id": "65c53cfa-813b-4ebb-a63e-e7fe43d594e6", "start_ticks": "271974547"}, "signal": "SIGKILL", "scope": "exact_original_D108"}
{"event": "signal_sent", "pid": 1894599, "signal": "SIGKILL"}
{"event": "signal_attempt", "pid": 1894598, "identity": {"boot_id": "65c53cfa-813b-4ebb-a63e-e7fe43d594e6", "start_ticks": "271974547"}, "signal": "SIGKILL", "scope": "exact_original_D108"}
{"event": "signal_sent", "pid": 1894598, "signal": "SIGKILL"}
{"event": "signal_attempt", "pid": 1894597, "identity": {"boot_id": "65c53cfa-813b-4ebb-a63e-e7fe43d594e6", "start_ticks": "271974547"}, "signal": "SIGKILL", "scope": "exact_original_D108"}
{"event": "signal_sent", "pid": 1894597, "signal": "SIGKILL"}
{"event": "signal_attempt", "pid": 1894596, "identity": {"boot_id": "65c53cfa-813b-4ebb-a63e-e7fe43d594e6", "start_ticks": "271974547"}, "signal": "SIGKILL", "scope": "exact_original_D108"}
{"event": "signal_sent", "pid": 1894596, "signal": "SIGKILL"}
{"event": "signal_attempt", "pid": 1894592, "identity": {"boot_id": "65c53cfa-813b-4ebb-a63e-e7fe43d594e6", "start_ticks": "271974547"}, "signal": "SIGKILL", "scope": "exact_original_D108"}
{"event": "signal_sent", "pid": 1894592, "signal": "SIGKILL"}
{"event": "signal_attempt", "pid": 1894590, "identity": {"boot_id": "65c53cfa-813b-4ebb-a63e-e7fe43d594e6", "start_ticks": "271974547"}, "signal": "SIGKILL", "scope": "exact_original_D108"}
{"event": "signal_sent", "pid": 1894590, "signal": "SIGKILL"}
{"event": "signal_attempt", "pid": 1894589, "identity": {"boot_id": "65c53cfa-813b-4ebb-a63e-e7fe43d594e6", "start_ticks": "271974547"}, "signal": "SIGKILL", "scope": "exact_original_D108"}
{"event": "signal_sent", "pid": 1894589, "signal": "SIGKILL"}
{"event": "signal_attempt", "pid": 1894469, "identity": {"boot_id": "65c53cfa-813b-4ebb-a63e-e7fe43d594e6", "start_ticks": "271974529"}, "signal": "SIGKILL", "scope": "exact_original_D108"}
{"event": "signal_sent", "pid": 1894469, "signal": "SIGKILL"}
{"event": "signal_attempt", "pid": 1894467, "identity": {"boot_id": "65c53cfa-813b-4ebb-a63e-e7fe43d594e6", "start_ticks": "271974529"}, "signal": "SIGKILL", "scope": "exact_original_D108"}
{"event": "signal_sent", "pid": 1894467, "signal": "SIGKILL"}
{"event": "signal_attempt", "pid": 1894466, "identity": {"boot_id": "65c53cfa-813b-4ebb-a63e-e7fe43d594e6", "start_ticks": "271974529"}, "signal": "SIGKILL", "scope": "exact_original_D108"}
{"event": "signal_sent", "pid": 1894466, "signal": "SIGKILL"}
{"event": "signal_attempt", "pid": 1894463, "identity": {"boot_id": "65c53cfa-813b-4ebb-a63e-e7fe43d594e6", "start_ticks": "271974529"}, "signal": "SIGKILL", "scope": "exact_original_D108"}
{"event": "signal_sent", "pid": 1894463, "signal": "SIGKILL"}
{"event": "signal_attempt", "pid": 1894459, "identity": {"boot_id": "65c53cfa-813b-4ebb-a63e-e7fe43d594e6", "start_ticks": "271974528"}, "signal": "SIGKILL", "scope": "exact_original_D108"}
{"event": "signal_sent", "pid": 1894459, "signal": "SIGKILL"}
{"event": "signal_attempt", "pid": 1894457, "identity": {"boot_id": "65c53cfa-813b-4ebb-a63e-e7fe43d594e6", "start_ticks": "271974528"}, "signal": "SIGKILL", "scope": "exact_original_D108"}
{"event": "signal_sent", "pid": 1894457, "signal": "SIGKILL"}
{"event": "signal_attempt", "pid": 1894456, "identity": {"boot_id": "65c53cfa-813b-4ebb-a63e-e7fe43d594e6", "start_ticks": "271974528"}, "signal": "SIGKILL", "scope": "exact_original_D108"}
{"event": "signal_sent", "pid": 1894456, "signal": "SIGKILL"}
{"event": "signal_attempt", "pid": 1894452, "identity": {"boot_id": "65c53cfa-813b-4ebb-a63e-e7fe43d594e6", "start_ticks": "271974528"}, "signal": "SIGKILL", "scope": "exact_original_D108"}
{"event": "signal_sent", "pid": 1894452, "signal": "SIGKILL"}
{"event": "signal_attempt", "pid": 1894451, "identity": {"boot_id": "65c53cfa-813b-4ebb-a63e-e7fe43d594e6", "start_ticks": "271974528"}, "signal": "SIGKILL", "scope": "exact_original_D108"}
{"event": "signal_sent", "pid": 1894451, "signal": "SIGKILL"}
{"event": "signal_attempt", "pid": 1894447, "identity": {"boot_id": "65c53cfa-813b-4ebb-a63e-e7fe43d594e6", "start_ticks": "271974523"}, "signal": "SIGKILL", "scope": "exact_original_D108"}
{"event": "signal_sent", "pid": 1894447, "signal": "SIGKILL"}
{"event": "signal_attempt", "pid": 1894322, "identity": {"boot_id": "65c53cfa-813b-4ebb-a63e-e7fe43d594e6", "start_ticks": "271974512"}, "signal": "SIGKILL", "scope": "exact_original_D108"}
{"event": "signal_sent", "pid": 1894322, "signal": "SIGKILL"}
{"event": "signal_attempt", "pid": 1893587, "identity": {"boot_id": "65c53cfa-813b-4ebb-a63e-e7fe43d594e6", "start_ticks": "271974379"}, "signal": "SIGKILL", "scope": "exact_original_D108"}
{"event": "signal_sent", "pid": 1893587, "signal": "SIGKILL"}
{"event": "signal_attempt", "pid": 1893583, "identity": {"boot_id": "65c53cfa-813b-4ebb-a63e-e7fe43d594e6", "start_ticks": "271974379"}, "signal": "SIGKILL", "scope": "exact_original_D108"}
{"event": "signal_sent", "pid": 1893583, "signal": "SIGKILL"}
{"event": "signal_attempt", "pid": 1893582, "identity": {"boot_id": "65c53cfa-813b-4ebb-a63e-e7fe43d594e6", "start_ticks": "271974379"}, "signal": "SIGKILL", "scope": "exact_original_D108"}
{"event": "signal_sent", "pid": 1893582, "signal": "SIGKILL"}
{"event": "signal_attempt", "pid": 1893581, "identity": {"boot_id": "65c53cfa-813b-4ebb-a63e-e7fe43d594e6", "start_ticks": "271974379"}, "signal": "SIGKILL", "scope": "exact_original_D108"}
{"event": "signal_sent", "pid": 1893581, "signal": "SIGKILL"}
{"event": "signal_attempt", "pid": 1893580, "identity": {"boot_id": "65c53cfa-813b-4ebb-a63e-e7fe43d594e6", "start_ticks": "271974379"}, "signal": "SIGKILL", "scope": "exact_original_D108"}
{"event": "signal_sent", "pid": 1893580, "signal": "SIGKILL"}
{"event": "signal_attempt", "pid": 1893577, "identity": {"boot_id": "65c53cfa-813b-4ebb-a63e-e7fe43d594e6", "start_ticks": "271974379"}, "signal": "SIGKILL", "scope": "exact_original_D108"}
{"event": "signal_sent", "pid": 1893577, "signal": "SIGKILL"}
{"event": "signal_attempt", "pid": 1893575, "identity": {"boot_id": "65c53cfa-813b-4ebb-a63e-e7fe43d594e6", "start_ticks": "271974379"}, "signal": "SIGKILL", "scope": "exact_original_D108"}
{"event": "signal_sent", "pid": 1893575, "signal": "SIGKILL"}
{"event": "signal_attempt", "pid": 1893574, "identity": {"boot_id": "65c53cfa-813b-4ebb-a63e-e7fe43d594e6", "start_ticks": "271974378"}, "signal": "SIGKILL", "scope": "exact_original_D108"}
{"event": "signal_sent", "pid": 1893574, "signal": "SIGKILL"}
{"event": "signal_attempt", "pid": 1893295, "identity": {"boot_id": "65c53cfa-813b-4ebb-a63e-e7fe43d594e6", "start_ticks": "271974360"}, "signal": "SIGKILL", "scope": "exact_original_D108"}
{"event": "signal_sent", "pid": 1893295, "signal": "SIGKILL"}
{"event": "signal_attempt", "pid": 1893291, "identity": {"boot_id": "65c53cfa-813b-4ebb-a63e-e7fe43d594e6", "start_ticks": "271974360"}, "signal": "SIGKILL", "scope": "exact_original_D108"}
{"event": "signal_sent", "pid": 1893291, "signal": "SIGKILL"}
{"event": "signal_attempt", "pid": 1893290, "identity": {"boot_id": "65c53cfa-813b-4ebb-a63e-e7fe43d594e6", "start_ticks": "271974360"}, "signal": "SIGKILL", "scope": "exact_original_D108"}
{"event": "signal_sent", "pid": 1893290, "signal": "SIGKILL"}
{"event": "signal_attempt", "pid": 1893287, "identity": {"boot_id": "65c53cfa-813b-4ebb-a63e-e7fe43d594e6", "start_ticks": "271974359"}, "signal": "SIGKILL", "scope": "exact_original_D108"}
{"event": "signal_sent", "pid": 1893287, "signal": "SIGKILL"}
{"event": "signal_attempt", "pid": 1893285, "identity": {"boot_id": "65c53cfa-813b-4ebb-a63e-e7fe43d594e6", "start_ticks": "271974359"}, "signal": "SIGKILL", "scope": "exact_original_D108"}
{"event": "signal_sent", "pid": 1893285, "signal": "SIGKILL"}
{"event": "signal_attempt", "pid": 1893283, "identity": {"boot_id": "65c53cfa-813b-4ebb-a63e-e7fe43d594e6", "start_ticks": "271974359"}, "signal": "SIGKILL", "scope": "exact_original_D108"}
{"event": "signal_sent", "pid": 1893283, "signal": "SIGKILL"}
{"event": "signal_attempt", "pid": 1893282, "identity": {"boot_id": "65c53cfa-813b-4ebb-a63e-e7fe43d594e6", "start_ticks": "271974359"}, "signal": "SIGKILL", "scope": "exact_original_D108"}
{"event": "signal_sent", "pid": 1893282, "signal": "SIGKILL"}
{"event": "signal_attempt", "pid": 1893278, "identity": {"boot_id": "65c53cfa-813b-4ebb-a63e-e7fe43d594e6", "start_ticks": "271974359"}, "signal": "SIGKILL", "scope": "exact_original_D108"}
{"event": "signal_sent", "pid": 1893278, "signal": "SIGKILL"}
{"event": "signal_attempt", "pid": 1893275, "identity": {"boot_id": "65c53cfa-813b-4ebb-a63e-e7fe43d594e6", "start_ticks": "271974359"}, "signal": "SIGKILL", "scope": "exact_original_D108"}
{"event": "signal_sent", "pid": 1893275, "signal": "SIGKILL"}
{"event": "signal_attempt", "pid": 1893205, "identity": {"boot_id": "65c53cfa-813b-4ebb-a63e-e7fe43d594e6", "start_ticks": "271974354"}, "signal": "SIGKILL", "scope": "exact_original_D108"}
{"event": "signal_sent", "pid": 1893205, "signal": "SIGKILL"}
{"event": "signal_attempt", "pid": 1893000, "identity": {"boot_id": "65c53cfa-813b-4ebb-a63e-e7fe43d594e6", "start_ticks": "271974344"}, "signal": "SIGKILL", "scope": "exact_original_D108"}
{"event": "signal_sent", "pid": 1893000, "signal": "SIGKILL"}
{"event": "signal_attempt", "pid": 1892625, "identity": {"boot_id": "65c53cfa-813b-4ebb-a63e-e7fe43d594e6", "start_ticks": "271974305"}, "signal": "SIGKILL", "scope": "exact_original_D108"}
{"event": "signal_sent", "pid": 1892625, "signal": "SIGKILL"}
{"event": "signal_attempt", "pid": 1892621, "identity": {"boot_id": "65c53cfa-813b-4ebb-a63e-e7fe43d594e6", "start_ticks": "271974305"}, "signal": "SIGKILL", "scope": "exact_original_D108"}
{"event": "signal_sent", "pid": 1892621, "signal": "SIGKILL"}
{"event": "signal_attempt", "pid": 1892620, "identity": {"boot_id": "65c53cfa-813b-4ebb-a63e-e7fe43d594e6", "start_ticks": "271974304"}, "signal": "SIGKILL", "scope": "exact_original_D108"}
{"event": "signal_sent", "pid": 1892620, "signal": "SIGKILL"}
{"event": "signal_attempt", "pid": 1892618, "identity": {"boot_id": "65c53cfa-813b-4ebb-a63e-e7fe43d594e6", "start_ticks": "271974304"}, "signal": "SIGKILL", "scope": "exact_original_D108"}
{"event": "signal_sent", "pid": 1892618, "signal": "SIGKILL"}
{"event": "signal_attempt", "pid": 1892617, "identity": {"boot_id": "65c53cfa-813b-4ebb-a63e-e7fe43d594e6", "start_ticks": "271974304"}, "signal": "SIGKILL", "scope": "exact_original_D108"}
{"event": "signal_sent", "pid": 1892617, "signal": "SIGKILL"}
{"event": "signal_attempt", "pid": 1892616, "identity": {"boot_id": "65c53cfa-813b-4ebb-a63e-e7fe43d594e6", "start_ticks": "271974304"}, "signal": "SIGKILL", "scope": "exact_original_D108"}
{"event": "signal_sent", "pid": 1892616, "signal": "SIGKILL"}
{"event": "signal_attempt", "pid": 1892613, "identity": {"boot_id": "65c53cfa-813b-4ebb-a63e-e7fe43d594e6", "start_ticks": "271974304"}, "signal": "SIGKILL", "scope": "exact_original_D108"}
{"event": "signal_sent", "pid": 1892613, "signal": "SIGKILL"}
{"event": "signal_attempt", "pid": 1892608, "identity": {"boot_id": "65c53cfa-813b-4ebb-a63e-e7fe43d594e6", "start_ticks": "271974304"}, "signal": "SIGKILL", "scope": "exact_original_D108"}
{"event": "signal_sent", "pid": 1892608, "signal": "SIGKILL"}
{"event": "signal_attempt", "pid": 1892458, "identity": {"boot_id": "65c53cfa-813b-4ebb-a63e-e7fe43d594e6", "start_ticks": "271974287"}, "signal": "SIGKILL", "scope": "exact_original_D108"}
{"event": "signal_sent", "pid": 1892458, "signal": "SIGKILL"}
{"event": "signal_attempt", "pid": 1892456, "identity": {"boot_id": "65c53cfa-813b-4ebb-a63e-e7fe43d594e6", "start_ticks": "271974287"}, "signal": "SIGKILL", "scope": "exact_original_D108"}
{"event": "signal_sent", "pid": 1892456, "signal": "SIGKILL"}
{"event": "signal_attempt", "pid": 1892454, "identity": {"boot_id": "65c53cfa-813b-4ebb-a63e-e7fe43d594e6", "start_ticks": "271974287"}, "signal": "SIGKILL", "scope": "exact_original_D108"}
{"event": "signal_sent", "pid": 1892454, "signal": "SIGKILL"}
{"event": "signal_attempt", "pid": 1892452, "identity": {"boot_id": "65c53cfa-813b-4ebb-a63e-e7fe43d594e6", "start_ticks": "271974287"}, "signal": "SIGKILL", "scope": "exact_original_D108"}
{"event": "signal_sent", "pid": 1892452, "signal": "SIGKILL"}
{"event": "signal_attempt", "pid": 1892451, "identity": {"boot_id": "65c53cfa-813b-4ebb-a63e-e7fe43d594e6", "start_ticks": "271974286"}, "signal": "SIGKILL", "scope": "exact_original_D108"}
{"event": "signal_sent", "pid": 1892451, "signal": "SIGKILL"}
{"event": "signal_attempt", "pid": 1892448, "identity": {"boot_id": "65c53cfa-813b-4ebb-a63e-e7fe43d594e6", "start_ticks": "271974286"}, "signal": "SIGKILL", "scope": "exact_original_D108"}
{"event": "signal_sent", "pid": 1892448, "signal": "SIGKILL"}
{"event": "signal_attempt", "pid": 1892447, "identity": {"boot_id": "65c53cfa-813b-4ebb-a63e-e7fe43d594e6", "start_ticks": "271974286"}, "signal": "SIGKILL", "scope": "exact_original_D108"}
{"event": "signal_sent", "pid": 1892447, "signal": "SIGKILL"}
{"event": "signal_attempt", "pid": 1892446, "identity": {"boot_id": "65c53cfa-813b-4ebb-a63e-e7fe43d594e6", "start_ticks": "271974286"}, "signal": "SIGKILL", "scope": "exact_original_D108"}
{"event": "signal_sent", "pid": 1892446, "signal": "SIGKILL"}
{"event": "signal_attempt", "pid": 1892445, "identity": {"boot_id": "65c53cfa-813b-4ebb-a63e-e7fe43d594e6", "start_ticks": "271974286"}, "signal": "SIGKILL", "scope": "exact_original_D108"}
{"event": "signal_sent", "pid": 1892445, "signal": "SIGKILL"}
{"event": "signal_attempt", "pid": 1892443, "identity": {"boot_id": "65c53cfa-813b-4ebb-a63e-e7fe43d594e6", "start_ticks": "271974281"}, "signal": "SIGKILL", "scope": "exact_original_D108"}
{"event": "signal_sent", "pid": 1892443, "signal": "SIGKILL"}
{"event": "signal_attempt", "pid": 1892388, "identity": {"boot_id": "65c53cfa-813b-4ebb-a63e-e7fe43d594e6", "start_ticks": "271974273"}, "signal": "SIGKILL", "scope": "exact_original_D108"}
{"event": "signal_sent", "pid": 1892388, "signal": "SIGKILL"}
{"event": "signal_attempt", "pid": 1891911, "identity": {"boot_id": "65c53cfa-813b-4ebb-a63e-e7fe43d594e6", "start_ticks": "271974091"}, "signal": "SIGKILL", "scope": "exact_original_D108"}
{"event": "signal_sent", "pid": 1891911, "signal": "SIGKILL"}
{"event": "signal_attempt", "pid": 1891909, "identity": {"boot_id": "65c53cfa-813b-4ebb-a63e-e7fe43d594e6", "start_ticks": "271974091"}, "signal": "SIGKILL", "scope": "exact_original_D108"}
{"event": "signal_sent", "pid": 1891909, "signal": "SIGKILL"}
{"event": "signal_attempt", "pid": 1891907, "identity": {"boot_id": "65c53cfa-813b-4ebb-a63e-e7fe43d594e6", "start_ticks": "271974091"}, "signal": "SIGKILL", "scope": "exact_original_D108"}
{"event": "signal_sent", "pid": 1891907, "signal": "SIGKILL"}
{"event": "signal_attempt", "pid": 1891903, "identity": {"boot_id": "65c53cfa-813b-4ebb-a63e-e7fe43d594e6", "start_ticks": "271974090"}, "signal": "SIGKILL", "scope": "exact_original_D108"}
{"event": "signal_sent", "pid": 1891903, "signal": "SIGKILL"}
{"event": "signal_attempt", "pid": 1891902, "identity": {"boot_id": "65c53cfa-813b-4ebb-a63e-e7fe43d594e6", "start_ticks": "271974090"}, "signal": "SIGKILL", "scope": "exact_original_D108"}
{"event": "signal_sent", "pid": 1891902, "signal": "SIGKILL"}
{"event": "signal_attempt", "pid": 1891901, "identity": {"boot_id": "65c53cfa-813b-4ebb-a63e-e7fe43d594e6", "start_ticks": "271974090"}, "signal": "SIGKILL", "scope": "exact_original_D108"}
{"event": "signal_sent", "pid": 1891901, "signal": "SIGKILL"}
{"event": "signal_attempt", "pid": 1891900, "identity": {"boot_id": "65c53cfa-813b-4ebb-a63e-e7fe43d594e6", "start_ticks": "271974090"}, "signal": "SIGKILL", "scope": "exact_original_D108"}
{"event": "signal_sent", "pid": 1891900, "signal": "SIGKILL"}
{"event": "signal_attempt", "pid": 1891899, "identity": {"boot_id": "65c53cfa-813b-4ebb-a63e-e7fe43d594e6", "start_ticks": "271974090"}, "signal": "SIGKILL", "scope": "exact_original_D108"}
{"event": "signal_sent", "pid": 1891899, "signal": "SIGKILL"}
{"event": "signal_attempt", "pid": 1891711, "identity": {"boot_id": "65c53cfa-813b-4ebb-a63e-e7fe43d594e6", "start_ticks": "271974074"}, "signal": "SIGKILL", "scope": "exact_original_D108"}
{"event": "signal_sent", "pid": 1891711, "signal": "SIGKILL"}
{"event": "signal_attempt", "pid": 1891710, "identity": {"boot_id": "65c53cfa-813b-4ebb-a63e-e7fe43d594e6", "start_ticks": "271974074"}, "signal": "SIGKILL", "scope": "exact_original_D108"}
{"event": "signal_sent", "pid": 1891710, "signal": "SIGKILL"}
{"event": "signal_attempt", "pid": 1891709, "identity": {"boot_id": "65c53cfa-813b-4ebb-a63e-e7fe43d594e6", "start_ticks": "271974074"}, "signal": "SIGKILL", "scope": "exact_original_D108"}
{"event": "signal_sent", "pid": 1891709, "signal": "SIGKILL"}
{"event": "signal_attempt", "pid": 1891708, "identity": {"boot_id": "65c53cfa-813b-4ebb-a63e-e7fe43d594e6", "start_ticks": "271974074"}, "signal": "SIGKILL", "scope": "exact_original_D108"}
{"event": "signal_sent", "pid": 1891708, "signal": "SIGKILL"}
{"event": "signal_attempt", "pid": 1891707, "identity": {"boot_id": "65c53cfa-813b-4ebb-a63e-e7fe43d594e6", "start_ticks": "271974074"}, "signal": "SIGKILL", "scope": "exact_original_D108"}
{"event": "signal_sent", "pid": 1891707, "signal": "SIGKILL"}
{"event": "signal_attempt", "pid": 1891706, "identity": {"boot_id": "65c53cfa-813b-4ebb-a63e-e7fe43d594e6", "start_ticks": "271974074"}, "signal": "SIGKILL", "scope": "exact_original_D108"}
{"event": "signal_sent", "pid": 1891706, "signal": "SIGKILL"}
{"event": "signal_attempt", "pid": 1891705, "identity": {"boot_id": "65c53cfa-813b-4ebb-a63e-e7fe43d594e6", "start_ticks": "271974074"}, "signal": "SIGKILL", "scope": "exact_original_D108"}
{"event": "signal_sent", "pid": 1891705, "signal": "SIGKILL"}
{"event": "signal_attempt", "pid": 1891704, "identity": {"boot_id": "65c53cfa-813b-4ebb-a63e-e7fe43d594e6", "start_ticks": "271974074"}, "signal": "SIGKILL", "scope": "exact_original_D108"}
{"event": "signal_sent", "pid": 1891704, "signal": "SIGKILL"}
{"event": "signal_attempt", "pid": 1891703, "identity": {"boot_id": "65c53cfa-813b-4ebb-a63e-e7fe43d594e6", "start_ticks": "271974074"}, "signal": "SIGKILL", "scope": "exact_original_D108"}
{"event": "signal_sent", "pid": 1891703, "signal": "SIGKILL"}
{"event": "signal_attempt", "pid": 1891691, "identity": {"boot_id": "65c53cfa-813b-4ebb-a63e-e7fe43d594e6", "start_ticks": "271974069"}, "signal": "SIGKILL", "scope": "exact_original_D108"}
{"event": "signal_sent", "pid": 1891691, "signal": "SIGKILL"}
{"event": "signal_attempt", "pid": 1891570, "identity": {"boot_id": "65c53cfa-813b-4ebb-a63e-e7fe43d594e6", "start_ticks": "271974060"}, "signal": "SIGKILL", "scope": "exact_original_D108"}
{"event": "signal_sent", "pid": 1891570, "signal": "SIGKILL"}
{"event": "signal_attempt", "pid": 1847570, "identity": {"boot_id": "65c53cfa-813b-4ebb-a63e-e7fe43d594e6", "start_ticks": "271965356"}, "signal": "SIGKILL", "scope": "exact_original_D108"}
{"event": "signal_sent", "pid": 1847570, "signal": "SIGKILL"}
{"event": "signal_attempt", "pid": 1841294, "identity": {"boot_id": "65c53cfa-813b-4ebb-a63e-e7fe43d594e6", "start_ticks": "271964274"}, "signal": "SIGKILL", "scope": "exact_original_D108"}
{"event": "signal_sent", "pid": 1841294, "signal": "SIGKILL"}
{"event": "signal_attempt", "pid": 1835709, "identity": {"boot_id": "65c53cfa-813b-4ebb-a63e-e7fe43d594e6", "start_ticks": "271963191"}, "signal": "SIGKILL", "scope": "exact_original_D108"}
{"event": "signal_sent", "pid": 1835709, "signal": "SIGKILL"}
{"event": "signal_attempt", "pid": 1831795, "identity": {"boot_id": "65c53cfa-813b-4ebb-a63e-e7fe43d594e6", "start_ticks": "271962115"}, "signal": "SIGKILL", "scope": "exact_original_D108"}
{"event": "signal_sent", "pid": 1831795, "signal": "SIGKILL"}
{"event": "signal_attempt", "pid": 1824530, "identity": {"boot_id": "65c53cfa-813b-4ebb-a63e-e7fe43d594e6", "start_ticks": "271961048"}, "signal": "SIGKILL", "scope": "exact_original_D108"}
{"event": "signal_sent", "pid": 1824530, "signal": "SIGKILL"}
{"event": "signal_attempt", "pid": 1819244, "identity": {"boot_id": "65c53cfa-813b-4ebb-a63e-e7fe43d594e6", "start_ticks": "271959969"}, "signal": "SIGKILL", "scope": "exact_original_D108"}
{"event": "signal_sent", "pid": 1819244, "signal": "SIGKILL"}
{"event": "signal_attempt", "pid": 1812163, "identity": {"boot_id": "65c53cfa-813b-4ebb-a63e-e7fe43d594e6", "start_ticks": "271958895"}, "signal": "SIGKILL", "scope": "exact_original_D108"}
{"event": "signal_sent", "pid": 1812163, "signal": "SIGKILL"}
{"event": "signal_attempt", "pid": 1807224, "identity": {"boot_id": "65c53cfa-813b-4ebb-a63e-e7fe43d594e6", "start_ticks": "271957775"}, "signal": "SIGKILL", "scope": "exact_original_D108"}
{"event": "signal_sent", "pid": 1807224, "signal": "SIGKILL"}
{"event": "signal_attempt", "pid": 1801724, "identity": {"boot_id": "65c53cfa-813b-4ebb-a63e-e7fe43d594e6", "start_ticks": "271956692"}, "signal": "SIGKILL", "scope": "exact_original_D108"}
{"event": "signal_sent", "pid": 1801724, "signal": "SIGKILL"}
{"event": "signal_attempt", "pid": 1796033, "identity": {"boot_id": "65c53cfa-813b-4ebb-a63e-e7fe43d594e6", "start_ticks": "271955577"}, "signal": "SIGKILL", "scope": "exact_original_D108"}
{"event": "signal_sent", "pid": 1796033, "signal": "SIGKILL"}
{"event": "signal_attempt", "pid": 1792023, "identity": {"boot_id": "65c53cfa-813b-4ebb-a63e-e7fe43d594e6", "start_ticks": "271954481"}, "signal": "SIGKILL", "scope": "exact_original_D108"}
{"event": "signal_sent", "pid": 1792023, "signal": "SIGKILL"}
{"event": "signal_attempt", "pid": 1787115, "identity": {"boot_id": "65c53cfa-813b-4ebb-a63e-e7fe43d594e6", "start_ticks": "271953410"}, "signal": "SIGKILL", "scope": "exact_original_D108"}
{"event": "signal_sent", "pid": 1787115, "signal": "SIGKILL"}
{"event": "signal_attempt", "pid": 1778820, "identity": {"boot_id": "65c53cfa-813b-4ebb-a63e-e7fe43d594e6", "start_ticks": "271952351"}, "signal": "SIGKILL", "scope": "exact_original_D108"}
{"event": "signal_sent", "pid": 1778820, "signal": "SIGKILL"}
{"event": "signal_attempt", "pid": 1773720, "identity": {"boot_id": "65c53cfa-813b-4ebb-a63e-e7fe43d594e6", "start_ticks": "271951300"}, "signal": "SIGKILL", "scope": "exact_original_D108"}
{"event": "signal_sent", "pid": 1773720, "signal": "SIGKILL"}
{"event": "signal_attempt", "pid": 1769249, "identity": {"boot_id": "65c53cfa-813b-4ebb-a63e-e7fe43d594e6", "start_ticks": "271950221"}, "signal": "SIGKILL", "scope": "exact_original_D108"}
{"event": "signal_sent", "pid": 1769249, "signal": "SIGKILL"}
{"event": "signal_attempt", "pid": 1763132, "identity": {"boot_id": "65c53cfa-813b-4ebb-a63e-e7fe43d594e6", "start_ticks": "271949151"}, "signal": "SIGKILL", "scope": "exact_original_D108"}
{"event": "signal_sent", "pid": 1763132, "signal": "SIGKILL"}
{"event": "signal_attempt", "pid": 1757473, "identity": {"boot_id": "65c53cfa-813b-4ebb-a63e-e7fe43d594e6", "start_ticks": "271947897"}, "signal": "SIGKILL", "scope": "exact_original_D108"}
{"event": "signal_sent", "pid": 1757473, "signal": "SIGKILL"}
{"event": "signal_attempt", "pid": 1757419, "identity": {"boot_id": "65c53cfa-813b-4ebb-a63e-e7fe43d594e6", "start_ticks": "271947890"}, "signal": "SIGKILL", "scope": "exact_original_D108"}
{"event": "signal_sent", "pid": 1757419, "signal": "SIGKILL"}
{"event": "signal_attempt", "pid": 1745490, "identity": {"boot_id": "65c53cfa-813b-4ebb-a63e-e7fe43d594e6", "start_ticks": "271946009"}, "signal": "SIGKILL", "scope": "exact_original_D108"}
{"event": "signal_sent", "pid": 1745490, "signal": "SIGKILL"}
{"event": "cleanup_complete", "all_original_D_inactive": true, "npu_workers": 0, "npu_smi": "+------------------------------------------------------------------------------------------------+\n| npu-smi 25.5.0                   Version: 25.5.0                                               |\n+---------------------------+---------------+----------------------------------------------------+\n| NPU   Name                | Health        | Power(W)    Temp(C)           Hugepages-Usage(page)|\n| Chip  Phy-ID              | Bus-Id        | AICore(%)   Memory-Usage(MB)  HBM-Usage(MB)        |\n+===========================+===============+====================================================+\n| 0     Ascend910           | OK            | 192.2       40                0    / 0             |\n| 0     0                   | 0000:9D:00.0  | 0           0    / 0          55187/ 65536         |\n+------------------------------------------------------------------------------------------------+\n| 0     Ascend910           | OK            | -           40                0    / 0             |\n| 1     1                   | 0000:9F:00.0  | 0           0    / 0          50891/ 65536         |\n+===========================+===============+====================================================+\n| 1     Ascend910           | OK            | 173.2       41                0    / 0             |\n| 0     2                   | 0000:99:00.0  | 0           0    / 0          55185/ 65536         |\n+------------------------------------------------------------------------------------------------+\n| 1     Ascend910           | OK            | -           41                0    / 0             |\n| 1     3                   | 0000:9B:00.0  | 0           0    / 0          46257/ 65536         |\n+===========================+===============+====================================================+\n| 2     Ascend910           | OK            | 205.2       43                0    / 0             |\n| 0     4                   | 0000:95:00.0  | 0           0    / 0          55174/ 65536         |\n+------------------------------------------------------------------------------------------------+\n| 2     Ascend910           | OK            | -           42                0    / 0             |\n| 1     5                   | 0000:97:00.0  | 0           0    / 0          41781/ 65536         |\n+===========================+===============+====================================================+\n| 3     Ascend910           | OK            | 171.5       40                0    / 0             |\n| 0     6                   | 0000:91:00.0  | 0           0    / 0          40660/ 65536         |\n+------------------------------------------------------------------------------------------------+\n| 3     Ascend910           | OK            | -           42                0    / 0             |\n| 1     7                   | 0000:93:00.0  | 0           0    / 0          54895/ 65536         |\n+===========================+===============+====================================================+\n| 4     Ascend910           | OK            | 181.7       40                0    / 0             |\n| 0     8                   | 0000:8D:00.0  | 0           0    / 0          35155/ 65536         |\n+------------------------------------------------------------------------------------------------+\n| 4     Ascend910           | OK            | -           40                0    / 0             |\n| 1     9                   | 0000:8F:00.0  | 0           0    / 0          54156/ 65536         |\n+===========================+===============+====================================================+\n| 5     Ascend910           | OK            | 187.9       41                0    / 0             |\n| 0     10                  | 0000:89:00.0  | 0           0    / 0          54438/ 65536         |\n+------------------------------------------------------------------------------------------------+\n| 5     Ascend910           | OK            | -           41                0    / 0             |\n| 1     11                  | 0000:8B:00.0  | 0           0    / 0          30796/ 65536         |\n+===========================+===============+====================================================+\n| 6     Ascend910           | OK            | 190.0       43                0    / 0             |\n| 0     12                  | 0000:85:00.0  | 0           0    / 0          54439/ 65536         |\n+------------------------------------------------------------------------------------------------+\n| 6     Ascend910           | OK            | -           42                0    / 0             |\n| 1     13                  | 0000:87:00.0  | 0           0    / 0          26707/ 65536         |\n+===========================+===============+====================================================+\n| 7     Ascend910           | OK            | 171.1       41                0    / 0             |\n| 0     14                  | 0000:81:00.0  | 0           0    / 0          25078/ 65536         |\n+------------------------------------------------------------------------------------------------+\n| 7     Ascend910           | OK            | -           42                0    / 0             |\n| 1     15                  | 0000:83:00.0  | 0           0    / 0          54144/ 65536         |\n+===========================+===============+====================================================+\n+---------------------------+---------------+----------------------------------------------------+\n| NPU     Chip              | Process id    | Process name             | Process memory(MB)      |\n+===========================+===============+====================================================+\n| No running processes found in NPU 0                                                            |\n+===========================+===============+====================================================+\n| No running processes found in NPU 1                                                            |\n+===========================+===============+====================================================+\n| No running processes found in NPU 2                                                            |\n+===========================+===============+====================================================+\n| No running processes found in NPU 3                                                            |\n+===========================+===============+====================================================+\n| No running processes found in NPU 4                                                            |\n+===========================+===============+====================================================+\n| No running processes found in NPU 5                                                            |\n+===========================+===============+====================================================+\n| No running processes found in NPU 6                                                            |\n+===========================+===============+====================================================+\n| No running processes found in NPU 7                                                            |\n+===========================+===============+====================================================+\n", "signals_to_unknown": 0, "signals_to_inactive": 0}
