/data/tiankuan/wio/Inference-Foundry/glm5-3/records/points/GLM-OPT-0002/jobs/NATIVE-FAULT-CPU-20261003T0434Z/cpu_probe.py:31: SyntaxWarning: invalid decimal literal
  res=await client.post("/control/native-groups/"+key+"/fault",json=body);assert res.status_code==409and not place.execution_groups["local-167"].faulted
/data/tiankuan/wio/Inference-Foundry/glm5-3/records/points/GLM-OPT-0002/jobs/NATIVE-FAULT-CPU-20261003T0434Z/cpu_probe.py:33: SyntaxWarning: invalid decimal literal
  assert not calls and len(place.leases)==1and b.lease_id in place.leases
/data/tiankuan/wio/Inference-Foundry/glm5-3/records/points/GLM-OPT-0002/jobs/NATIVE-FAULT-CPU-20261003T0434Z/cpu_probe.py:34: SyntaxWarning: invalid decimal literal
  res=await client.post("/control/native-groups/local-167/fault",json=dict(epoch="CPU-epoch-D1",reason="CPU recorded identity loss"));assert res.status_code==200and res.json()["changed"]is True
/data/tiankuan/wio/Inference-Foundry/glm5-3/records/points/GLM-OPT-0002/jobs/NATIVE-FAULT-CPU-20261003T0434Z/cpu_probe.py:39: SyntaxWarning: invalid decimal literal
  res=await client.post("/control/native-groups/local-167/fault",json=dict(epoch="CPU-epoch-D1",reason="CPU repeated loss"));assert res.status_code==200and res.json()["changed"]is False
/data/tiankuan/wio/Inference-Foundry/glm5-3/records/points/GLM-OPT-0002/jobs/NATIVE-FAULT-CPU-20261003T0434Z/cpu_probe.py:41: SyntaxWarning: invalid decimal literal
  n=len(calls);res=await client.get("/v1/responses/resp_CPU_D1");assert res.status_code==503and len(calls)==n
/data/tiankuan/wio/Inference-Foundry/glm5-3/records/points/GLM-OPT-0002/jobs/NATIVE-FAULT-CPU-20261003T0434Z/cpu_probe.py:43: SyntaxWarning: invalid decimal literal
  res=await client.get("/v1/responses/resp_CPU_D0");assert res.status_code==200and res.json()==dict(fixture,id="resp_CPU_D0")and calls[-1]["url"].startswith("http://cpu-d0/")
/data/tiankuan/wio/Inference-Foundry/glm5-3/records/points/GLM-OPT-0002/jobs/NATIVE-FAULT-CPU-20261003T0434Z/cpu_probe.py:60: SyntaxWarning: invalid decimal literal
  res=await client.post("/control/native-groups/local-167/fault",json=dict(epoch="CPU-epoch-D1",reason="CPU stale watcher"));assert res.status_code==409and not place.execution_groups["local-167"].faulted
/data/tiankuan/wio/Inference-Foundry/glm5-3/records/points/GLM-OPT-0002/jobs/NATIVE-FAULT-CPU-20261003T0434Z/cpu_probe.py:62: SyntaxWarning: invalid decimal literal
  n=len(calls);res=await client.get("/v1/responses/resp_CPU_D1");assert res.status_code==503and len(calls)==n
/data/tiankuan/wio/Inference-Foundry/glm5-3/records/points/GLM-OPT-0002/jobs/NATIVE-FAULT-CPU-20261003T0434Z/cpu_probe.py:70: SyntaxWarning: invalid decimal literal
  res=await client.post("/control/native-groups/local-167/fault",json=dict(epoch="CPU-epoch-D1",reason="CPU loss"));assert res.status_code==503and place.execution_groups["local-167"].faulted and place.journal_error
Traceback (most recent call last):
  File "/usr/local/python3.12.13/lib/python3.12/site-packages/starlette/datastructures.py", line 685, in __getattr__
    return self._state[key]
           ~~~~~~~~~~~^^^^^
KeyError: 'client'

During handling of the above exception, another exception occurred:

Traceback (most recent call last):
  File "/data/tiankuan/wio/Inference-Foundry/glm5-3/runtime/response_affinity_gateway_v11.py", line 162, in forward
    outgoing=app.state.client.build_request(request.method,url,content=body,headers=headers)
             ^^^^^^^^^^^^^^^^
  File "/usr/local/python3.12.13/lib/python3.12/site-packages/starlette/datastructures.py", line 688, in __getattr__
    raise AttributeError(message.format(self.__class__.__name__, key))
AttributeError: 'State' object has no attribute 'client'

During handling of the above exception, another exception occurred:

Traceback (most recent call last):
  File "/usr/local/python3.12.13/lib/python3.12/site-packages/starlette/datastructures.py", line 685, in __getattr__
    return self._state[key]
           ~~~~~~~~~~~^^^^^
KeyError: 'cleanup_tasks'

During handling of the above exception, another exception occurred:

Traceback (most recent call last):
  File "/data/tiankuan/wio/glm52-pd/deploy/plugins/local_engines137/native_acl_lifecycle.py", line 31, in <module>
    main()
  File "/data/tiankuan/wio/glm52-pd/deploy/plugins/local_engines137/native_acl_lifecycle.py", line 19, in main
    runpy.run_path(arguments[0], run_name="__main__")
  File "<frozen runpy>", line 287, in run_path
  File "<frozen runpy>", line 98, in _run_module_code
  File "<frozen runpy>", line 88, in _run_code
  File "/data/tiankuan/wio/Inference-Foundry/glm5-3/records/points/GLM-OPT-0002/jobs/NATIVE-FAULT-CPU-20261003T0434Z/cpu_probe.py", line 77, in <module>
    asyncio.run(main())
  File "/usr/local/python3.12.13/lib/python3.12/asyncio/runners.py", line 195, in run
    return runner.run(main)
           ^^^^^^^^^^^^^^^^
  File "/usr/local/python3.12.13/lib/python3.12/asyncio/runners.py", line 118, in run
    return self._loop.run_until_complete(task)
           ^^^^^^^^^^^^^^^^^^^^^^^^^^^^^^^^^^^
  File "/usr/local/python3.12.13/lib/python3.12/asyncio/base_events.py", line 691, in run_until_complete
    return future.result()
           ^^^^^^^^^^^^^^^
  File "/data/tiankuan/wio/Inference-Foundry/glm5-3/records/points/GLM-OPT-0002/jobs/NATIVE-FAULT-CPU-20261003T0434Z/cpu_probe.py", line 43, in main
    res=await client.get("/v1/responses/resp_CPU_D0");assert res.status_code==200and res.json()==dict(fixture,id="resp_CPU_D0")and calls[-1]["url"].startswith("http://cpu-d0/")
        ^^^^^^^^^^^^^^^^^^^^^^^^^^^^^^^^^^^^^^^^^^^^^
  File "/usr/local/python3.12.13/lib/python3.12/site-packages/httpx/_client.py", line 1768, in get
    return await self.request(
           ^^^^^^^^^^^^^^^^^^^
  File "/usr/local/python3.12.13/lib/python3.12/site-packages/httpx/_client.py", line 1540, in request
    return await self.send(request, auth=auth, follow_redirects=follow_redirects)
           ^^^^^^^^^^^^^^^^^^^^^^^^^^^^^^^^^^^^^^^^^^^^^^^^^^^^^^^^^^^^^^^^^^^^^^
  File "/usr/local/python3.12.13/lib/python3.12/site-packages/httpx/_client.py", line 1629, in send
    response = await self._send_handling_auth(
               ^^^^^^^^^^^^^^^^^^^^^^^^^^^^^^^
  File "/usr/local/python3.12.13/lib/python3.12/site-packages/httpx/_client.py", line 1657, in _send_handling_auth
    response = await self._send_handling_redirects(
               ^^^^^^^^^^^^^^^^^^^^^^^^^^^^^^^^^^^^
  File "/usr/local/python3.12.13/lib/python3.12/site-packages/httpx/_client.py", line 1694, in _send_handling_redirects
    response = await self._send_single_request(request)
               ^^^^^^^^^^^^^^^^^^^^^^^^^^^^^^^^^^^^^^^^
  File "/usr/local/python3.12.13/lib/python3.12/site-packages/httpx/_client.py", line 1730, in _send_single_request
    response = await transport.handle_async_request(request)
               ^^^^^^^^^^^^^^^^^^^^^^^^^^^^^^^^^^^^^^^^^^^^^
  File "/usr/local/python3.12.13/lib/python3.12/site-packages/httpx/_transports/asgi.py", line 170, in handle_async_request
    await self.app(scope, receive, send)
  File "/usr/local/python3.12.13/lib/python3.12/site-packages/fastapi/applications.py", line 1139, in __call__
    await super().__call__(scope, receive, send)
  File "/usr/local/python3.12.13/lib/python3.12/site-packages/starlette/applications.py", line 107, in __call__
    await self.middleware_stack(scope, receive, send)
  File "/usr/local/python3.12.13/lib/python3.12/site-packages/starlette/middleware/errors.py", line 186, in __call__
    raise exc
  File "/usr/local/python3.12.13/lib/python3.12/site-packages/starlette/middleware/errors.py", line 164, in __call__
    await self.app(scope, receive, _send)
  File "/usr/local/python3.12.13/lib/python3.12/site-packages/starlette/middleware/exceptions.py", line 63, in __call__
    await wrap_app_handling_exceptions(self.app, conn)(scope, receive, send)
  File "/usr/local/python3.12.13/lib/python3.12/site-packages/starlette/_exception_handler.py", line 53, in wrapped_app
    raise exc
  File "/usr/local/python3.12.13/lib/python3.12/site-packages/starlette/_exception_handler.py", line 42, in wrapped_app
    await app(scope, receive, sender)
  File "/usr/local/python3.12.13/lib/python3.12/site-packages/fastapi/middleware/asyncexitstack.py", line 18, in __call__
    await self.app(scope, receive, send)
  File "/usr/local/python3.12.13/lib/python3.12/site-packages/starlette/routing.py", line 716, in __call__
    await self.middleware_stack(scope, receive, send)
  File "/usr/local/python3.12.13/lib/python3.12/site-packages/starlette/routing.py", line 736, in app
    await route.handle(scope, receive, send)
  File "/usr/local/python3.12.13/lib/python3.12/site-packages/starlette/routing.py", line 290, in handle
    await self.app(scope, receive, send)
  File "/usr/local/python3.12.13/lib/python3.12/site-packages/fastapi/routing.py", line 119, in app
    await wrap_app_handling_exceptions(app, request)(scope, receive, send)
  File "/usr/local/python3.12.13/lib/python3.12/site-packages/starlette/_exception_handler.py", line 53, in wrapped_app
    raise exc
  File "/usr/local/python3.12.13/lib/python3.12/site-packages/starlette/_exception_handler.py", line 42, in wrapped_app
    await app(scope, receive, sender)
  File "/usr/local/python3.12.13/lib/python3.12/site-packages/fastapi/routing.py", line 105, in app
    response = await f(request)
               ^^^^^^^^^^^^^^^^
  File "/usr/local/python3.12.13/lib/python3.12/site-packages/fastapi/routing.py", line 385, in app
    raw_response = await run_endpoint_function(
                   ^^^^^^^^^^^^^^^^^^^^^^^^^^^^
  File "/usr/local/python3.12.13/lib/python3.12/site-packages/fastapi/routing.py", line 284, in run_endpoint_function
    return await dependant.call(**values)
           ^^^^^^^^^^^^^^^^^^^^^^^^^^^^^^
  File "/data/tiankuan/wio/Inference-Foundry/glm5-3/runtime/response_affinity_gateway_v11.py", line 169, in forward
    await close();raise
    ^^^^^^^^^^^^^
  File "/data/tiankuan/wio/Inference-Foundry/glm5-3/runtime/response_affinity_gateway_v11.py", line 153, in close
    app.state.cleanup_tasks.add(cleanup_task)
    ^^^^^^^^^^^^^^^^^^^^^^^
  File "/usr/local/python3.12.13/lib/python3.12/site-packages/starlette/datastructures.py", line 688, in __getattr__
    raise AttributeError(message.format(self.__class__.__name__, key))
AttributeError: 'State' object has no attribute 'cleanup_tasks'
