[2026-09-27-21:07:58.060] [INFO] [AscendProfiler_ProfilingParser:97] Profiler logger initialized at: /data/wio/Inference_Foundry/evidence/20260928_loop080_bound/run578/live/b/bench/profile/rank0/S900K3-49_50050_20260927210511134_ascend_pt/logs/profiler_20260927210758_56663_ProfilingParser.log
[2026-09-27-21:07:58.151] [INFO] [AscendProfiler_ProfilingParser:100] TorchOpParser start.
[2026-09-27-21:07:58.151] [INFO] [AscendProfiler_ProfilingParser:82] TaskQueueParser start.
[2026-09-27-21:07:58.176] [INFO] [AscendProfiler_ProfilingParser:208] CANNTimelineParser start.
[2026-09-27-21:07:58.179] [INFO] [AscendProfiler_ProfilingParser:88] TaskQueueParser finish.
[2026-09-27-21:07:58.179] [INFO] [AscendProfiler_ProfilingParser:106] TorchOpParser finish.
[2026-09-27-21:07:58.180] [INFO] [AscendProfiler_ProfilingParser:118] DbPreParser start.
[2026-09-27-21:07:58.180] [INFO] [AscendProfiler_ProfilingParser:62] TreeBuildParser start.
[2026-09-27-21:07:58.205] [INFO] [AscendProfiler_ProfilingParser:129] DbPreParser finish.
[2026-09-27-21:07:58.205] [INFO] [AscendProfiler_ProfilingParser:70] TreeBuildParser finish.
[2026-09-27-21:07:58.206] [INFO] [AscendProfiler_ProfilingParser:62] MemoryPrepareParser start.
[2026-09-27-21:07:58.207] [INFO] [AscendProfiler_ProfilingParser:75] MemoryPrepareParser finish.
[2026-09-27-21:08:00.982] [INFO] [AscendProfiler_ProfilingParser:218] CANNTimelineParser finish.
[2026-09-27-21:08:01.005] [INFO] [AscendProfiler_ProfilingParser:31] RelationParser start.
[2026-09-27-21:08:01.039] [INFO] [AscendProfiler_ProfilingParser:38] RelationParser finish.
[2026-09-27-21:08:02.075] [INFO] [AscendProfiler_ProfilingParser:40] DbParser start.
[2026-09-27-21:08:02.102] [INFO] [AscendProfiler_ProfilingParser:27] BasicDbParser start.
[2026-09-27-21:08:02.111] [INFO] [AscendProfiler_ProfilingParser:40] BasicDbParser finish.
[2026-09-27-21:08:02.111] [INFO] [AscendProfiler_ProfilingParser:31] FwkApiDbParser start.
[2026-09-27-21:08:02.112] [INFO] [AscendProfiler_ProfilingParser:36] FwkApiDbParser get fwk api data finish.
[2026-09-27-21:08:02.112] [ERROR] [AscendProfiler_ProfilingParser:117] Failed to find node launch str id
[2026-09-27-21:08:02.112] [INFO] [AscendProfiler_ProfilingParser:38] FwkApiDbParser get api data for db finish.
[2026-09-27-21:08:02.116] [INFO] [AscendProfiler_ProfilingParser:40] FwkApiDbParser save api data to db finish.
[2026-09-27-21:08:02.116] [INFO] [AscendProfiler_ProfilingParser:44] FwkApiDbParser finish.
[2026-09-27-21:08:02.117] [INFO] [AscendProfiler_ProfilingParser:82] MemoryDbParser start.
[2026-09-27-21:08:02.117] [INFO] [AscendProfiler_ProfilingParser:95] MemoryDbParser finish.
[2026-09-27-21:08:02.118] [INFO] [AscendProfiler_ProfilingParser:33] GCRecordDbParser start.
[2026-09-27-21:08:02.118] [INFO] [AscendProfiler_ProfilingParser:41] GCRecordDbParser finish.
[2026-09-27-21:08:02.118] [INFO] [AscendProfiler_ProfilingParser:36] StepInfoDbParser start.
[2026-09-27-21:08:02.122] [INFO] [AscendProfiler_ProfilingParser:43] StepInfoDbParser finish.
[2026-09-27-21:08:02.123] [INFO] [AscendProfiler_ProfilingParser:80] CommunicationDbParser start.
[2026-09-27-21:08:02.124] [INFO] [AscendProfiler_ProfilingParser:88] CommunicationDbParser finish.
[2026-09-27-21:08:02.125] [INFO] [AscendProfiler_ProfilingParser:74] TraceStepTimeDbParser start.
[2026-09-27-21:08:02.129] [INFO] [AscendProfiler_ProfilingParser:83] TraceStepTimeDbParser finish.
[2026-09-27-21:08:02.129] [INFO] [AscendProfiler_ProfilingParser:64] DbParser finish.
[2026-09-27-21:08:02.655] [INFO] [AscendProfiler_ProfilingParser:473] ============================================================
[2026-09-27-21:08:02.655] [INFO] [AscendProfiler_ProfilingParser:474] Task execution completed
[2026-09-27-21:08:02.656] [INFO] [AscendProfiler_ProfilingParser:475] ============================================================
[2026-09-27-21:08:02.656] [INFO] [AscendProfiler_ProfilingParser:478] torch_op                  | PTHREAD         | Succeed    | 0.029s | deps: None
[2026-09-27-21:08:02.656] [INFO] [AscendProfiler_ProfilingParser:478] task_queue                | PTHREAD         | Succeed    | 0.028s | deps: None
[2026-09-27-21:08:02.656] [INFO] [AscendProfiler_ProfilingParser:478] trace_prepare             | SUB_PROCESS     | Succeed    | 0.031s | deps: torch_op, task_queue
[2026-09-27-21:08:02.657] [INFO] [AscendProfiler_ProfilingParser:478] build_tree                | PTHREAD         | Succeed    | 0.026s | deps: torch_op, task_queue
[2026-09-27-21:08:02.657] [INFO] [AscendProfiler_ProfilingParser:478] export                    | SUB_PROCESS     | Succeed    | 3.079s | deps: None
[2026-09-27-21:08:02.657] [INFO] [AscendProfiler_ProfilingParser:478] timeline                  | PTHREAD|NON_BLOCKING | Succeed    | 2.807s | deps: None
[2026-09-27-21:08:02.657] [INFO] [AscendProfiler_ProfilingParser:478] relation                  | PTHREAD         | Succeed    | 0.036s | deps: task_queue, timeline
[2026-09-27-21:08:02.657] [INFO] [AscendProfiler_ProfilingParser:478] memory_prepare            | PTHREAD         | Succeed    | 0.002s | deps: build_tree, task_queue, torch_op
[2026-09-27-21:08:02.657] [INFO] [AscendProfiler_ProfilingParser:478] analyze                   | SUB_PROCESS     | Succeed    | 1.091s | deps: timeline
[2026-09-27-21:08:02.658] [INFO] [AscendProfiler_ProfilingParser:478] operator                  | SUB_PROCESS     | Succeed    | 0.050s | deps: build_tree, timeline, relation, torch_op
[2026-09-27-21:08:02.658] [INFO] [AscendProfiler_ProfilingParser:478] trace                     | SUB_PROCESS     | Succeed    | 0.101s | deps: build_tree, trace_prepare, timeline, task_queue, torch_op
[2026-09-27-21:08:02.658] [INFO] [AscendProfiler_ProfilingParser:478] kernel                    | SUB_PROCESS     | Succeed    | 0.066s | deps: build_tree, export, relation
[2026-09-27-21:08:02.658] [INFO] [AscendProfiler_ProfilingParser:478] step_time                 | SUB_PROCESS     | Succeed    | 0.066s | deps: build_tree, timeline, relation, torch_op
[2026-09-27-21:08:02.658] [INFO] [AscendProfiler_ProfilingParser:478] memory                    | SUB_PROCESS     | Succeed    | 0.045s | deps: export, memory_prepare
[2026-09-27-21:08:02.659] [INFO] [AscendProfiler_ProfilingParser:478] integrate                 | SUB_PROCESS     | Succeed    | 0.039s | deps: export
[2026-09-27-21:08:02.659] [INFO] [AscendProfiler_ProfilingParser:478] communication             | SUB_PROCESS     | Succeed    | 0.037s | deps: build_tree, analyze, relation
[2026-09-27-21:08:02.659] [INFO] [AscendProfiler_ProfilingParser:478] db_prepare                | PTHREAD         | Succeed    | 0.026s | deps: torch_op, task_queue
[2026-09-27-21:08:02.659] [INFO] [AscendProfiler_ProfilingParser:478] torch_db                  | PTHREAD         | Succeed    | 0.056s | deps: export, memory_prepare, build_tree, analyze, db_prepare
