{
  "pass": true,
  "runs": [
    {
      "n": 48,
      "success": 48,
      "fail": 0,
      "concurrency": 12,
      "max_tokens": 1024,
      "duration_s": 85.93275958951563,
      "output_tps": 571.9820966391596,
      "ttft_ms_mean": 2725.4246934317052,
      "ttft_ms_p50": 2609.746726229787,
      "ttft_ms_p90": 4570.313391275704,
      "tpot_ms_mean": 18.329488349672282,
      "tpot_ms_p50": 18.2957860813244,
      "tpot_ms_p90": 19.885367783057784
    },
    {
      "n": 48,
      "success": 48,
      "fail": 0,
      "concurrency": 12,
      "max_tokens": 1024,
      "duration_s": 86.54458627663553,
      "output_tps": 567.9384709621008,
      "ttft_ms_mean": 2677.532851366171,
      "ttft_ms_p50": 2560.6393916532397,
      "ttft_ms_p90": 4583.830706775188,
      "tpot_ms_mean": 18.526714802896418,
      "tpot_ms_p50": 18.431603805665453,
      "tpot_ms_p90": 20.272543859592513
    },
    {
      "n": 48,
      "success": 48,
      "fail": 0,
      "concurrency": 12,
      "max_tokens": 1024,
      "duration_s": 90.56303041987121,
      "output_tps": 542.738022039677,
      "ttft_ms_mean": 2836.459838144947,
      "ttft_ms_p50": 2663.529529236257,
      "ttft_ms_p90": 4610.108860768378,
      "tpot_ms_mean": 19.354377570596206,
      "tpot_ms_p50": 19.235838002517077,
      "tpot_ms_p90": 21.46854480038436
    }
  ],
  "output_tps": {
    "samples": [
      571.9820966391596,
      567.9384709621008,
      542.738022039677
    ],
    "median": 567.9384709621008,
    "stock_median": 543.6546,
    "delta_percent": 4.466782946764525
  },
  "runtime_rank_files": 128,
  "runtime_cohorts": [
    1,
    2,
    3,
    4,
    5,
    6,
    7,
    8,
    9,
    10,
    11,
    12,
    13,
    14,
    15,
    16
  ],
  "runtime_ranks": [
    0,
    1,
    2,
    3,
    4,
    5,
    6,
    7
  ],
  "all_runtime_rows_pass": true
}
