{
  "scope": "instrumented_bound_diagnostic_not_formal_tps; c12 release interval and eligible set only, no unique permit parent",
  "phase": "measured",
  "n": 48,
  "success": 48,
  "fail": 0,
  "concurrency": 12,
  "max_tokens": 1024,
  "wall_start_monotonic_ns": 4310273915075913,
  "wall_end_monotonic_ns": 4310360519480913,
  "clock": {
    "begin": {
      "wall_time_ns": 1790656796253551053,
      "monotonic_ns": 4310273914854183
    },
    "end": {
      "wall_time_ns": 1790656882859371863,
      "monotonic_ns": 4310360520670083
    },
    "monotonic_info": "namespace(implementation='clock_gettime(CLOCK_MONOTONIC)', monotonic=True, adjustable=False, resolution=1e-09)",
    "perf_counter_info": "namespace(implementation='clock_gettime(CLOCK_MONOTONIC)', monotonic=True, adjustable=False, resolution=1e-09)",
    "kernel_boot_id": "6e5ca76b-a856-4531-8ab3-8d6c3ea9c8d4",
    "time_namespace": "time:[4026531834]",
    "timens_offsets": "monotonic           0         0\nboottime            0         0\n",
    "pid": 279079
  },
  "duration_s": 86.60440103989094,
  "output_tps_diagnostic_only": 567.5462148552941,
  "ttft_ms_mean": 2687.961994922565,
  "tpot_ms_mean": 18.518573955628803
}
