{
  "scope": "instrumented_bound_diagnostic_not_formal_tps; c12 release interval and eligible set only, no unique permit parent",
  "phase": "warmup",
  "n": 48,
  "success": 48,
  "fail": 0,
  "concurrency": 12,
  "max_tokens": 1024,
  "wall_start_monotonic_ns": 4310181391756511,
  "wall_end_monotonic_ns": 4310272364386812,
  "clock": {
    "begin": {
      "wall_time_ns": 1790656703730319761,
      "monotonic_ns": 4310181391620251
    },
    "end": {
      "wall_time_ns": 1790656794704449902,
      "monotonic_ns": 4310272365748232
    },
    "monotonic_info": "namespace(implementation='clock_gettime(CLOCK_MONOTONIC)', monotonic=True, adjustable=False, resolution=1e-09)",
    "perf_counter_info": "namespace(implementation='clock_gettime(CLOCK_MONOTONIC)', monotonic=True, adjustable=False, resolution=1e-09)",
    "kernel_boot_id": "6e5ca76b-a856-4531-8ab3-8d6c3ea9c8d4",
    "time_namespace": "time:[4026531834]",
    "timens_offsets": "monotonic           0         0\nboottime            0         0\n",
    "pid": 278908
  },
  "duration_s": 90.97262806072831,
  "output_tps_diagnostic_only": 540.2943835720436,
  "ttft_ms_mean": 3619.241849616325,
  "tpot_ms_mean": 18.68191909605398
}
