[INFO] Start profiling....
[INFO] Start export data in PROF_000001_20260920160210917_00710791KFIJHHLC.
Sun 20 Sep 2026 16:02:41 [WARNING] [MSVP] [712404] msprof_entrance.py: Msprof analysis is parsing data as root, which may cause potential system security risks.
Sun 20 Sep 2026 16:02:41 [INFO] [MSVP] [712406] msprof_common.py: Start analyzing data in "/data/wio/Inference_Foundry/evidence/20260920_diagnostic/raw_profile/PROF_000001_20260920160210917_00710791KFIJHHLC/device_0" ...
Sun 20 Sep 2026 16:02:41 [INFO] [MSVP] [712406] msprof_common.py: It may take few minutes, please be patient ...
Sun 20 Sep 2026 16:02:46 [INFO] [MSVP] [712406] msprof_common.py: Analysis data in "/data/wio/Inference_Foundry/evidence/20260920_diagnostic/raw_profile/PROF_000001_20260920160210917_00710791KFIJHHLC/device_0" finished.
Sun 20 Sep 2026 16:02:46 [INFO] [MSVP] [712406] msprof_export.py: All collected data will be exported, path is: /data/wio/Inference_Foundry/evidence/20260920_diagnostic/raw_profile/PROF_000001_20260920160210917_00710791KFIJHHLC/device_0.
Sun 20 Sep 2026 16:02:46 [INFO] [MSVP] [712406] msprof_export.py: All collected data will be exported, path is: /data/wio/Inference_Foundry/evidence/20260920_diagnostic/raw_profile/PROF_000001_20260920160210917_00710791KFIJHHLC/device_0.
Sun 20 Sep 2026 16:03:12 [INFO] [MSVP] [712406] msprof_common.py: Start exporting timeline output_file.
Sun 20 Sep 2026 16:03:12 [INFO] [MSVP] [712406] msprof_common.py: End exporting timeline output_file.The file is stored in the /data/wio/Inference_Foundry/evidence/20260920_diagnostic/raw_profile/PROF_000001_20260920160210917_00710791KFIJHHLC/mindstudio_profiler_output path.
Sun 20 Sep 2026 16:03:13 [WARNING] [MSVP] [712481] msprof_entrance.py: Msprof analysis is parsing data as root, which may cause potential system security risks.
Sun 20 Sep 2026 16:03:13 [INFO] [MSVP] [712483] msprof_export.py: The data in "/data/wio/Inference_Foundry/evidence/20260920_diagnostic/raw_profile/PROF_000001_20260920160210917_00710791KFIJHHLC/device_0" has been analyzed. Parsing phase will be skipped.
Sun 20 Sep 2026 16:03:13 [INFO] [MSVP] [712483] msprof_export.py: All collected data will be exported, path is: /data/wio/Inference_Foundry/evidence/20260920_diagnostic/raw_profile/PROF_000001_20260920160210917_00710791KFIJHHLC/device_0.
Sun 20 Sep 2026 16:03:15 [INFO] [MSVP] [712483] msprof_export.py: All collected data will be exported, path is: /data/wio/Inference_Foundry/evidence/20260920_diagnostic/raw_profile/PROF_000001_20260920160210917_00710791KFIJHHLC/device_0.
Sun 20 Sep 2026 16:03:15 [INFO] [MSVP] [712483] msprof_common.py: Start exporting summary output_file.
Sun 20 Sep 2026 16:03:15 [INFO] [MSVP] [712483] msprof_common.py: End exporting summary output_file.The file is stored in the /data/wio/Inference_Foundry/evidence/20260920_diagnostic/raw_profile/PROF_000001_20260920160210917_00710791KFIJHHLC/mindstudio_profiler_output path.
[INFO] Export all data in PROF_000001_20260920160210917_00710791KFIJHHLC done.
[INFO] Start query data in PROF_000001_20260920160210917_00710791KFIJHHLC.
Sun 20 Sep 2026 16:03:16 [WARNING] [MSVP] [712542] msprof_entrance.py: Msprof analysis is parsing data as root, which may cause potential system security risks.
Job Info	Device ID	Dir Name	Collection Time           	Model ID	Iteration Number	Top Time Iteration	Rank ID	

NA      	0        	device_0	2026-09-20 16:02:10.262045	N/A     	N/A             	N/A               	-1     	

[INFO] Query all data in PROF_000001_20260920160210917_00710791KFIJHHLC done.
[INFO] Profiling finished.
[INFO] Process profiling data complete. Data is saved in /data/wio/Inference_Foundry/evidence/20260920_diagnostic/raw_profile/PROF_000001_20260920160210917_00710791KFIJHHLC
