[2026-09-27-21:09:07.260] [INFO] [AscendProfiler_ProfilingParser:97] Profiler logger initialized at: /data/wio/Inference_Foundry/evidence/20260928_loop080_bound/run578/live/b/bench/profile/rank3/S900K3-49_50249_20260927210511088_ascend_pt/logs/profiler_20260927210907_57494_ProfilingParser.log
[2026-09-27-21:09:07.329] [INFO] [AscendProfiler_ProfilingParser:100] TorchOpParser start.
[2026-09-27-21:09:07.330] [INFO] [AscendProfiler_ProfilingParser:82] TaskQueueParser start.
[2026-09-27-21:09:07.365] [INFO] [AscendProfiler_ProfilingParser:208] CANNTimelineParser start.
[2026-09-27-21:09:07.367] [INFO] [AscendProfiler_ProfilingParser:88] TaskQueueParser finish.
[2026-09-27-21:09:07.368] [INFO] [AscendProfiler_ProfilingParser:106] TorchOpParser finish.
[2026-09-27-21:09:07.369] [INFO] [AscendProfiler_ProfilingParser:62] TreeBuildParser start.
[2026-09-27-21:09:07.405] [INFO] [AscendProfiler_ProfilingParser:118] DbPreParser start.
[2026-09-27-21:09:07.406] [INFO] [AscendProfiler_ProfilingParser:70] TreeBuildParser finish.
[2026-09-27-21:09:07.407] [INFO] [AscendProfiler_ProfilingParser:62] MemoryPrepareParser start.
[2026-09-27-21:09:07.408] [INFO] [AscendProfiler_ProfilingParser:129] DbPreParser finish.
[2026-09-27-21:09:07.408] [INFO] [AscendProfiler_ProfilingParser:75] MemoryPrepareParser finish.
[2026-09-27-21:09:10.171] [INFO] [AscendProfiler_ProfilingParser:218] CANNTimelineParser finish.
[2026-09-27-21:09:10.241] [INFO] [AscendProfiler_ProfilingParser:31] RelationParser start.
[2026-09-27-21:09:10.253] [INFO] [AscendProfiler_ProfilingParser:38] RelationParser finish.
[2026-09-27-21:09:11.310] [INFO] [AscendProfiler_ProfilingParser:40] DbParser start.
[2026-09-27-21:09:11.312] [INFO] [AscendProfiler_ProfilingParser:27] BasicDbParser start.
[2026-09-27-21:09:11.322] [INFO] [AscendProfiler_ProfilingParser:40] BasicDbParser finish.
[2026-09-27-21:09:11.323] [INFO] [AscendProfiler_ProfilingParser:31] FwkApiDbParser start.
[2026-09-27-21:09:11.323] [INFO] [AscendProfiler_ProfilingParser:36] FwkApiDbParser get fwk api data finish.
[2026-09-27-21:09:11.323] [ERROR] [AscendProfiler_ProfilingParser:117] Failed to find node launch str id
[2026-09-27-21:09:11.323] [INFO] [AscendProfiler_ProfilingParser:38] FwkApiDbParser get api data for db finish.
[2026-09-27-21:09:11.327] [INFO] [AscendProfiler_ProfilingParser:40] FwkApiDbParser save api data to db finish.
[2026-09-27-21:09:11.327] [INFO] [AscendProfiler_ProfilingParser:44] FwkApiDbParser finish.
[2026-09-27-21:09:11.328] [INFO] [AscendProfiler_ProfilingParser:82] MemoryDbParser start.
[2026-09-27-21:09:11.328] [INFO] [AscendProfiler_ProfilingParser:95] MemoryDbParser finish.
[2026-09-27-21:09:11.329] [INFO] [AscendProfiler_ProfilingParser:33] GCRecordDbParser start.
[2026-09-27-21:09:11.329] [INFO] [AscendProfiler_ProfilingParser:41] GCRecordDbParser finish.
[2026-09-27-21:09:11.329] [INFO] [AscendProfiler_ProfilingParser:36] StepInfoDbParser start.
[2026-09-27-21:09:11.334] [INFO] [AscendProfiler_ProfilingParser:43] StepInfoDbParser finish.
[2026-09-27-21:09:11.335] [INFO] [AscendProfiler_ProfilingParser:80] CommunicationDbParser start.
[2026-09-27-21:09:11.336] [INFO] [AscendProfiler_ProfilingParser:88] CommunicationDbParser finish.
[2026-09-27-21:09:11.336] [INFO] [AscendProfiler_ProfilingParser:74] TraceStepTimeDbParser start.
[2026-09-27-21:09:11.341] [INFO] [AscendProfiler_ProfilingParser:83] TraceStepTimeDbParser finish.
[2026-09-27-21:09:11.341] [INFO] [AscendProfiler_ProfilingParser:64] DbParser finish.
[2026-09-27-21:09:11.864] [INFO] [AscendProfiler_ProfilingParser:473] ============================================================
[2026-09-27-21:09:11.868] [INFO] [AscendProfiler_ProfilingParser:474] Task execution completed
[2026-09-27-21:09:11.868] [INFO] [AscendProfiler_ProfilingParser:475] ============================================================
[2026-09-27-21:09:11.869] [INFO] [AscendProfiler_ProfilingParser:478] torch_op                  | PTHREAD         | Succeed    | 0.040s | deps: None
[2026-09-27-21:09:11.869] [INFO] [AscendProfiler_ProfilingParser:478] task_queue                | PTHREAD         | Succeed    | 0.038s | deps: None
[2026-09-27-21:09:11.869] [INFO] [AscendProfiler_ProfilingParser:478] trace_prepare             | SUB_PROCESS     | Succeed    | 0.044s | deps: torch_op, task_queue
[2026-09-27-21:09:11.869] [INFO] [AscendProfiler_ProfilingParser:478] build_tree                | PTHREAD         | Succeed    | 0.038s | deps: torch_op, task_queue
[2026-09-27-21:09:11.870] [INFO] [AscendProfiler_ProfilingParser:478] export                    | SUB_PROCESS     | Succeed    | 3.089s | deps: None
[2026-09-27-21:09:11.870] [INFO] [AscendProfiler_ProfilingParser:478] timeline                  | PTHREAD|NON_BLOCKING | Succeed    | 2.808s | deps: None
[2026-09-27-21:09:11.870] [INFO] [AscendProfiler_ProfilingParser:478] relation                  | PTHREAD         | Succeed    | 0.014s | deps: task_queue, timeline
[2026-09-27-21:09:11.870] [INFO] [AscendProfiler_ProfilingParser:478] memory_prepare            | PTHREAD         | Succeed    | 0.002s | deps: build_tree, task_queue, torch_op
[2026-09-27-21:09:11.870] [INFO] [AscendProfiler_ProfilingParser:478] analyze                   | SUB_PROCESS     | Succeed    | 1.103s | deps: timeline
[2026-09-27-21:09:11.870] [INFO] [AscendProfiler_ProfilingParser:478] operator                  | SUB_PROCESS     | Succeed    | 0.069s | deps: build_tree, timeline, relation, torch_op
[2026-09-27-21:09:11.871] [INFO] [AscendProfiler_ProfilingParser:478] trace                     | SUB_PROCESS     | Succeed    | 0.117s | deps: build_tree, trace_prepare, timeline, task_queue, torch_op
[2026-09-27-21:09:11.871] [INFO] [AscendProfiler_ProfilingParser:478] kernel                    | SUB_PROCESS     | Succeed    | 0.094s | deps: build_tree, export, relation
[2026-09-27-21:09:11.871] [INFO] [AscendProfiler_ProfilingParser:478] step_time                 | SUB_PROCESS     | Succeed    | 0.052s | deps: build_tree, timeline, relation, torch_op
[2026-09-27-21:09:11.871] [INFO] [AscendProfiler_ProfilingParser:478] memory                    | SUB_PROCESS     | Succeed    | 0.061s | deps: export, memory_prepare
[2026-09-27-21:09:11.871] [INFO] [AscendProfiler_ProfilingParser:478] integrate                 | SUB_PROCESS     | Succeed    | 0.044s | deps: export
[2026-09-27-21:09:11.871] [INFO] [AscendProfiler_ProfilingParser:478] communication             | SUB_PROCESS     | Succeed    | 0.045s | deps: build_tree, analyze, relation
[2026-09-27-21:09:11.872] [INFO] [AscendProfiler_ProfilingParser:478] db_prepare                | PTHREAD         | Succeed    | 0.004s | deps: torch_op, task_queue
[2026-09-27-21:09:11.872] [INFO] [AscendProfiler_ProfilingParser:478] torch_db                  | PTHREAD         | Succeed    | 0.032s | deps: export, memory_prepare, build_tree, analyze, db_prepare
