[W925 15:32:47.579303416 NPUCachingAllocator.cpp:202] Warning: The current CANN and HDK(driver) versions require processing for 32 padding size, with memory allocation. (function operator())
[W925 15:32:48.917435858 TensorFactories.cpp:423] Warning: Cannot create tensor with interal format while allow_internel_format=False, tensor will be created with base format. (function operator())
{
  "run": 232,
  "kind": "one_card_operator_screen",
  "service_started": false,
  "shape": [
    96,
    4096
  ],
  "dtype": "bfloat16",
  "threshold_us_per_call": 23.25581395348837,
  "fused_outputs": [
    {
      "shape": [
        96,
        4096
      ],
      "dtype": "torch.float32"
    },
    {
      "shape": [
        96,
        4096
      ],
      "dtype": "torch.bfloat16"
    },
    {
      "shape": [
        96,
        1
      ],
      "dtype": "torch.float32"
    },
    {
      "shape": [
        96,
        4096
      ],
      "dtype": "torch.bfloat16"
    }
  ],
  "matching": [
    {
      "output": 0,
      "reference": "bf16_norm",
      "max_abs": 0.00390625,
      "mean_abs": 1.3659398057086491e-08
    },
    {
      "output": 0,
      "reference": "fp32_norm",
      "max_abs": 0.00390625,
      "mean_abs": 1.3659398057086491e-08
    },
    {
      "output": 1,
      "reference": "bf16_norm",
      "max_abs": 0.00390625,
      "mean_abs": 1.3659398057086491e-08
    },
    {
      "output": 1,
      "reference": "fp32_norm",
      "max_abs": 0.00390625,
      "mean_abs": 1.3659398057086491e-08
    },
    {
      "output": 3,
      "reference": "bf16_norm",
      "max_abs": 16.046875,
      "mean_abs": 0.922605037689209
    },
    {
      "output": 3,
      "reference": "fp32_norm",
      "max_abs": 16.046875,
      "mean_abs": 0.922605037689209
    }
  ],
  "selected_outputs": {
    "bf16": {
      "output": 1,
      "reference": "bf16_norm",
      "max_abs": 0.00390625,
      "mean_abs": 1.3659398057086491e-08
    },
    "fp32": {
      "output": 0,
      "reference": "fp32_norm",
      "max_abs": 0.00390625,
      "mean_abs": 1.3659398057086491e-08
    }
  },
  "timing_us": {
    "eager_median": 201.44999772310257,
    "fused_median": 161.04000061750412,
    "paired_saving_median": 39.33000564575195,
    "saving_p10": 18.93998682498932,
    "saving_p90": 61.639994382858276,
    "pairs": 400
  },
  "gate": "pass_one_card"
}
