{
  "scope": "instrumented_bound_diagnostic_not_formal_tps; c12 release interval and eligible set only, no unique permit parent",
  "phase": "measured",
  "n": 48,
  "success": 48,
  "fail": 0,
  "concurrency": 12,
  "max_tokens": 1024,
  "wall_start_monotonic_ns": 4301861659409398,
  "wall_end_monotonic_ns": 4301942548821626,
  "clock": {
    "begin": {
      "wall_time_ns": 1790648383997908296,
      "monotonic_ns": 4301861659210846
    },
    "end": {
      "wall_time_ns": 1790648464888595862,
      "monotonic_ns": 4301942549894132
    },
    "monotonic_info": "namespace(implementation='clock_gettime(CLOCK_MONOTONIC)', monotonic=True, adjustable=False, resolution=1e-09)",
    "perf_counter_info": "namespace(implementation='clock_gettime(CLOCK_MONOTONIC)', monotonic=True, adjustable=False, resolution=1e-09)",
    "kernel_boot_id": "6e5ca76b-a856-4531-8ab3-8d6c3ea9c8d4",
    "time_namespace": "time:[4026531834]",
    "timens_offsets": "monotonic           0         0\nboottime            0         0\n",
    "pid": 238171
  },
  "duration_s": 80.88940783776343,
  "output_tps_diagnostic_only": 607.6444532587277,
  "ttft_ms_mean": 2119.212900424221,
  "tpot_ms_mean": 17.678793298208625
}
