[2026-09-27-21:09:38.921] [INFO] [AscendProfiler_ProfilingParser:97] Profiler logger initialized at: /data/wio/Inference_Foundry/evidence/20260928_loop080_bound/run578/live/b/bench/profile/rank5/S900K3-49_50379_20260927210511094_ascend_pt/logs/profiler_20260927210938_58048_ProfilingParser.log
[2026-09-27-21:09:38.992] [INFO] [AscendProfiler_ProfilingParser:100] TorchOpParser start.
[2026-09-27-21:09:38.992] [INFO] [AscendProfiler_ProfilingParser:82] TaskQueueParser start.
[2026-09-27-21:09:39.015] [INFO] [AscendProfiler_ProfilingParser:208] CANNTimelineParser start.
[2026-09-27-21:09:39.015] [INFO] [AscendProfiler_ProfilingParser:88] TaskQueueParser finish.
[2026-09-27-21:09:39.017] [INFO] [AscendProfiler_ProfilingParser:106] TorchOpParser finish.
[2026-09-27-21:09:39.017] [INFO] [AscendProfiler_ProfilingParser:118] DbPreParser start.
[2026-09-27-21:09:39.039] [INFO] [AscendProfiler_ProfilingParser:62] TreeBuildParser start.
[2026-09-27-21:09:39.040] [INFO] [AscendProfiler_ProfilingParser:129] DbPreParser finish.
[2026-09-27-21:09:39.041] [INFO] [AscendProfiler_ProfilingParser:70] TreeBuildParser finish.
[2026-09-27-21:09:39.042] [INFO] [AscendProfiler_ProfilingParser:62] MemoryPrepareParser start.
[2026-09-27-21:09:39.042] [INFO] [AscendProfiler_ProfilingParser:75] MemoryPrepareParser finish.
[2026-09-27-21:09:41.719] [INFO] [AscendProfiler_ProfilingParser:218] CANNTimelineParser finish.
[2026-09-27-21:09:41.760] [INFO] [AscendProfiler_ProfilingParser:31] RelationParser start.
[2026-09-27-21:09:41.772] [INFO] [AscendProfiler_ProfilingParser:38] RelationParser finish.
[2026-09-27-21:09:42.809] [INFO] [AscendProfiler_ProfilingParser:40] DbParser start.
[2026-09-27-21:09:42.831] [INFO] [AscendProfiler_ProfilingParser:27] BasicDbParser start.
[2026-09-27-21:09:42.840] [INFO] [AscendProfiler_ProfilingParser:40] BasicDbParser finish.
[2026-09-27-21:09:42.841] [INFO] [AscendProfiler_ProfilingParser:31] FwkApiDbParser start.
[2026-09-27-21:09:42.841] [INFO] [AscendProfiler_ProfilingParser:36] FwkApiDbParser get fwk api data finish.
[2026-09-27-21:09:42.842] [ERROR] [AscendProfiler_ProfilingParser:117] Failed to find node launch str id
[2026-09-27-21:09:42.842] [INFO] [AscendProfiler_ProfilingParser:38] FwkApiDbParser get api data for db finish.
[2026-09-27-21:09:42.846] [INFO] [AscendProfiler_ProfilingParser:40] FwkApiDbParser save api data to db finish.
[2026-09-27-21:09:42.846] [INFO] [AscendProfiler_ProfilingParser:44] FwkApiDbParser finish.
[2026-09-27-21:09:42.846] [INFO] [AscendProfiler_ProfilingParser:82] MemoryDbParser start.
[2026-09-27-21:09:42.847] [INFO] [AscendProfiler_ProfilingParser:95] MemoryDbParser finish.
[2026-09-27-21:09:42.847] [INFO] [AscendProfiler_ProfilingParser:33] GCRecordDbParser start.
[2026-09-27-21:09:42.848] [INFO] [AscendProfiler_ProfilingParser:41] GCRecordDbParser finish.
[2026-09-27-21:09:42.848] [INFO] [AscendProfiler_ProfilingParser:36] StepInfoDbParser start.
[2026-09-27-21:09:42.852] [INFO] [AscendProfiler_ProfilingParser:43] StepInfoDbParser finish.
[2026-09-27-21:09:42.853] [INFO] [AscendProfiler_ProfilingParser:80] CommunicationDbParser start.
[2026-09-27-21:09:42.854] [INFO] [AscendProfiler_ProfilingParser:88] CommunicationDbParser finish.
[2026-09-27-21:09:42.855] [INFO] [AscendProfiler_ProfilingParser:74] TraceStepTimeDbParser start.
[2026-09-27-21:09:42.859] [INFO] [AscendProfiler_ProfilingParser:83] TraceStepTimeDbParser finish.
[2026-09-27-21:09:42.859] [INFO] [AscendProfiler_ProfilingParser:64] DbParser finish.
[2026-09-27-21:09:43.364] [INFO] [AscendProfiler_ProfilingParser:473] ============================================================
[2026-09-27-21:09:43.364] [INFO] [AscendProfiler_ProfilingParser:474] Task execution completed
[2026-09-27-21:09:43.364] [INFO] [AscendProfiler_ProfilingParser:475] ============================================================
[2026-09-27-21:09:43.364] [INFO] [AscendProfiler_ProfilingParser:478] torch_op                  | PTHREAD         | Succeed    | 0.026s | deps: None
[2026-09-27-21:09:43.365] [INFO] [AscendProfiler_ProfilingParser:478] task_queue                | PTHREAD         | Succeed    | 0.024s | deps: None
[2026-09-27-21:09:43.365] [INFO] [AscendProfiler_ProfilingParser:478] trace_prepare             | SUB_PROCESS     | Succeed    | 0.029s | deps: torch_op, task_queue
[2026-09-27-21:09:43.365] [INFO] [AscendProfiler_ProfilingParser:478] build_tree                | PTHREAD         | Succeed    | 0.003s | deps: torch_op, task_queue
[2026-09-27-21:09:43.365] [INFO] [AscendProfiler_ProfilingParser:478] export                    | SUB_PROCESS     | Succeed    | 3.079s | deps: None
[2026-09-27-21:09:43.365] [INFO] [AscendProfiler_ProfilingParser:478] timeline                  | PTHREAD|NON_BLOCKING | Succeed    | 2.707s | deps: None
[2026-09-27-21:09:43.366] [INFO] [AscendProfiler_ProfilingParser:478] relation                  | PTHREAD         | Succeed    | 0.014s | deps: task_queue, timeline
[2026-09-27-21:09:43.366] [INFO] [AscendProfiler_ProfilingParser:478] memory_prepare            | PTHREAD         | Succeed    | 0.001s | deps: build_tree, task_queue, torch_op
[2026-09-27-21:09:43.366] [INFO] [AscendProfiler_ProfilingParser:478] analyze                   | SUB_PROCESS     | Succeed    | 1.088s | deps: timeline
[2026-09-27-21:09:43.366] [INFO] [AscendProfiler_ProfilingParser:478] operator                  | SUB_PROCESS     | Succeed    | 0.028s | deps: build_tree, timeline, relation, torch_op
[2026-09-27-21:09:43.366] [INFO] [AscendProfiler_ProfilingParser:478] trace                     | SUB_PROCESS     | Succeed    | 0.073s | deps: build_tree, trace_prepare, timeline, task_queue, torch_op
[2026-09-27-21:09:43.367] [INFO] [AscendProfiler_ProfilingParser:478] kernel                    | SUB_PROCESS     | Succeed    | 0.037s | deps: build_tree, export, relation
[2026-09-27-21:09:43.367] [INFO] [AscendProfiler_ProfilingParser:478] step_time                 | SUB_PROCESS     | Succeed    | 0.039s | deps: build_tree, timeline, relation, torch_op
[2026-09-27-21:09:43.367] [INFO] [AscendProfiler_ProfilingParser:478] memory                    | SUB_PROCESS     | Succeed    | 0.055s | deps: export, memory_prepare
[2026-09-27-21:09:43.367] [INFO] [AscendProfiler_ProfilingParser:478] integrate                 | SUB_PROCESS     | Succeed    | 0.036s | deps: export
[2026-09-27-21:09:43.367] [INFO] [AscendProfiler_ProfilingParser:478] communication             | SUB_PROCESS     | Succeed    | 0.032s | deps: build_tree, analyze, relation
[2026-09-27-21:09:43.367] [INFO] [AscendProfiler_ProfilingParser:478] db_prepare                | PTHREAD         | Succeed    | 0.024s | deps: torch_op, task_queue
[2026-09-27-21:09:43.368] [INFO] [AscendProfiler_ProfilingParser:478] torch_db                  | PTHREAD         | Succeed    | 0.052s | deps: export, memory_prepare, build_tree, analyze, db_prepare
