{"event": "ownership_preflight", "at": 1790974031.0740628, "exact_D107_owner": {"host": "167", "pid": 1240535, "identity": {"boot_id": "65c53cfa-813b-4ebb-a63e-e7fe43d594e6", "start_ticks": "271844938"}, "argv": ["/usr/local/python3.12.13/bin/python3", "/data/tiankuan/wio/glm52-pd/deploy/plugins/dp_run107/native_acl_lifecycle.py", "cli", "serve", "/data/tiankuan/wio/GLM-5.2-w8a8", "--host", "0.0.0.0", "--port", "9900", "--served-model-name", "glm-52", "--seed", "1024", "--safetensors-load-strategy", "prefetch", "--trust-remote-code", "--max-model-len", "144384", "--max-num-seqs", "8", "--max-num-batched-tokens", "4096", "--gpu-memory-utilization", "0.87", "--kv-cache-memory-bytes", "3221225472", "--data-parallel-size", "1", "--worker-cls", "atomic_mq_worker.AtomicMQWorker", "--distributed-executor-backend", "mp", "--pipeline-parallel-size", "2", "--tensor-parallel-size", "8", "--prefill-context-parallel-size", "1", "--decode-context-parallel-size", "8", "--cp-kv-cache-interleave-size", "128", "--enable-expert-parallel", "--quantization", "ascend", "--enable-prefix-caching", "--enable-chunked-prefill", "--enable-auto-tool-choice", "--tool-parser-plugin", "/data/tiankuan/wio/glm52-pd/deploy/plugins/dp_run107/glm_tool_contract.py", "--tool-call-parser", "glm47_contract", "--reasoning-parser", "glm45", "--compilation-config", "{\"cudagraph_mode\":\"FULL_DECODE_ONLY\",\"cudagraph_capture_sizes\":[4,8,16,32],\"max_cudagraph_capture_size\":32}", "--additional-config", "{\"multistream_overlap_shared_expert\":false,\"enable_dsa_cp\":false,\"enable_reduce_sample\":false,\"enable_fused_mc2\":0,\"mc2_comm_alg\":\"hierarchy\",\"enable_flashcomm1\":false}", "--speculative-config", "{\"num_speculative_tokens\":3,\"method\":\"deepseek_mtp\",\"enforce_eager\":true}", "--scheduler-cls", "issue_budget_scheduler_v3.BudgetScheduler", "--prefill-schedule-interval", "2", "--kv-transfer-config", "{\"kv_connector\":\"MooncakeConnectorV1\",\"kv_role\":\"kv_consumer\",\"kv_port\":\"28800\",\"engine_id\":\"GLM107-D\",\"kv_connector_extra_config\":{\"use_ascend_direct\":true,\"prefill\":{\"dp_size\":1,\"tp_size\":16},\"decode\":{\"dp_size\":1,\"tp_size\":8}}}"], "role": "D", "rank": 1, "native_dp_rank": 0, "native_dp_size": 1, "native_ep_size": 8, "logical_alias": "D1", "port": 9900, "native_tp_size": 8, "native_dcp_size": 8, "native_pp_size": 2, "pp_layer_partition": [42, 36]}, "owned_members": 323, "active_members": 323, "npu_workers": 16, "signals": 0, "npu_smi": "+------------------------------------------------------------------------------------------------+\n| npu-smi 25.5.0                   Version: 25.5.0                                               |\n+---------------------------+---------------+----------------------------------------------------+\n| NPU   Name                | Health        | Power(W)    Temp(C)           Hugepages-Usage(page)|\n| Chip  Phy-ID              | Bus-Id        | AICore(%)   Memory-Usage(MB)  HBM-Usage(MB)        |\n+===========================+===============+====================================================+\n| 0     Ascend910           | OK            | 161.7       40                0    / 0             |\n| 0     0                   | 0000:9D:00.0  | 0           0    / 0          52722/ 65536         |\n+------------------------------------------------------------------------------------------------+\n| 0     Ascend910           | OK            | -           40                0    / 0             |\n| 1     1                   | 0000:9F:00.0  | 0           0    / 0          52429/ 65536         |\n+===========================+===============+====================================================+\n| 1     Ascend910           | OK            | 170.4       40                0    / 0             |\n| 0     2                   | 0000:99:00.0  | 0           0    / 0          52718/ 65536         |\n+------------------------------------------------------------------------------------------------+\n| 1     Ascend910           | OK            | -           41                0    / 0             |\n| 1     3                   | 0000:9B:00.0  | 0           0    / 0          52416/ 65536         |\n+===========================+===============+====================================================+\n| 2     Ascend910           | OK            | 201.3       42                0    / 0             |\n| 0     4                   | 0000:95:00.0  | 0           0    / 0          52709/ 65536         |\n+------------------------------------------------------------------------------------------------+\n| 2     Ascend910           | OK            | -           42                0    / 0             |\n| 1     5                   | 0000:97:00.0  | 0           0    / 0          52429/ 65536         |\n+===========================+===============+====================================================+\n| 3     Ascend910           | OK            | 168.2       40                0    / 0             |\n| 0     6                   | 0000:91:00.0  | 0           0    / 0          52705/ 65536         |\n+------------------------------------------------------------------------------------------------+\n| 3     Ascend910           | OK            | -           41                0    / 0             |\n| 1     7                   | 0000:93:00.0  | 0           0    / 0          52431/ 65536         |\n+===========================+===============+====================================================+\n| 4     Ascend910           | OK            | 179.7       40                0    / 0             |\n| 0     8                   | 0000:8D:00.0  | 0           0    / 0          52034/ 65536         |\n+------------------------------------------------------------------------------------------------+\n| 4     Ascend910           | OK            | -           41                0    / 0             |\n| 1     9                   | 0000:8F:00.0  | 0           0    / 0          51760/ 65536         |\n+===========================+===============+====================================================+\n| 5     Ascend910           | OK            | 184.6       41                0    / 0             |\n| 0     10                  | 0000:89:00.0  | 0           0    / 0          52042/ 65536         |\n+------------------------------------------------------------------------------------------------+\n| 5     Ascend910           | OK            | -           41                0    / 0             |\n| 1     11                  | 0000:8B:00.0  | 0           0    / 0          51748/ 65536         |\n+===========================+===============+====================================================+\n| 6     Ascend910           | OK            | 187.1       43                0    / 0             |\n| 0     12                  | 0000:85:00.0  | 0           0    / 0          52043/ 65536         |\n+------------------------------------------------------------------------------------------------+\n| 6     Ascend910           | OK            | -           41                0    / 0             |\n| 1     13                  | 0000:87:00.0  | 0           0    / 0          51749/ 65536         |\n+===========================+===============+====================================================+\n| 7     Ascend910           | OK            | 167.8       41                0    / 0             |\n| 0     14                  | 0000:81:00.0  | 0           0    / 0          52045/ 65536         |\n+------------------------------------------------------------------------------------------------+\n| 7     Ascend910           | OK            | -           41                0    / 0             |\n| 1     15                  | 0000:83:00.0  | 0           0    / 0          51747/ 65536         |\n+===========================+===============+====================================================+\n+---------------------------+---------------+----------------------------------------------------+\n| NPU     Chip              | Process id    | Process name             | Process memory(MB)      |\n+===========================+===============+====================================================+\n| 0       0                 | 1259435       | VLLMWorker_PP            | 49535                   |\n| 0       1                 | 1264518       | VLLMWorker_PP            | 49535                   |\n+===========================+===============+====================================================+\n| 1       0                 | 1268693       | VLLMWorker_PP            | 49535                   |\n| 1       1                 | 1274208       | VLLMWorker_PP            | 49535                   |\n+===========================+===============+====================================================+\n| 2       0                 | 1279906       | VLLMWorker_PP            | 49535                   |\n| 2       1                 | 1284306       | VLLMWorker_PP            | 49535                   |\n+===========================+===============+====================================================+\n| 3       0                 | 1288629       | VLLMWorker_PP            | 49535                   |\n| 3       1                 | 1296464       | VLLMWorker_PP            | 49535                   |\n+===========================+===============+====================================================+\n| 4       0                 | 1302171       | VLLMWorker_PP            | 48866                   |\n| 4       1                 | 1308031       | VLLMWorker_PP            | 48866                   |\n+===========================+===============+====================================================+\n| 5       0                 | 1314282       | VLLMWorker_PP            | 48866                   |\n| 5       1                 | 1320690       | VLLMWorker_PP            | 48866                   |\n+===========================+===============+====================================================+\n| 6       0                 | 1325293       | VLLMWorker_PP            | 48866                   |\n| 6       1                 | 1329645       | VLLMWorker_PP            | 48866                   |\n+===========================+===============+====================================================+\n| 7       0                 | 1335769       | VLLMWorker_PP            | 48866                   |\n| 7       1                 | 1341081       | VLLMWorker_PP            | 48866                   |\n+===========================+===============+====================================================+\n"}
{"event": "signal_attempt", "pid": 1240535, "identity": {"boot_id": "65c53cfa-813b-4ebb-a63e-e7fe43d594e6", "start_ticks": "271844938"}, "signal": "SIGTERM", "scope": "exact_original_D107"}
{"event": "signal_sent", "pid": 1240535, "signal": "SIGTERM"}
{"event": "signal_attempt", "pid": 1386721, "identity": {"boot_id": "65c53cfa-813b-4ebb-a63e-e7fe43d594e6", "start_ticks": "271872753"}, "signal": "SIGKILL", "scope": "exact_original_D107"}
{"event": "signal_sent", "pid": 1386721, "signal": "SIGKILL"}
{"event": "signal_attempt", "pid": 1386720, "identity": {"boot_id": "65c53cfa-813b-4ebb-a63e-e7fe43d594e6", "start_ticks": "271872753"}, "signal": "SIGKILL", "scope": "exact_original_D107"}
{"event": "signal_sent", "pid": 1386720, "signal": "SIGKILL"}
{"event": "signal_attempt", "pid": 1386719, "identity": {"boot_id": "65c53cfa-813b-4ebb-a63e-e7fe43d594e6", "start_ticks": "271872752"}, "signal": "SIGKILL", "scope": "exact_original_D107"}
{"event": "signal_sent", "pid": 1386719, "signal": "SIGKILL"}
{"event": "signal_attempt", "pid": 1386718, "identity": {"boot_id": "65c53cfa-813b-4ebb-a63e-e7fe43d594e6", "start_ticks": "271872752"}, "signal": "SIGKILL", "scope": "exact_original_D107"}
{"event": "signal_sent", "pid": 1386718, "signal": "SIGKILL"}
{"event": "signal_attempt", "pid": 1386717, "identity": {"boot_id": "65c53cfa-813b-4ebb-a63e-e7fe43d594e6", "start_ticks": "271872751"}, "signal": "SIGKILL", "scope": "exact_original_D107"}
{"event": "signal_sent", "pid": 1386717, "signal": "SIGKILL"}
{"event": "signal_attempt", "pid": 1386716, "identity": {"boot_id": "65c53cfa-813b-4ebb-a63e-e7fe43d594e6", "start_ticks": "271872751"}, "signal": "SIGKILL", "scope": "exact_original_D107"}
{"event": "signal_sent", "pid": 1386716, "signal": "SIGKILL"}
{"event": "signal_attempt", "pid": 1386715, "identity": {"boot_id": "65c53cfa-813b-4ebb-a63e-e7fe43d594e6", "start_ticks": "271872751"}, "signal": "SIGKILL", "scope": "exact_original_D107"}
{"event": "signal_sent", "pid": 1386715, "signal": "SIGKILL"}
{"event": "signal_attempt", "pid": 1386714, "identity": {"boot_id": "65c53cfa-813b-4ebb-a63e-e7fe43d594e6", "start_ticks": "271872751"}, "signal": "SIGKILL", "scope": "exact_original_D107"}
{"event": "signal_sent", "pid": 1386714, "signal": "SIGKILL"}
{"event": "signal_attempt", "pid": 1386407, "identity": {"boot_id": "65c53cfa-813b-4ebb-a63e-e7fe43d594e6", "start_ticks": "271872715"}, "signal": "SIGKILL", "scope": "exact_original_D107"}
{"event": "signal_sent", "pid": 1386407, "signal": "SIGKILL"}
{"event": "signal_attempt", "pid": 1386406, "identity": {"boot_id": "65c53cfa-813b-4ebb-a63e-e7fe43d594e6", "start_ticks": "271872714"}, "signal": "SIGKILL", "scope": "exact_original_D107"}
{"event": "signal_sent", "pid": 1386406, "signal": "SIGKILL"}
{"event": "signal_attempt", "pid": 1386405, "identity": {"boot_id": "65c53cfa-813b-4ebb-a63e-e7fe43d594e6", "start_ticks": "271872714"}, "signal": "SIGKILL", "scope": "exact_original_D107"}
{"event": "signal_sent", "pid": 1386405, "signal": "SIGKILL"}
{"event": "signal_attempt", "pid": 1386404, "identity": {"boot_id": "65c53cfa-813b-4ebb-a63e-e7fe43d594e6", "start_ticks": "271872714"}, "signal": "SIGKILL", "scope": "exact_original_D107"}
{"event": "signal_sent", "pid": 1386404, "signal": "SIGKILL"}
{"event": "signal_attempt", "pid": 1386403, "identity": {"boot_id": "65c53cfa-813b-4ebb-a63e-e7fe43d594e6", "start_ticks": "271872713"}, "signal": "SIGKILL", "scope": "exact_original_D107"}
{"event": "signal_sent", "pid": 1386403, "signal": "SIGKILL"}
{"event": "signal_attempt", "pid": 1386394, "identity": {"boot_id": "65c53cfa-813b-4ebb-a63e-e7fe43d594e6", "start_ticks": "271872713"}, "signal": "SIGKILL", "scope": "exact_original_D107"}
{"event": "signal_sent", "pid": 1386394, "signal": "SIGKILL"}
{"event": "signal_attempt", "pid": 1386393, "identity": {"boot_id": "65c53cfa-813b-4ebb-a63e-e7fe43d594e6", "start_ticks": "271872712"}, "signal": "SIGKILL", "scope": "exact_original_D107"}
{"event": "signal_sent", "pid": 1386393, "signal": "SIGKILL"}
{"event": "signal_attempt", "pid": 1386392, "identity": {"boot_id": "65c53cfa-813b-4ebb-a63e-e7fe43d594e6", "start_ticks": "271872712"}, "signal": "SIGKILL", "scope": "exact_original_D107"}
{"event": "signal_sent", "pid": 1386392, "signal": "SIGKILL"}
{"event": "signal_attempt", "pid": 1386391, "identity": {"boot_id": "65c53cfa-813b-4ebb-a63e-e7fe43d594e6", "start_ticks": "271872712"}, "signal": "SIGKILL", "scope": "exact_original_D107"}
{"event": "signal_sent", "pid": 1386391, "signal": "SIGKILL"}
{"event": "signal_attempt", "pid": 1386332, "identity": {"boot_id": "65c53cfa-813b-4ebb-a63e-e7fe43d594e6", "start_ticks": "271872699"}, "signal": "SIGKILL", "scope": "exact_original_D107"}
{"event": "signal_sent", "pid": 1386332, "signal": "SIGKILL"}
{"event": "signal_attempt", "pid": 1386211, "identity": {"boot_id": "65c53cfa-813b-4ebb-a63e-e7fe43d594e6", "start_ticks": "271872692"}, "signal": "SIGKILL", "scope": "exact_original_D107"}
{"event": "signal_sent", "pid": 1386211, "signal": "SIGKILL"}
{"event": "signal_attempt", "pid": 1386210, "identity": {"boot_id": "65c53cfa-813b-4ebb-a63e-e7fe43d594e6", "start_ticks": "271872692"}, "signal": "SIGKILL", "scope": "exact_original_D107"}
{"event": "signal_sent", "pid": 1386210, "signal": "SIGKILL"}
{"event": "signal_attempt", "pid": 1386209, "identity": {"boot_id": "65c53cfa-813b-4ebb-a63e-e7fe43d594e6", "start_ticks": "271872691"}, "signal": "SIGKILL", "scope": "exact_original_D107"}
{"event": "signal_sent", "pid": 1386209, "signal": "SIGKILL"}
{"event": "signal_attempt", "pid": 1386033, "identity": {"boot_id": "65c53cfa-813b-4ebb-a63e-e7fe43d594e6", "start_ticks": "271872679"}, "signal": "SIGKILL", "scope": "exact_original_D107"}
{"event": "signal_sent", "pid": 1386033, "signal": "SIGKILL"}
{"event": "signal_attempt", "pid": 1386032, "identity": {"boot_id": "65c53cfa-813b-4ebb-a63e-e7fe43d594e6", "start_ticks": "271872679"}, "signal": "SIGKILL", "scope": "exact_original_D107"}
{"event": "signal_sent", "pid": 1386032, "signal": "SIGKILL"}
{"event": "signal_attempt", "pid": 1386031, "identity": {"boot_id": "65c53cfa-813b-4ebb-a63e-e7fe43d594e6", "start_ticks": "271872679"}, "signal": "SIGKILL", "scope": "exact_original_D107"}
{"event": "signal_sent", "pid": 1386031, "signal": "SIGKILL"}
{"event": "signal_attempt", "pid": 1386030, "identity": {"boot_id": "65c53cfa-813b-4ebb-a63e-e7fe43d594e6", "start_ticks": "271872678"}, "signal": "SIGKILL", "scope": "exact_original_D107"}
{"event": "signal_sent", "pid": 1386030, "signal": "SIGKILL"}
{"event": "signal_attempt", "pid": 1386029, "identity": {"boot_id": "65c53cfa-813b-4ebb-a63e-e7fe43d594e6", "start_ticks": "271872678"}, "signal": "SIGKILL", "scope": "exact_original_D107"}
{"event": "signal_sent", "pid": 1386029, "signal": "SIGKILL"}
{"event": "signal_attempt", "pid": 1386028, "identity": {"boot_id": "65c53cfa-813b-4ebb-a63e-e7fe43d594e6", "start_ticks": "271872677"}, "signal": "SIGKILL", "scope": "exact_original_D107"}
{"event": "signal_sent", "pid": 1386028, "signal": "SIGKILL"}
{"event": "signal_attempt", "pid": 1385632, "identity": {"boot_id": "65c53cfa-813b-4ebb-a63e-e7fe43d594e6", "start_ticks": "271872642"}, "signal": "SIGKILL", "scope": "exact_original_D107"}
{"event": "signal_sent", "pid": 1385632, "signal": "SIGKILL"}
{"event": "signal_attempt", "pid": 1385628, "identity": {"boot_id": "65c53cfa-813b-4ebb-a63e-e7fe43d594e6", "start_ticks": "271872641"}, "signal": "SIGKILL", "scope": "exact_original_D107"}
{"event": "signal_sent", "pid": 1385628, "signal": "SIGKILL"}
{"event": "signal_attempt", "pid": 1385627, "identity": {"boot_id": "65c53cfa-813b-4ebb-a63e-e7fe43d594e6", "start_ticks": "271872641"}, "signal": "SIGKILL", "scope": "exact_original_D107"}
{"event": "signal_sent", "pid": 1385627, "signal": "SIGKILL"}
{"event": "signal_attempt", "pid": 1385606, "identity": {"boot_id": "65c53cfa-813b-4ebb-a63e-e7fe43d594e6", "start_ticks": "271872639"}, "signal": "SIGKILL", "scope": "exact_original_D107"}
{"event": "signal_sent", "pid": 1385606, "signal": "SIGKILL"}
{"event": "signal_attempt", "pid": 1385587, "identity": {"boot_id": "65c53cfa-813b-4ebb-a63e-e7fe43d594e6", "start_ticks": "271872638"}, "signal": "SIGKILL", "scope": "exact_original_D107"}
{"event": "signal_sent", "pid": 1385587, "signal": "SIGKILL"}
{"event": "signal_attempt", "pid": 1385586, "identity": {"boot_id": "65c53cfa-813b-4ebb-a63e-e7fe43d594e6", "start_ticks": "271872637"}, "signal": "SIGKILL", "scope": "exact_original_D107"}
{"event": "signal_sent", "pid": 1385586, "signal": "SIGKILL"}
{"event": "signal_attempt", "pid": 1385584, "identity": {"boot_id": "65c53cfa-813b-4ebb-a63e-e7fe43d594e6", "start_ticks": "271872637"}, "signal": "SIGKILL", "scope": "exact_original_D107"}
{"event": "signal_sent", "pid": 1385584, "signal": "SIGKILL"}
{"event": "signal_attempt", "pid": 1385582, "identity": {"boot_id": "65c53cfa-813b-4ebb-a63e-e7fe43d594e6", "start_ticks": "271872637"}, "signal": "SIGKILL", "scope": "exact_original_D107"}
{"event": "signal_sent", "pid": 1385582, "signal": "SIGKILL"}
{"event": "signal_attempt", "pid": 1385580, "identity": {"boot_id": "65c53cfa-813b-4ebb-a63e-e7fe43d594e6", "start_ticks": "271872636"}, "signal": "SIGKILL", "scope": "exact_original_D107"}
{"event": "signal_sent", "pid": 1385580, "signal": "SIGKILL"}
{"event": "signal_attempt", "pid": 1385579, "identity": {"boot_id": "65c53cfa-813b-4ebb-a63e-e7fe43d594e6", "start_ticks": "271872636"}, "signal": "SIGKILL", "scope": "exact_original_D107"}
{"event": "signal_sent", "pid": 1385579, "signal": "SIGKILL"}
{"event": "signal_attempt", "pid": 1385578, "identity": {"boot_id": "65c53cfa-813b-4ebb-a63e-e7fe43d594e6", "start_ticks": "271872635"}, "signal": "SIGKILL", "scope": "exact_original_D107"}
{"event": "signal_sent", "pid": 1385578, "signal": "SIGKILL"}
{"event": "signal_attempt", "pid": 1385576, "identity": {"boot_id": "65c53cfa-813b-4ebb-a63e-e7fe43d594e6", "start_ticks": "271872634"}, "signal": "SIGKILL", "scope": "exact_original_D107"}
{"event": "signal_sent", "pid": 1385576, "signal": "SIGKILL"}
{"event": "signal_attempt", "pid": 1385564, "identity": {"boot_id": "65c53cfa-813b-4ebb-a63e-e7fe43d594e6", "start_ticks": "271872633"}, "signal": "SIGKILL", "scope": "exact_original_D107"}
{"event": "signal_sent", "pid": 1385564, "signal": "SIGKILL"}
{"event": "signal_attempt", "pid": 1385557, "identity": {"boot_id": "65c53cfa-813b-4ebb-a63e-e7fe43d594e6", "start_ticks": "271872633"}, "signal": "SIGKILL", "scope": "exact_original_D107"}
{"event": "signal_sent", "pid": 1385557, "signal": "SIGKILL"}
{"event": "signal_attempt", "pid": 1385556, "identity": {"boot_id": "65c53cfa-813b-4ebb-a63e-e7fe43d594e6", "start_ticks": "271872632"}, "signal": "SIGKILL", "scope": "exact_original_D107"}
{"event": "signal_sent", "pid": 1385556, "signal": "SIGKILL"}
{"event": "signal_attempt", "pid": 1385555, "identity": {"boot_id": "65c53cfa-813b-4ebb-a63e-e7fe43d594e6", "start_ticks": "271872632"}, "signal": "SIGKILL", "scope": "exact_original_D107"}
{"event": "signal_sent", "pid": 1385555, "signal": "SIGKILL"}
{"event": "signal_attempt", "pid": 1385554, "identity": {"boot_id": "65c53cfa-813b-4ebb-a63e-e7fe43d594e6", "start_ticks": "271872631"}, "signal": "SIGKILL", "scope": "exact_original_D107"}
{"event": "signal_sent", "pid": 1385554, "signal": "SIGKILL"}
{"event": "signal_attempt", "pid": 1385551, "identity": {"boot_id": "65c53cfa-813b-4ebb-a63e-e7fe43d594e6", "start_ticks": "271872622"}, "signal": "SIGKILL", "scope": "exact_original_D107"}
{"event": "signal_sent", "pid": 1385551, "signal": "SIGKILL"}
{"event": "signal_attempt", "pid": 1385420, "identity": {"boot_id": "65c53cfa-813b-4ebb-a63e-e7fe43d594e6", "start_ticks": "271872604"}, "signal": "SIGKILL", "scope": "exact_original_D107"}
{"event": "signal_sent", "pid": 1385420, "signal": "SIGKILL"}
{"event": "signal_attempt", "pid": 1385381, "identity": {"boot_id": "65c53cfa-813b-4ebb-a63e-e7fe43d594e6", "start_ticks": "271872598"}, "signal": "SIGKILL", "scope": "exact_original_D107"}
{"event": "signal_sent", "pid": 1385381, "signal": "SIGKILL"}
{"event": "signal_attempt", "pid": 1385344, "identity": {"boot_id": "65c53cfa-813b-4ebb-a63e-e7fe43d594e6", "start_ticks": "271872596"}, "signal": "SIGKILL", "scope": "exact_original_D107"}
{"event": "signal_sent", "pid": 1385344, "signal": "SIGKILL"}
{"event": "signal_attempt", "pid": 1385329, "identity": {"boot_id": "65c53cfa-813b-4ebb-a63e-e7fe43d594e6", "start_ticks": "271872595"}, "signal": "SIGKILL", "scope": "exact_original_D107"}
{"event": "signal_sent", "pid": 1385329, "signal": "SIGKILL"}
{"event": "signal_attempt", "pid": 1385322, "identity": {"boot_id": "65c53cfa-813b-4ebb-a63e-e7fe43d594e6", "start_ticks": "271872594"}, "signal": "SIGKILL", "scope": "exact_original_D107"}
{"event": "signal_sent", "pid": 1385322, "signal": "SIGKILL"}
{"event": "signal_attempt", "pid": 1385315, "identity": {"boot_id": "65c53cfa-813b-4ebb-a63e-e7fe43d594e6", "start_ticks": "271872593"}, "signal": "SIGKILL", "scope": "exact_original_D107"}
{"event": "signal_sent", "pid": 1385315, "signal": "SIGKILL"}
{"event": "signal_attempt", "pid": 1385310, "identity": {"boot_id": "65c53cfa-813b-4ebb-a63e-e7fe43d594e6", "start_ticks": "271872593"}, "signal": "SIGKILL", "scope": "exact_original_D107"}
{"event": "signal_sent", "pid": 1385310, "signal": "SIGKILL"}
{"event": "signal_attempt", "pid": 1385301, "identity": {"boot_id": "65c53cfa-813b-4ebb-a63e-e7fe43d594e6", "start_ticks": "271872592"}, "signal": "SIGKILL", "scope": "exact_original_D107"}
{"event": "signal_sent", "pid": 1385301, "signal": "SIGKILL"}
{"event": "signal_attempt", "pid": 1385296, "identity": {"boot_id": "65c53cfa-813b-4ebb-a63e-e7fe43d594e6", "start_ticks": "271872592"}, "signal": "SIGKILL", "scope": "exact_original_D107"}
{"event": "signal_sent", "pid": 1385296, "signal": "SIGKILL"}
{"event": "signal_attempt", "pid": 1385290, "identity": {"boot_id": "65c53cfa-813b-4ebb-a63e-e7fe43d594e6", "start_ticks": "271872592"}, "signal": "SIGKILL", "scope": "exact_original_D107"}
{"event": "signal_sent", "pid": 1385290, "signal": "SIGKILL"}
{"event": "signal_attempt", "pid": 1385288, "identity": {"boot_id": "65c53cfa-813b-4ebb-a63e-e7fe43d594e6", "start_ticks": "271872591"}, "signal": "SIGKILL", "scope": "exact_original_D107"}
{"event": "signal_sent", "pid": 1385288, "signal": "SIGKILL"}
{"event": "signal_attempt", "pid": 1385285, "identity": {"boot_id": "65c53cfa-813b-4ebb-a63e-e7fe43d594e6", "start_ticks": "271872591"}, "signal": "SIGKILL", "scope": "exact_original_D107"}
{"event": "signal_sent", "pid": 1385285, "signal": "SIGKILL"}
{"event": "signal_attempt", "pid": 1385281, "identity": {"boot_id": "65c53cfa-813b-4ebb-a63e-e7fe43d594e6", "start_ticks": "271872590"}, "signal": "SIGKILL", "scope": "exact_original_D107"}
{"event": "signal_sent", "pid": 1385281, "signal": "SIGKILL"}
{"event": "signal_attempt", "pid": 1385278, "identity": {"boot_id": "65c53cfa-813b-4ebb-a63e-e7fe43d594e6", "start_ticks": "271872590"}, "signal": "SIGKILL", "scope": "exact_original_D107"}
{"event": "signal_sent", "pid": 1385278, "signal": "SIGKILL"}
{"event": "signal_attempt", "pid": 1385276, "identity": {"boot_id": "65c53cfa-813b-4ebb-a63e-e7fe43d594e6", "start_ticks": "271872589"}, "signal": "SIGKILL", "scope": "exact_original_D107"}
{"event": "signal_sent", "pid": 1385276, "signal": "SIGKILL"}
{"event": "signal_attempt", "pid": 1385274, "identity": {"boot_id": "65c53cfa-813b-4ebb-a63e-e7fe43d594e6", "start_ticks": "271872589"}, "signal": "SIGKILL", "scope": "exact_original_D107"}
{"event": "signal_sent", "pid": 1385274, "signal": "SIGKILL"}
{"event": "signal_attempt", "pid": 1385270, "identity": {"boot_id": "65c53cfa-813b-4ebb-a63e-e7fe43d594e6", "start_ticks": "271872588"}, "signal": "SIGKILL", "scope": "exact_original_D107"}
{"event": "signal_sent", "pid": 1385270, "signal": "SIGKILL"}
{"event": "signal_attempt", "pid": 1385268, "identity": {"boot_id": "65c53cfa-813b-4ebb-a63e-e7fe43d594e6", "start_ticks": "271872587"}, "signal": "SIGKILL", "scope": "exact_original_D107"}
{"event": "signal_sent", "pid": 1385268, "signal": "SIGKILL"}
{"event": "signal_attempt", "pid": 1385235, "identity": {"boot_id": "65c53cfa-813b-4ebb-a63e-e7fe43d594e6", "start_ticks": "271872578"}, "signal": "SIGKILL", "scope": "exact_original_D107"}
{"event": "signal_sent", "pid": 1385235, "signal": "SIGKILL"}
{"event": "signal_attempt", "pid": 1385008, "identity": {"boot_id": "65c53cfa-813b-4ebb-a63e-e7fe43d594e6", "start_ticks": "271872556"}, "signal": "SIGKILL", "scope": "exact_original_D107"}
{"event": "signal_sent", "pid": 1385008, "signal": "SIGKILL"}
{"event": "signal_attempt", "pid": 1384835, "identity": {"boot_id": "65c53cfa-813b-4ebb-a63e-e7fe43d594e6", "start_ticks": "271872533"}, "signal": "SIGKILL", "scope": "exact_original_D107"}
{"event": "signal_sent", "pid": 1384835, "signal": "SIGKILL"}
{"event": "signal_attempt", "pid": 1384831, "identity": {"boot_id": "65c53cfa-813b-4ebb-a63e-e7fe43d594e6", "start_ticks": "271872532"}, "signal": "SIGKILL", "scope": "exact_original_D107"}
{"event": "signal_sent", "pid": 1384831, "signal": "SIGKILL"}
{"event": "signal_attempt", "pid": 1384825, "identity": {"boot_id": "65c53cfa-813b-4ebb-a63e-e7fe43d594e6", "start_ticks": "271872532"}, "signal": "SIGKILL", "scope": "exact_original_D107"}
{"event": "signal_sent", "pid": 1384825, "signal": "SIGKILL"}
{"event": "signal_attempt", "pid": 1384823, "identity": {"boot_id": "65c53cfa-813b-4ebb-a63e-e7fe43d594e6", "start_ticks": "271872531"}, "signal": "SIGKILL", "scope": "exact_original_D107"}
{"event": "signal_sent", "pid": 1384823, "signal": "SIGKILL"}
{"event": "signal_attempt", "pid": 1384819, "identity": {"boot_id": "65c53cfa-813b-4ebb-a63e-e7fe43d594e6", "start_ticks": "271872531"}, "signal": "SIGKILL", "scope": "exact_original_D107"}
{"event": "signal_sent", "pid": 1384819, "signal": "SIGKILL"}
{"event": "signal_attempt", "pid": 1384816, "identity": {"boot_id": "65c53cfa-813b-4ebb-a63e-e7fe43d594e6", "start_ticks": "271872530"}, "signal": "SIGKILL", "scope": "exact_original_D107"}
{"event": "signal_sent", "pid": 1384816, "signal": "SIGKILL"}
{"event": "signal_attempt", "pid": 1384804, "identity": {"boot_id": "65c53cfa-813b-4ebb-a63e-e7fe43d594e6", "start_ticks": "271872530"}, "signal": "SIGKILL", "scope": "exact_original_D107"}
{"event": "signal_sent", "pid": 1384804, "signal": "SIGKILL"}
{"event": "signal_attempt", "pid": 1384801, "identity": {"boot_id": "65c53cfa-813b-4ebb-a63e-e7fe43d594e6", "start_ticks": "271872529"}, "signal": "SIGKILL", "scope": "exact_original_D107"}
{"event": "signal_sent", "pid": 1384801, "signal": "SIGKILL"}
{"event": "signal_attempt", "pid": 1384798, "identity": {"boot_id": "65c53cfa-813b-4ebb-a63e-e7fe43d594e6", "start_ticks": "271872528"}, "signal": "SIGKILL", "scope": "exact_original_D107"}
{"event": "signal_sent", "pid": 1384798, "signal": "SIGKILL"}
{"event": "signal_attempt", "pid": 1384701, "identity": {"boot_id": "65c53cfa-813b-4ebb-a63e-e7fe43d594e6", "start_ticks": "271872516"}, "signal": "SIGKILL", "scope": "exact_original_D107"}
{"event": "signal_sent", "pid": 1384701, "signal": "SIGKILL"}
{"event": "signal_attempt", "pid": 1384565, "identity": {"boot_id": "65c53cfa-813b-4ebb-a63e-e7fe43d594e6", "start_ticks": "271872499"}, "signal": "SIGKILL", "scope": "exact_original_D107"}
{"event": "signal_sent", "pid": 1384565, "signal": "SIGKILL"}
{"event": "signal_attempt", "pid": 1384400, "identity": {"boot_id": "65c53cfa-813b-4ebb-a63e-e7fe43d594e6", "start_ticks": "271872485"}, "signal": "SIGKILL", "scope": "exact_original_D107"}
{"event": "signal_sent", "pid": 1384400, "signal": "SIGKILL"}
{"event": "signal_attempt", "pid": 1384396, "identity": {"boot_id": "65c53cfa-813b-4ebb-a63e-e7fe43d594e6", "start_ticks": "271872485"}, "signal": "SIGKILL", "scope": "exact_original_D107"}
{"event": "signal_sent", "pid": 1384396, "signal": "SIGKILL"}
{"event": "signal_attempt", "pid": 1384385, "identity": {"boot_id": "65c53cfa-813b-4ebb-a63e-e7fe43d594e6", "start_ticks": "271872484"}, "signal": "SIGKILL", "scope": "exact_original_D107"}
{"event": "signal_sent", "pid": 1384385, "signal": "SIGKILL"}
{"event": "signal_attempt", "pid": 1384368, "identity": {"boot_id": "65c53cfa-813b-4ebb-a63e-e7fe43d594e6", "start_ticks": "271872483"}, "signal": "SIGKILL", "scope": "exact_original_D107"}
{"event": "signal_sent", "pid": 1384368, "signal": "SIGKILL"}
{"event": "signal_attempt", "pid": 1384364, "identity": {"boot_id": "65c53cfa-813b-4ebb-a63e-e7fe43d594e6", "start_ticks": "271872482"}, "signal": "SIGKILL", "scope": "exact_original_D107"}
{"event": "signal_sent", "pid": 1384364, "signal": "SIGKILL"}
{"event": "signal_attempt", "pid": 1384359, "identity": {"boot_id": "65c53cfa-813b-4ebb-a63e-e7fe43d594e6", "start_ticks": "271872480"}, "signal": "SIGKILL", "scope": "exact_original_D107"}
{"event": "signal_sent", "pid": 1384359, "signal": "SIGKILL"}
{"event": "signal_attempt", "pid": 1384357, "identity": {"boot_id": "65c53cfa-813b-4ebb-a63e-e7fe43d594e6", "start_ticks": "271872479"}, "signal": "SIGKILL", "scope": "exact_original_D107"}
{"event": "signal_sent", "pid": 1384357, "signal": "SIGKILL"}
{"event": "signal_attempt", "pid": 1384352, "identity": {"boot_id": "65c53cfa-813b-4ebb-a63e-e7fe43d594e6", "start_ticks": "271872479"}, "signal": "SIGKILL", "scope": "exact_original_D107"}
{"event": "signal_sent", "pid": 1384352, "signal": "SIGKILL"}
{"event": "signal_attempt", "pid": 1383818, "identity": {"boot_id": "65c53cfa-813b-4ebb-a63e-e7fe43d594e6", "start_ticks": "271872439"}, "signal": "SIGKILL", "scope": "exact_original_D107"}
{"event": "signal_sent", "pid": 1383818, "signal": "SIGKILL"}
{"event": "signal_attempt", "pid": 1383810, "identity": {"boot_id": "65c53cfa-813b-4ebb-a63e-e7fe43d594e6", "start_ticks": "271872438"}, "signal": "SIGKILL", "scope": "exact_original_D107"}
{"event": "signal_sent", "pid": 1383810, "signal": "SIGKILL"}
{"event": "signal_attempt", "pid": 1383806, "identity": {"boot_id": "65c53cfa-813b-4ebb-a63e-e7fe43d594e6", "start_ticks": "271872436"}, "signal": "SIGKILL", "scope": "exact_original_D107"}
{"event": "signal_sent", "pid": 1383806, "signal": "SIGKILL"}
{"event": "signal_attempt", "pid": 1383800, "identity": {"boot_id": "65c53cfa-813b-4ebb-a63e-e7fe43d594e6", "start_ticks": "271872435"}, "signal": "SIGKILL", "scope": "exact_original_D107"}
{"event": "signal_sent", "pid": 1383800, "signal": "SIGKILL"}
{"event": "signal_attempt", "pid": 1383797, "identity": {"boot_id": "65c53cfa-813b-4ebb-a63e-e7fe43d594e6", "start_ticks": "271872434"}, "signal": "SIGKILL", "scope": "exact_original_D107"}
{"event": "signal_sent", "pid": 1383797, "signal": "SIGKILL"}
{"event": "signal_attempt", "pid": 1383792, "identity": {"boot_id": "65c53cfa-813b-4ebb-a63e-e7fe43d594e6", "start_ticks": "271872432"}, "signal": "SIGKILL", "scope": "exact_original_D107"}
{"event": "signal_sent", "pid": 1383792, "signal": "SIGKILL"}
{"event": "signal_attempt", "pid": 1383790, "identity": {"boot_id": "65c53cfa-813b-4ebb-a63e-e7fe43d594e6", "start_ticks": "271872431"}, "signal": "SIGKILL", "scope": "exact_original_D107"}
{"event": "signal_sent", "pid": 1383790, "signal": "SIGKILL"}
{"event": "signal_attempt", "pid": 1383787, "identity": {"boot_id": "65c53cfa-813b-4ebb-a63e-e7fe43d594e6", "start_ticks": "271872430"}, "signal": "SIGKILL", "scope": "exact_original_D107"}
{"event": "signal_sent", "pid": 1383787, "signal": "SIGKILL"}
{"event": "signal_attempt", "pid": 1383785, "identity": {"boot_id": "65c53cfa-813b-4ebb-a63e-e7fe43d594e6", "start_ticks": "271872430"}, "signal": "SIGKILL", "scope": "exact_original_D107"}
{"event": "signal_sent", "pid": 1383785, "signal": "SIGKILL"}
{"event": "signal_attempt", "pid": 1383722, "identity": {"boot_id": "65c53cfa-813b-4ebb-a63e-e7fe43d594e6", "start_ticks": "271872420"}, "signal": "SIGKILL", "scope": "exact_original_D107"}
{"event": "signal_sent", "pid": 1383722, "signal": "SIGKILL"}
{"event": "signal_attempt", "pid": 1383716, "identity": {"boot_id": "65c53cfa-813b-4ebb-a63e-e7fe43d594e6", "start_ticks": "271872419"}, "signal": "SIGKILL", "scope": "exact_original_D107"}
{"event": "signal_sent", "pid": 1383716, "signal": "SIGKILL"}
{"event": "signal_attempt", "pid": 1383709, "identity": {"boot_id": "65c53cfa-813b-4ebb-a63e-e7fe43d594e6", "start_ticks": "271872416"}, "signal": "SIGKILL", "scope": "exact_original_D107"}
{"event": "signal_sent", "pid": 1383709, "signal": "SIGKILL"}
{"event": "signal_attempt", "pid": 1383703, "identity": {"boot_id": "65c53cfa-813b-4ebb-a63e-e7fe43d594e6", "start_ticks": "271872415"}, "signal": "SIGKILL", "scope": "exact_original_D107"}
{"event": "signal_sent", "pid": 1383703, "signal": "SIGKILL"}
{"event": "signal_attempt", "pid": 1383668, "identity": {"boot_id": "65c53cfa-813b-4ebb-a63e-e7fe43d594e6", "start_ticks": "271872413"}, "signal": "SIGKILL", "scope": "exact_original_D107"}
{"event": "signal_sent", "pid": 1383668, "signal": "SIGKILL"}
{"event": "signal_attempt", "pid": 1383627, "identity": {"boot_id": "65c53cfa-813b-4ebb-a63e-e7fe43d594e6", "start_ticks": "271872411"}, "signal": "SIGKILL", "scope": "exact_original_D107"}
{"event": "signal_sent", "pid": 1383627, "signal": "SIGKILL"}
{"event": "signal_attempt", "pid": 1383608, "identity": {"boot_id": "65c53cfa-813b-4ebb-a63e-e7fe43d594e6", "start_ticks": "271872410"}, "signal": "SIGKILL", "scope": "exact_original_D107"}
{"event": "signal_sent", "pid": 1383608, "signal": "SIGKILL"}
{"event": "signal_attempt", "pid": 1383604, "identity": {"boot_id": "65c53cfa-813b-4ebb-a63e-e7fe43d594e6", "start_ticks": "271872410"}, "signal": "SIGKILL", "scope": "exact_original_D107"}
{"event": "signal_sent", "pid": 1383604, "signal": "SIGKILL"}
{"event": "signal_attempt", "pid": 1383602, "identity": {"boot_id": "65c53cfa-813b-4ebb-a63e-e7fe43d594e6", "start_ticks": "271872410"}, "signal": "SIGKILL", "scope": "exact_original_D107"}
{"event": "signal_sent", "pid": 1383602, "signal": "SIGKILL"}
{"event": "signal_attempt", "pid": 1383592, "identity": {"boot_id": "65c53cfa-813b-4ebb-a63e-e7fe43d594e6", "start_ticks": "271872409"}, "signal": "SIGKILL", "scope": "exact_original_D107"}
{"event": "signal_sent", "pid": 1383592, "signal": "SIGKILL"}
{"event": "signal_attempt", "pid": 1383590, "identity": {"boot_id": "65c53cfa-813b-4ebb-a63e-e7fe43d594e6", "start_ticks": "271872409"}, "signal": "SIGKILL", "scope": "exact_original_D107"}
{"event": "signal_sent", "pid": 1383590, "signal": "SIGKILL"}
{"event": "signal_attempt", "pid": 1383584, "identity": {"boot_id": "65c53cfa-813b-4ebb-a63e-e7fe43d594e6", "start_ticks": "271872408"}, "signal": "SIGKILL", "scope": "exact_original_D107"}
{"event": "signal_sent", "pid": 1383584, "signal": "SIGKILL"}
{"event": "signal_attempt", "pid": 1383580, "identity": {"boot_id": "65c53cfa-813b-4ebb-a63e-e7fe43d594e6", "start_ticks": "271872407"}, "signal": "SIGKILL", "scope": "exact_original_D107"}
{"event": "signal_sent", "pid": 1383580, "signal": "SIGKILL"}
{"event": "signal_attempt", "pid": 1383579, "identity": {"boot_id": "65c53cfa-813b-4ebb-a63e-e7fe43d594e6", "start_ticks": "271872407"}, "signal": "SIGKILL", "scope": "exact_original_D107"}
{"event": "signal_sent", "pid": 1383579, "signal": "SIGKILL"}
{"event": "signal_attempt", "pid": 1383574, "identity": {"boot_id": "65c53cfa-813b-4ebb-a63e-e7fe43d594e6", "start_ticks": "271872406"}, "signal": "SIGKILL", "scope": "exact_original_D107"}
{"event": "signal_sent", "pid": 1383574, "signal": "SIGKILL"}
{"event": "signal_attempt", "pid": 1383570, "identity": {"boot_id": "65c53cfa-813b-4ebb-a63e-e7fe43d594e6", "start_ticks": "271872406"}, "signal": "SIGKILL", "scope": "exact_original_D107"}
{"event": "signal_sent", "pid": 1383570, "signal": "SIGKILL"}
{"event": "signal_attempt", "pid": 1383565, "identity": {"boot_id": "65c53cfa-813b-4ebb-a63e-e7fe43d594e6", "start_ticks": "271872405"}, "signal": "SIGKILL", "scope": "exact_original_D107"}
{"event": "signal_sent", "pid": 1383565, "signal": "SIGKILL"}
{"event": "signal_attempt", "pid": 1383521, "identity": {"boot_id": "65c53cfa-813b-4ebb-a63e-e7fe43d594e6", "start_ticks": "271872396"}, "signal": "SIGKILL", "scope": "exact_original_D107"}
{"event": "signal_sent", "pid": 1383521, "signal": "SIGKILL"}
{"event": "signal_attempt", "pid": 1383393, "identity": {"boot_id": "65c53cfa-813b-4ebb-a63e-e7fe43d594e6", "start_ticks": "271872373"}, "signal": "SIGKILL", "scope": "exact_original_D107"}
{"event": "signal_sent", "pid": 1383393, "signal": "SIGKILL"}
{"event": "signal_attempt", "pid": 1383388, "identity": {"boot_id": "65c53cfa-813b-4ebb-a63e-e7fe43d594e6", "start_ticks": "271872372"}, "signal": "SIGKILL", "scope": "exact_original_D107"}
{"event": "signal_sent", "pid": 1383388, "signal": "SIGKILL"}
{"event": "signal_attempt", "pid": 1383380, "identity": {"boot_id": "65c53cfa-813b-4ebb-a63e-e7fe43d594e6", "start_ticks": "271872371"}, "signal": "SIGKILL", "scope": "exact_original_D107"}
{"event": "signal_sent", "pid": 1383380, "signal": "SIGKILL"}
{"event": "signal_attempt", "pid": 1383376, "identity": {"boot_id": "65c53cfa-813b-4ebb-a63e-e7fe43d594e6", "start_ticks": "271872371"}, "signal": "SIGKILL", "scope": "exact_original_D107"}
{"event": "signal_sent", "pid": 1383376, "signal": "SIGKILL"}
{"event": "signal_attempt", "pid": 1383371, "identity": {"boot_id": "65c53cfa-813b-4ebb-a63e-e7fe43d594e6", "start_ticks": "271872370"}, "signal": "SIGKILL", "scope": "exact_original_D107"}
{"event": "signal_sent", "pid": 1383371, "signal": "SIGKILL"}
{"event": "signal_attempt", "pid": 1383364, "identity": {"boot_id": "65c53cfa-813b-4ebb-a63e-e7fe43d594e6", "start_ticks": "271872369"}, "signal": "SIGKILL", "scope": "exact_original_D107"}
{"event": "signal_sent", "pid": 1383364, "signal": "SIGKILL"}
{"event": "signal_attempt", "pid": 1383360, "identity": {"boot_id": "65c53cfa-813b-4ebb-a63e-e7fe43d594e6", "start_ticks": "271872368"}, "signal": "SIGKILL", "scope": "exact_original_D107"}
{"event": "signal_sent", "pid": 1383360, "signal": "SIGKILL"}
{"event": "signal_attempt", "pid": 1383352, "identity": {"boot_id": "65c53cfa-813b-4ebb-a63e-e7fe43d594e6", "start_ticks": "271872368"}, "signal": "SIGKILL", "scope": "exact_original_D107"}
{"event": "signal_sent", "pid": 1383352, "signal": "SIGKILL"}
{"event": "signal_attempt", "pid": 1383342, "identity": {"boot_id": "65c53cfa-813b-4ebb-a63e-e7fe43d594e6", "start_ticks": "271872367"}, "signal": "SIGKILL", "scope": "exact_original_D107"}
{"event": "signal_sent", "pid": 1383342, "signal": "SIGKILL"}
{"event": "signal_attempt", "pid": 1383308, "identity": {"boot_id": "65c53cfa-813b-4ebb-a63e-e7fe43d594e6", "start_ticks": "271872358"}, "signal": "SIGKILL", "scope": "exact_original_D107"}
{"event": "signal_sent", "pid": 1383308, "signal": "SIGKILL"}
{"event": "signal_attempt", "pid": 1383225, "identity": {"boot_id": "65c53cfa-813b-4ebb-a63e-e7fe43d594e6", "start_ticks": "271872354"}, "signal": "SIGKILL", "scope": "exact_original_D107"}
{"event": "signal_sent", "pid": 1383225, "signal": "SIGKILL"}
{"event": "signal_attempt", "pid": 1383224, "identity": {"boot_id": "65c53cfa-813b-4ebb-a63e-e7fe43d594e6", "start_ticks": "271872354"}, "signal": "SIGKILL", "scope": "exact_original_D107"}
{"event": "signal_sent", "pid": 1383224, "signal": "SIGKILL"}
{"event": "signal_attempt", "pid": 1383223, "identity": {"boot_id": "65c53cfa-813b-4ebb-a63e-e7fe43d594e6", "start_ticks": "271872353"}, "signal": "SIGKILL", "scope": "exact_original_D107"}
{"event": "signal_sent", "pid": 1383223, "signal": "SIGKILL"}
{"event": "signal_attempt", "pid": 1383220, "identity": {"boot_id": "65c53cfa-813b-4ebb-a63e-e7fe43d594e6", "start_ticks": "271872353"}, "signal": "SIGKILL", "scope": "exact_original_D107"}
{"event": "signal_sent", "pid": 1383220, "signal": "SIGKILL"}
{"event": "signal_attempt", "pid": 1383217, "identity": {"boot_id": "65c53cfa-813b-4ebb-a63e-e7fe43d594e6", "start_ticks": "271872352"}, "signal": "SIGKILL", "scope": "exact_original_D107"}
{"event": "signal_sent", "pid": 1383217, "signal": "SIGKILL"}
{"event": "signal_attempt", "pid": 1383215, "identity": {"boot_id": "65c53cfa-813b-4ebb-a63e-e7fe43d594e6", "start_ticks": "271872352"}, "signal": "SIGKILL", "scope": "exact_original_D107"}
{"event": "signal_sent", "pid": 1383215, "signal": "SIGKILL"}
{"event": "signal_attempt", "pid": 1383211, "identity": {"boot_id": "65c53cfa-813b-4ebb-a63e-e7fe43d594e6", "start_ticks": "271872351"}, "signal": "SIGKILL", "scope": "exact_original_D107"}
{"event": "signal_sent", "pid": 1383211, "signal": "SIGKILL"}
{"event": "signal_attempt", "pid": 1383210, "identity": {"boot_id": "65c53cfa-813b-4ebb-a63e-e7fe43d594e6", "start_ticks": "271872351"}, "signal": "SIGKILL", "scope": "exact_original_D107"}
{"event": "signal_sent", "pid": 1383210, "signal": "SIGKILL"}
{"event": "signal_attempt", "pid": 1383207, "identity": {"boot_id": "65c53cfa-813b-4ebb-a63e-e7fe43d594e6", "start_ticks": "271872351"}, "signal": "SIGKILL", "scope": "exact_original_D107"}
{"event": "signal_sent", "pid": 1383207, "signal": "SIGKILL"}
{"event": "signal_attempt", "pid": 1383155, "identity": {"boot_id": "65c53cfa-813b-4ebb-a63e-e7fe43d594e6", "start_ticks": "271872343"}, "signal": "SIGKILL", "scope": "exact_original_D107"}
{"event": "signal_sent", "pid": 1383155, "signal": "SIGKILL"}
{"event": "signal_attempt", "pid": 1383136, "identity": {"boot_id": "65c53cfa-813b-4ebb-a63e-e7fe43d594e6", "start_ticks": "271872339"}, "signal": "SIGKILL", "scope": "exact_original_D107"}
{"event": "signal_sent", "pid": 1383136, "signal": "SIGKILL"}
{"event": "signal_attempt", "pid": 1382932, "identity": {"boot_id": "65c53cfa-813b-4ebb-a63e-e7fe43d594e6", "start_ticks": "271872320"}, "signal": "SIGKILL", "scope": "exact_original_D107"}
{"event": "signal_sent", "pid": 1382932, "signal": "SIGKILL"}
{"event": "signal_attempt", "pid": 1382908, "identity": {"boot_id": "65c53cfa-813b-4ebb-a63e-e7fe43d594e6", "start_ticks": "271872314"}, "signal": "SIGKILL", "scope": "exact_original_D107"}
{"event": "signal_sent", "pid": 1382908, "signal": "SIGKILL"}
{"event": "signal_attempt", "pid": 1382905, "identity": {"boot_id": "65c53cfa-813b-4ebb-a63e-e7fe43d594e6", "start_ticks": "271872314"}, "signal": "SIGKILL", "scope": "exact_original_D107"}
{"event": "signal_sent", "pid": 1382905, "signal": "SIGKILL"}
{"event": "signal_attempt", "pid": 1382902, "identity": {"boot_id": "65c53cfa-813b-4ebb-a63e-e7fe43d594e6", "start_ticks": "271872313"}, "signal": "SIGKILL", "scope": "exact_original_D107"}
{"event": "signal_sent", "pid": 1382902, "signal": "SIGKILL"}
{"event": "signal_attempt", "pid": 1382899, "identity": {"boot_id": "65c53cfa-813b-4ebb-a63e-e7fe43d594e6", "start_ticks": "271872313"}, "signal": "SIGKILL", "scope": "exact_original_D107"}
{"event": "signal_sent", "pid": 1382899, "signal": "SIGKILL"}
{"event": "signal_attempt", "pid": 1382896, "identity": {"boot_id": "65c53cfa-813b-4ebb-a63e-e7fe43d594e6", "start_ticks": "271872312"}, "signal": "SIGKILL", "scope": "exact_original_D107"}
{"event": "signal_sent", "pid": 1382896, "signal": "SIGKILL"}
{"event": "signal_attempt", "pid": 1382893, "identity": {"boot_id": "65c53cfa-813b-4ebb-a63e-e7fe43d594e6", "start_ticks": "271872312"}, "signal": "SIGKILL", "scope": "exact_original_D107"}
{"event": "signal_sent", "pid": 1382893, "signal": "SIGKILL"}
{"event": "signal_attempt", "pid": 1382890, "identity": {"boot_id": "65c53cfa-813b-4ebb-a63e-e7fe43d594e6", "start_ticks": "271872312"}, "signal": "SIGKILL", "scope": "exact_original_D107"}
{"event": "signal_sent", "pid": 1382890, "signal": "SIGKILL"}
{"event": "signal_attempt", "pid": 1382886, "identity": {"boot_id": "65c53cfa-813b-4ebb-a63e-e7fe43d594e6", "start_ticks": "271872312"}, "signal": "SIGKILL", "scope": "exact_original_D107"}
{"event": "signal_sent", "pid": 1382886, "signal": "SIGKILL"}
{"event": "signal_attempt", "pid": 1382884, "identity": {"boot_id": "65c53cfa-813b-4ebb-a63e-e7fe43d594e6", "start_ticks": "271872311"}, "signal": "SIGKILL", "scope": "exact_original_D107"}
{"event": "signal_sent", "pid": 1382884, "signal": "SIGKILL"}
{"event": "signal_attempt", "pid": 1382882, "identity": {"boot_id": "65c53cfa-813b-4ebb-a63e-e7fe43d594e6", "start_ticks": "271872311"}, "signal": "SIGKILL", "scope": "exact_original_D107"}
{"event": "signal_sent", "pid": 1382882, "signal": "SIGKILL"}
{"event": "signal_attempt", "pid": 1382880, "identity": {"boot_id": "65c53cfa-813b-4ebb-a63e-e7fe43d594e6", "start_ticks": "271872311"}, "signal": "SIGKILL", "scope": "exact_original_D107"}
{"event": "signal_sent", "pid": 1382880, "signal": "SIGKILL"}
{"event": "signal_attempt", "pid": 1382879, "identity": {"boot_id": "65c53cfa-813b-4ebb-a63e-e7fe43d594e6", "start_ticks": "271872311"}, "signal": "SIGKILL", "scope": "exact_original_D107"}
{"event": "signal_sent", "pid": 1382879, "signal": "SIGKILL"}
{"event": "signal_attempt", "pid": 1382877, "identity": {"boot_id": "65c53cfa-813b-4ebb-a63e-e7fe43d594e6", "start_ticks": "271872311"}, "signal": "SIGKILL", "scope": "exact_original_D107"}
{"event": "signal_sent", "pid": 1382877, "signal": "SIGKILL"}
{"event": "signal_attempt", "pid": 1382875, "identity": {"boot_id": "65c53cfa-813b-4ebb-a63e-e7fe43d594e6", "start_ticks": "271872310"}, "signal": "SIGKILL", "scope": "exact_original_D107"}
{"event": "signal_sent", "pid": 1382875, "signal": "SIGKILL"}
{"event": "signal_attempt", "pid": 1382873, "identity": {"boot_id": "65c53cfa-813b-4ebb-a63e-e7fe43d594e6", "start_ticks": "271872310"}, "signal": "SIGKILL", "scope": "exact_original_D107"}
{"event": "signal_sent", "pid": 1382873, "signal": "SIGKILL"}
{"event": "signal_attempt", "pid": 1382871, "identity": {"boot_id": "65c53cfa-813b-4ebb-a63e-e7fe43d594e6", "start_ticks": "271872310"}, "signal": "SIGKILL", "scope": "exact_original_D107"}
{"event": "signal_sent", "pid": 1382871, "signal": "SIGKILL"}
{"event": "signal_attempt", "pid": 1382568, "identity": {"boot_id": "65c53cfa-813b-4ebb-a63e-e7fe43d594e6", "start_ticks": "271872282"}, "signal": "SIGKILL", "scope": "exact_original_D107"}
{"event": "signal_sent", "pid": 1382568, "signal": "SIGKILL"}
{"event": "signal_attempt", "pid": 1382567, "identity": {"boot_id": "65c53cfa-813b-4ebb-a63e-e7fe43d594e6", "start_ticks": "271872282"}, "signal": "SIGKILL", "scope": "exact_original_D107"}
{"event": "signal_sent", "pid": 1382567, "signal": "SIGKILL"}
{"event": "signal_attempt", "pid": 1382566, "identity": {"boot_id": "65c53cfa-813b-4ebb-a63e-e7fe43d594e6", "start_ticks": "271872282"}, "signal": "SIGKILL", "scope": "exact_original_D107"}
{"event": "signal_sent", "pid": 1382566, "signal": "SIGKILL"}
{"event": "signal_attempt", "pid": 1382565, "identity": {"boot_id": "65c53cfa-813b-4ebb-a63e-e7fe43d594e6", "start_ticks": "271872282"}, "signal": "SIGKILL", "scope": "exact_original_D107"}
{"event": "signal_sent", "pid": 1382565, "signal": "SIGKILL"}
{"event": "signal_attempt", "pid": 1382564, "identity": {"boot_id": "65c53cfa-813b-4ebb-a63e-e7fe43d594e6", "start_ticks": "271872281"}, "signal": "SIGKILL", "scope": "exact_original_D107"}
{"event": "signal_sent", "pid": 1382564, "signal": "SIGKILL"}
{"event": "signal_attempt", "pid": 1382563, "identity": {"boot_id": "65c53cfa-813b-4ebb-a63e-e7fe43d594e6", "start_ticks": "271872281"}, "signal": "SIGKILL", "scope": "exact_original_D107"}
{"event": "signal_sent", "pid": 1382563, "signal": "SIGKILL"}
{"event": "signal_attempt", "pid": 1382562, "identity": {"boot_id": "65c53cfa-813b-4ebb-a63e-e7fe43d594e6", "start_ticks": "271872281"}, "signal": "SIGKILL", "scope": "exact_original_D107"}
{"event": "signal_sent", "pid": 1382562, "signal": "SIGKILL"}
{"event": "signal_attempt", "pid": 1382561, "identity": {"boot_id": "65c53cfa-813b-4ebb-a63e-e7fe43d594e6", "start_ticks": "271872280"}, "signal": "SIGKILL", "scope": "exact_original_D107"}
{"event": "signal_sent", "pid": 1382561, "signal": "SIGKILL"}
{"event": "signal_attempt", "pid": 1382560, "identity": {"boot_id": "65c53cfa-813b-4ebb-a63e-e7fe43d594e6", "start_ticks": "271872280"}, "signal": "SIGKILL", "scope": "exact_original_D107"}
{"event": "signal_sent", "pid": 1382560, "signal": "SIGKILL"}
{"event": "signal_attempt", "pid": 1382559, "identity": {"boot_id": "65c53cfa-813b-4ebb-a63e-e7fe43d594e6", "start_ticks": "271872280"}, "signal": "SIGKILL", "scope": "exact_original_D107"}
{"event": "signal_sent", "pid": 1382559, "signal": "SIGKILL"}
{"event": "signal_attempt", "pid": 1382558, "identity": {"boot_id": "65c53cfa-813b-4ebb-a63e-e7fe43d594e6", "start_ticks": "271872280"}, "signal": "SIGKILL", "scope": "exact_original_D107"}
{"event": "signal_sent", "pid": 1382558, "signal": "SIGKILL"}
{"event": "signal_attempt", "pid": 1382557, "identity": {"boot_id": "65c53cfa-813b-4ebb-a63e-e7fe43d594e6", "start_ticks": "271872280"}, "signal": "SIGKILL", "scope": "exact_original_D107"}
{"event": "signal_sent", "pid": 1382557, "signal": "SIGKILL"}
{"event": "signal_attempt", "pid": 1382556, "identity": {"boot_id": "65c53cfa-813b-4ebb-a63e-e7fe43d594e6", "start_ticks": "271872280"}, "signal": "SIGKILL", "scope": "exact_original_D107"}
{"event": "signal_sent", "pid": 1382556, "signal": "SIGKILL"}
{"event": "signal_attempt", "pid": 1382555, "identity": {"boot_id": "65c53cfa-813b-4ebb-a63e-e7fe43d594e6", "start_ticks": "271872279"}, "signal": "SIGKILL", "scope": "exact_original_D107"}
{"event": "signal_sent", "pid": 1382555, "signal": "SIGKILL"}
{"event": "signal_attempt", "pid": 1382554, "identity": {"boot_id": "65c53cfa-813b-4ebb-a63e-e7fe43d594e6", "start_ticks": "271872279"}, "signal": "SIGKILL", "scope": "exact_original_D107"}
{"event": "signal_sent", "pid": 1382554, "signal": "SIGKILL"}
{"event": "signal_attempt", "pid": 1382553, "identity": {"boot_id": "65c53cfa-813b-4ebb-a63e-e7fe43d594e6", "start_ticks": "271872279"}, "signal": "SIGKILL", "scope": "exact_original_D107"}
{"event": "signal_sent", "pid": 1382553, "signal": "SIGKILL"}
{"event": "signal_attempt", "pid": 1382552, "identity": {"boot_id": "65c53cfa-813b-4ebb-a63e-e7fe43d594e6", "start_ticks": "271872279"}, "signal": "SIGKILL", "scope": "exact_original_D107"}
{"event": "signal_sent", "pid": 1382552, "signal": "SIGKILL"}
{"event": "signal_attempt", "pid": 1382551, "identity": {"boot_id": "65c53cfa-813b-4ebb-a63e-e7fe43d594e6", "start_ticks": "271872279"}, "signal": "SIGKILL", "scope": "exact_original_D107"}
{"event": "signal_sent", "pid": 1382551, "signal": "SIGKILL"}
{"event": "signal_attempt", "pid": 1382515, "identity": {"boot_id": "65c53cfa-813b-4ebb-a63e-e7fe43d594e6", "start_ticks": "271872273"}, "signal": "SIGKILL", "scope": "exact_original_D107"}
{"event": "signal_sent", "pid": 1382515, "signal": "SIGKILL"}
{"event": "signal_attempt", "pid": 1382454, "identity": {"boot_id": "65c53cfa-813b-4ebb-a63e-e7fe43d594e6", "start_ticks": "271872272"}, "signal": "SIGKILL", "scope": "exact_original_D107"}
{"event": "signal_sent", "pid": 1382454, "signal": "SIGKILL"}
{"event": "signal_attempt", "pid": 1382196, "identity": {"boot_id": "65c53cfa-813b-4ebb-a63e-e7fe43d594e6", "start_ticks": "271872262"}, "signal": "SIGKILL", "scope": "exact_original_D107"}
{"event": "signal_sent", "pid": 1382196, "signal": "SIGKILL"}
{"event": "signal_attempt", "pid": 1382182, "identity": {"boot_id": "65c53cfa-813b-4ebb-a63e-e7fe43d594e6", "start_ticks": "271872260"}, "signal": "SIGKILL", "scope": "exact_original_D107"}
{"event": "signal_sent", "pid": 1382182, "signal": "SIGKILL"}
{"event": "signal_attempt", "pid": 1382181, "identity": {"boot_id": "65c53cfa-813b-4ebb-a63e-e7fe43d594e6", "start_ticks": "271872253"}, "signal": "SIGKILL", "scope": "exact_original_D107"}
{"event": "signal_sent", "pid": 1382181, "signal": "SIGKILL"}
{"event": "signal_attempt", "pid": 1382180, "identity": {"boot_id": "65c53cfa-813b-4ebb-a63e-e7fe43d594e6", "start_ticks": "271872253"}, "signal": "SIGKILL", "scope": "exact_original_D107"}
{"event": "signal_sent", "pid": 1382180, "signal": "SIGKILL"}
{"event": "signal_attempt", "pid": 1382179, "identity": {"boot_id": "65c53cfa-813b-4ebb-a63e-e7fe43d594e6", "start_ticks": "271872253"}, "signal": "SIGKILL", "scope": "exact_original_D107"}
{"event": "signal_sent", "pid": 1382179, "signal": "SIGKILL"}
{"event": "signal_attempt", "pid": 1382178, "identity": {"boot_id": "65c53cfa-813b-4ebb-a63e-e7fe43d594e6", "start_ticks": "271872253"}, "signal": "SIGKILL", "scope": "exact_original_D107"}
{"event": "signal_sent", "pid": 1382178, "signal": "SIGKILL"}
{"event": "signal_attempt", "pid": 1382177, "identity": {"boot_id": "65c53cfa-813b-4ebb-a63e-e7fe43d594e6", "start_ticks": "271872252"}, "signal": "SIGKILL", "scope": "exact_original_D107"}
{"event": "signal_sent", "pid": 1382177, "signal": "SIGKILL"}
{"event": "signal_attempt", "pid": 1382176, "identity": {"boot_id": "65c53cfa-813b-4ebb-a63e-e7fe43d594e6", "start_ticks": "271872252"}, "signal": "SIGKILL", "scope": "exact_original_D107"}
{"event": "signal_sent", "pid": 1382176, "signal": "SIGKILL"}
{"event": "signal_attempt", "pid": 1382175, "identity": {"boot_id": "65c53cfa-813b-4ebb-a63e-e7fe43d594e6", "start_ticks": "271872252"}, "signal": "SIGKILL", "scope": "exact_original_D107"}
{"event": "signal_sent", "pid": 1382175, "signal": "SIGKILL"}
{"event": "signal_attempt", "pid": 1382174, "identity": {"boot_id": "65c53cfa-813b-4ebb-a63e-e7fe43d594e6", "start_ticks": "271872252"}, "signal": "SIGKILL", "scope": "exact_original_D107"}
{"event": "signal_sent", "pid": 1382174, "signal": "SIGKILL"}
{"event": "signal_attempt", "pid": 1382173, "identity": {"boot_id": "65c53cfa-813b-4ebb-a63e-e7fe43d594e6", "start_ticks": "271872251"}, "signal": "SIGKILL", "scope": "exact_original_D107"}
{"event": "signal_sent", "pid": 1382173, "signal": "SIGKILL"}
{"event": "signal_attempt", "pid": 1382172, "identity": {"boot_id": "65c53cfa-813b-4ebb-a63e-e7fe43d594e6", "start_ticks": "271872250"}, "signal": "SIGKILL", "scope": "exact_original_D107"}
{"event": "signal_sent", "pid": 1382172, "signal": "SIGKILL"}
{"event": "signal_attempt", "pid": 1382171, "identity": {"boot_id": "65c53cfa-813b-4ebb-a63e-e7fe43d594e6", "start_ticks": "271872250"}, "signal": "SIGKILL", "scope": "exact_original_D107"}
{"event": "signal_sent", "pid": 1382171, "signal": "SIGKILL"}
{"event": "signal_attempt", "pid": 1382167, "identity": {"boot_id": "65c53cfa-813b-4ebb-a63e-e7fe43d594e6", "start_ticks": "271872250"}, "signal": "SIGKILL", "scope": "exact_original_D107"}
{"event": "signal_sent", "pid": 1382167, "signal": "SIGKILL"}
{"event": "signal_attempt", "pid": 1382163, "identity": {"boot_id": "65c53cfa-813b-4ebb-a63e-e7fe43d594e6", "start_ticks": "271872250"}, "signal": "SIGKILL", "scope": "exact_original_D107"}
{"event": "signal_sent", "pid": 1382163, "signal": "SIGKILL"}
{"event": "signal_attempt", "pid": 1382160, "identity": {"boot_id": "65c53cfa-813b-4ebb-a63e-e7fe43d594e6", "start_ticks": "271872250"}, "signal": "SIGKILL", "scope": "exact_original_D107"}
{"event": "signal_sent", "pid": 1382160, "signal": "SIGKILL"}
{"event": "signal_attempt", "pid": 1382159, "identity": {"boot_id": "65c53cfa-813b-4ebb-a63e-e7fe43d594e6", "start_ticks": "271872250"}, "signal": "SIGKILL", "scope": "exact_original_D107"}
{"event": "signal_sent", "pid": 1382159, "signal": "SIGKILL"}
{"event": "signal_attempt", "pid": 1382158, "identity": {"boot_id": "65c53cfa-813b-4ebb-a63e-e7fe43d594e6", "start_ticks": "271872249"}, "signal": "SIGKILL", "scope": "exact_original_D107"}
{"event": "signal_sent", "pid": 1382158, "signal": "SIGKILL"}
{"event": "signal_attempt", "pid": 1381968, "identity": {"boot_id": "65c53cfa-813b-4ebb-a63e-e7fe43d594e6", "start_ticks": "271872231"}, "signal": "SIGKILL", "scope": "exact_original_D107"}
{"event": "signal_sent", "pid": 1381968, "signal": "SIGKILL"}
{"event": "signal_attempt", "pid": 1381953, "identity": {"boot_id": "65c53cfa-813b-4ebb-a63e-e7fe43d594e6", "start_ticks": "271872231"}, "signal": "SIGKILL", "scope": "exact_original_D107"}
{"event": "signal_sent", "pid": 1381953, "signal": "SIGKILL"}
{"event": "signal_attempt", "pid": 1381947, "identity": {"boot_id": "65c53cfa-813b-4ebb-a63e-e7fe43d594e6", "start_ticks": "271872230"}, "signal": "SIGKILL", "scope": "exact_original_D107"}
{"event": "signal_sent", "pid": 1381947, "signal": "SIGKILL"}
{"event": "signal_attempt", "pid": 1381944, "identity": {"boot_id": "65c53cfa-813b-4ebb-a63e-e7fe43d594e6", "start_ticks": "271872230"}, "signal": "SIGKILL", "scope": "exact_original_D107"}
{"event": "signal_sent", "pid": 1381944, "signal": "SIGKILL"}
{"event": "signal_attempt", "pid": 1381938, "identity": {"boot_id": "65c53cfa-813b-4ebb-a63e-e7fe43d594e6", "start_ticks": "271872230"}, "signal": "SIGKILL", "scope": "exact_original_D107"}
{"event": "signal_sent", "pid": 1381938, "signal": "SIGKILL"}
{"event": "signal_attempt", "pid": 1381937, "identity": {"boot_id": "65c53cfa-813b-4ebb-a63e-e7fe43d594e6", "start_ticks": "271872230"}, "signal": "SIGKILL", "scope": "exact_original_D107"}
{"event": "signal_sent", "pid": 1381937, "signal": "SIGKILL"}
{"event": "signal_attempt", "pid": 1381934, "identity": {"boot_id": "65c53cfa-813b-4ebb-a63e-e7fe43d594e6", "start_ticks": "271872230"}, "signal": "SIGKILL", "scope": "exact_original_D107"}
{"event": "signal_sent", "pid": 1381934, "signal": "SIGKILL"}
{"event": "signal_attempt", "pid": 1381933, "identity": {"boot_id": "65c53cfa-813b-4ebb-a63e-e7fe43d594e6", "start_ticks": "271872230"}, "signal": "SIGKILL", "scope": "exact_original_D107"}
{"event": "signal_sent", "pid": 1381933, "signal": "SIGKILL"}
{"event": "signal_attempt", "pid": 1381932, "identity": {"boot_id": "65c53cfa-813b-4ebb-a63e-e7fe43d594e6", "start_ticks": "271872230"}, "signal": "SIGKILL", "scope": "exact_original_D107"}
{"event": "signal_sent", "pid": 1381932, "signal": "SIGKILL"}
{"event": "signal_attempt", "pid": 1381931, "identity": {"boot_id": "65c53cfa-813b-4ebb-a63e-e7fe43d594e6", "start_ticks": "271872226"}, "signal": "SIGKILL", "scope": "exact_original_D107"}
{"event": "signal_sent", "pid": 1381931, "signal": "SIGKILL"}
{"event": "signal_attempt", "pid": 1381930, "identity": {"boot_id": "65c53cfa-813b-4ebb-a63e-e7fe43d594e6", "start_ticks": "271872226"}, "signal": "SIGKILL", "scope": "exact_original_D107"}
{"event": "signal_sent", "pid": 1381930, "signal": "SIGKILL"}
{"event": "signal_attempt", "pid": 1381929, "identity": {"boot_id": "65c53cfa-813b-4ebb-a63e-e7fe43d594e6", "start_ticks": "271872226"}, "signal": "SIGKILL", "scope": "exact_original_D107"}
{"event": "signal_sent", "pid": 1381929, "signal": "SIGKILL"}
{"event": "signal_attempt", "pid": 1381928, "identity": {"boot_id": "65c53cfa-813b-4ebb-a63e-e7fe43d594e6", "start_ticks": "271872226"}, "signal": "SIGKILL", "scope": "exact_original_D107"}
{"event": "signal_sent", "pid": 1381928, "signal": "SIGKILL"}
{"event": "signal_attempt", "pid": 1381927, "identity": {"boot_id": "65c53cfa-813b-4ebb-a63e-e7fe43d594e6", "start_ticks": "271872226"}, "signal": "SIGKILL", "scope": "exact_original_D107"}
{"event": "signal_sent", "pid": 1381927, "signal": "SIGKILL"}
{"event": "signal_attempt", "pid": 1381926, "identity": {"boot_id": "65c53cfa-813b-4ebb-a63e-e7fe43d594e6", "start_ticks": "271872226"}, "signal": "SIGKILL", "scope": "exact_original_D107"}
{"event": "signal_sent", "pid": 1381926, "signal": "SIGKILL"}
{"event": "signal_attempt", "pid": 1381925, "identity": {"boot_id": "65c53cfa-813b-4ebb-a63e-e7fe43d594e6", "start_ticks": "271872226"}, "signal": "SIGKILL", "scope": "exact_original_D107"}
{"event": "signal_sent", "pid": 1381925, "signal": "SIGKILL"}
{"event": "signal_attempt", "pid": 1381924, "identity": {"boot_id": "65c53cfa-813b-4ebb-a63e-e7fe43d594e6", "start_ticks": "271872225"}, "signal": "SIGKILL", "scope": "exact_original_D107"}
{"event": "signal_sent", "pid": 1381924, "signal": "SIGKILL"}
{"event": "signal_attempt", "pid": 1381923, "identity": {"boot_id": "65c53cfa-813b-4ebb-a63e-e7fe43d594e6", "start_ticks": "271872225"}, "signal": "SIGKILL", "scope": "exact_original_D107"}
{"event": "signal_sent", "pid": 1381923, "signal": "SIGKILL"}
{"event": "signal_attempt", "pid": 1381922, "identity": {"boot_id": "65c53cfa-813b-4ebb-a63e-e7fe43d594e6", "start_ticks": "271872224"}, "signal": "SIGKILL", "scope": "exact_original_D107"}
{"event": "signal_sent", "pid": 1381922, "signal": "SIGKILL"}
{"event": "signal_attempt", "pid": 1381855, "identity": {"boot_id": "65c53cfa-813b-4ebb-a63e-e7fe43d594e6", "start_ticks": "271872220"}, "signal": "SIGKILL", "scope": "exact_original_D107"}
{"event": "signal_sent", "pid": 1381855, "signal": "SIGKILL"}
{"event": "signal_attempt", "pid": 1381789, "identity": {"boot_id": "65c53cfa-813b-4ebb-a63e-e7fe43d594e6", "start_ticks": "271872214"}, "signal": "SIGKILL", "scope": "exact_original_D107"}
{"event": "signal_sent", "pid": 1381789, "signal": "SIGKILL"}
{"event": "signal_attempt", "pid": 1381788, "identity": {"boot_id": "65c53cfa-813b-4ebb-a63e-e7fe43d594e6", "start_ticks": "271872210"}, "signal": "SIGKILL", "scope": "exact_original_D107"}
{"event": "signal_sent", "pid": 1381788, "signal": "SIGKILL"}
{"event": "signal_attempt", "pid": 1381704, "identity": {"boot_id": "65c53cfa-813b-4ebb-a63e-e7fe43d594e6", "start_ticks": "271872165"}, "signal": "SIGKILL", "scope": "exact_original_D107"}
{"event": "signal_sent", "pid": 1381704, "signal": "SIGKILL"}
{"event": "signal_attempt", "pid": 1381703, "identity": {"boot_id": "65c53cfa-813b-4ebb-a63e-e7fe43d594e6", "start_ticks": "271872165"}, "signal": "SIGKILL", "scope": "exact_original_D107"}
{"event": "signal_sent", "pid": 1381703, "signal": "SIGKILL"}
{"event": "signal_attempt", "pid": 1381702, "identity": {"boot_id": "65c53cfa-813b-4ebb-a63e-e7fe43d594e6", "start_ticks": "271872164"}, "signal": "SIGKILL", "scope": "exact_original_D107"}
{"event": "signal_sent", "pid": 1381702, "signal": "SIGKILL"}
{"event": "signal_attempt", "pid": 1381701, "identity": {"boot_id": "65c53cfa-813b-4ebb-a63e-e7fe43d594e6", "start_ticks": "271872164"}, "signal": "SIGKILL", "scope": "exact_original_D107"}
{"event": "signal_sent", "pid": 1381701, "signal": "SIGKILL"}
{"event": "signal_attempt", "pid": 1381700, "identity": {"boot_id": "65c53cfa-813b-4ebb-a63e-e7fe43d594e6", "start_ticks": "271872164"}, "signal": "SIGKILL", "scope": "exact_original_D107"}
{"event": "signal_sent", "pid": 1381700, "signal": "SIGKILL"}
{"event": "signal_attempt", "pid": 1381699, "identity": {"boot_id": "65c53cfa-813b-4ebb-a63e-e7fe43d594e6", "start_ticks": "271872164"}, "signal": "SIGKILL", "scope": "exact_original_D107"}
{"event": "signal_sent", "pid": 1381699, "signal": "SIGKILL"}
{"event": "signal_attempt", "pid": 1381698, "identity": {"boot_id": "65c53cfa-813b-4ebb-a63e-e7fe43d594e6", "start_ticks": "271872164"}, "signal": "SIGKILL", "scope": "exact_original_D107"}
{"event": "signal_sent", "pid": 1381698, "signal": "SIGKILL"}
{"event": "signal_attempt", "pid": 1381697, "identity": {"boot_id": "65c53cfa-813b-4ebb-a63e-e7fe43d594e6", "start_ticks": "271872164"}, "signal": "SIGKILL", "scope": "exact_original_D107"}
{"event": "signal_sent", "pid": 1381697, "signal": "SIGKILL"}
{"event": "signal_attempt", "pid": 1381550, "identity": {"boot_id": "65c53cfa-813b-4ebb-a63e-e7fe43d594e6", "start_ticks": "271872141"}, "signal": "SIGKILL", "scope": "exact_original_D107"}
{"event": "signal_sent", "pid": 1381550, "signal": "SIGKILL"}
{"event": "signal_attempt", "pid": 1381549, "identity": {"boot_id": "65c53cfa-813b-4ebb-a63e-e7fe43d594e6", "start_ticks": "271872141"}, "signal": "SIGKILL", "scope": "exact_original_D107"}
{"event": "signal_sent", "pid": 1381549, "signal": "SIGKILL"}
{"event": "signal_attempt", "pid": 1381548, "identity": {"boot_id": "65c53cfa-813b-4ebb-a63e-e7fe43d594e6", "start_ticks": "271872141"}, "signal": "SIGKILL", "scope": "exact_original_D107"}
{"event": "signal_sent", "pid": 1381548, "signal": "SIGKILL"}
{"event": "signal_attempt", "pid": 1381547, "identity": {"boot_id": "65c53cfa-813b-4ebb-a63e-e7fe43d594e6", "start_ticks": "271872140"}, "signal": "SIGKILL", "scope": "exact_original_D107"}
{"event": "signal_sent", "pid": 1381547, "signal": "SIGKILL"}
{"event": "signal_attempt", "pid": 1381546, "identity": {"boot_id": "65c53cfa-813b-4ebb-a63e-e7fe43d594e6", "start_ticks": "271872140"}, "signal": "SIGKILL", "scope": "exact_original_D107"}
{"event": "signal_sent", "pid": 1381546, "signal": "SIGKILL"}
{"event": "signal_attempt", "pid": 1381545, "identity": {"boot_id": "65c53cfa-813b-4ebb-a63e-e7fe43d594e6", "start_ticks": "271872140"}, "signal": "SIGKILL", "scope": "exact_original_D107"}
{"event": "signal_sent", "pid": 1381545, "signal": "SIGKILL"}
{"event": "signal_attempt", "pid": 1381544, "identity": {"boot_id": "65c53cfa-813b-4ebb-a63e-e7fe43d594e6", "start_ticks": "271872140"}, "signal": "SIGKILL", "scope": "exact_original_D107"}
{"event": "signal_sent", "pid": 1381544, "signal": "SIGKILL"}
{"event": "signal_attempt", "pid": 1381543, "identity": {"boot_id": "65c53cfa-813b-4ebb-a63e-e7fe43d594e6", "start_ticks": "271872140"}, "signal": "SIGKILL", "scope": "exact_original_D107"}
{"event": "signal_sent", "pid": 1381543, "signal": "SIGKILL"}
{"event": "signal_attempt", "pid": 1381538, "identity": {"boot_id": "65c53cfa-813b-4ebb-a63e-e7fe43d594e6", "start_ticks": "271872140"}, "signal": "SIGKILL", "scope": "exact_original_D107"}
{"event": "signal_sent", "pid": 1381538, "signal": "SIGKILL"}
{"event": "signal_attempt", "pid": 1381451, "identity": {"boot_id": "65c53cfa-813b-4ebb-a63e-e7fe43d594e6", "start_ticks": "271872134"}, "signal": "SIGKILL", "scope": "exact_original_D107"}
{"event": "signal_sent", "pid": 1381451, "signal": "SIGKILL"}
{"event": "signal_attempt", "pid": 1381377, "identity": {"boot_id": "65c53cfa-813b-4ebb-a63e-e7fe43d594e6", "start_ticks": "271872123"}, "signal": "SIGKILL", "scope": "exact_original_D107"}
{"event": "signal_sent", "pid": 1381377, "signal": "SIGKILL"}
{"event": "signal_attempt", "pid": 1379638, "identity": {"boot_id": "65c53cfa-813b-4ebb-a63e-e7fe43d594e6", "start_ticks": "271872017"}, "signal": "SIGKILL", "scope": "exact_original_D107"}
{"event": "signal_sent", "pid": 1379638, "signal": "SIGKILL"}
{"event": "signal_attempt", "pid": 1379635, "identity": {"boot_id": "65c53cfa-813b-4ebb-a63e-e7fe43d594e6", "start_ticks": "271872017"}, "signal": "SIGKILL", "scope": "exact_original_D107"}
{"event": "signal_sent", "pid": 1379635, "signal": "SIGKILL"}
{"event": "signal_attempt", "pid": 1379631, "identity": {"boot_id": "65c53cfa-813b-4ebb-a63e-e7fe43d594e6", "start_ticks": "271872017"}, "signal": "SIGKILL", "scope": "exact_original_D107"}
{"event": "signal_sent", "pid": 1379631, "signal": "SIGKILL"}
{"event": "signal_attempt", "pid": 1379627, "identity": {"boot_id": "65c53cfa-813b-4ebb-a63e-e7fe43d594e6", "start_ticks": "271872016"}, "signal": "SIGKILL", "scope": "exact_original_D107"}
{"event": "signal_sent", "pid": 1379627, "signal": "SIGKILL"}
{"event": "signal_attempt", "pid": 1379625, "identity": {"boot_id": "65c53cfa-813b-4ebb-a63e-e7fe43d594e6", "start_ticks": "271872016"}, "signal": "SIGKILL", "scope": "exact_original_D107"}
{"event": "signal_sent", "pid": 1379625, "signal": "SIGKILL"}
{"event": "signal_attempt", "pid": 1379622, "identity": {"boot_id": "65c53cfa-813b-4ebb-a63e-e7fe43d594e6", "start_ticks": "271872016"}, "signal": "SIGKILL", "scope": "exact_original_D107"}
{"event": "signal_sent", "pid": 1379622, "signal": "SIGKILL"}
{"event": "signal_attempt", "pid": 1379618, "identity": {"boot_id": "65c53cfa-813b-4ebb-a63e-e7fe43d594e6", "start_ticks": "271872016"}, "signal": "SIGKILL", "scope": "exact_original_D107"}
{"event": "signal_sent", "pid": 1379618, "signal": "SIGKILL"}
{"event": "signal_attempt", "pid": 1379615, "identity": {"boot_id": "65c53cfa-813b-4ebb-a63e-e7fe43d594e6", "start_ticks": "271872016"}, "signal": "SIGKILL", "scope": "exact_original_D107"}
{"event": "signal_sent", "pid": 1379615, "signal": "SIGKILL"}
{"event": "signal_attempt", "pid": 1379044, "identity": {"boot_id": "65c53cfa-813b-4ebb-a63e-e7fe43d594e6", "start_ticks": "271871983"}, "signal": "SIGKILL", "scope": "exact_original_D107"}
{"event": "signal_sent", "pid": 1379044, "signal": "SIGKILL"}
{"event": "signal_attempt", "pid": 1379039, "identity": {"boot_id": "65c53cfa-813b-4ebb-a63e-e7fe43d594e6", "start_ticks": "271871982"}, "signal": "SIGKILL", "scope": "exact_original_D107"}
{"event": "signal_sent", "pid": 1379039, "signal": "SIGKILL"}
{"event": "signal_attempt", "pid": 1379035, "identity": {"boot_id": "65c53cfa-813b-4ebb-a63e-e7fe43d594e6", "start_ticks": "271871982"}, "signal": "SIGKILL", "scope": "exact_original_D107"}
{"event": "signal_sent", "pid": 1379035, "signal": "SIGKILL"}
{"event": "signal_attempt", "pid": 1379030, "identity": {"boot_id": "65c53cfa-813b-4ebb-a63e-e7fe43d594e6", "start_ticks": "271871982"}, "signal": "SIGKILL", "scope": "exact_original_D107"}
{"event": "signal_sent", "pid": 1379030, "signal": "SIGKILL"}
{"event": "signal_attempt", "pid": 1379026, "identity": {"boot_id": "65c53cfa-813b-4ebb-a63e-e7fe43d594e6", "start_ticks": "271871982"}, "signal": "SIGKILL", "scope": "exact_original_D107"}
{"event": "signal_sent", "pid": 1379026, "signal": "SIGKILL"}
{"event": "signal_attempt", "pid": 1379024, "identity": {"boot_id": "65c53cfa-813b-4ebb-a63e-e7fe43d594e6", "start_ticks": "271871982"}, "signal": "SIGKILL", "scope": "exact_original_D107"}
{"event": "signal_sent", "pid": 1379024, "signal": "SIGKILL"}
{"event": "signal_attempt", "pid": 1379016, "identity": {"boot_id": "65c53cfa-813b-4ebb-a63e-e7fe43d594e6", "start_ticks": "271871982"}, "signal": "SIGKILL", "scope": "exact_original_D107"}
{"event": "signal_sent", "pid": 1379016, "signal": "SIGKILL"}
{"event": "signal_attempt", "pid": 1379014, "identity": {"boot_id": "65c53cfa-813b-4ebb-a63e-e7fe43d594e6", "start_ticks": "271871982"}, "signal": "SIGKILL", "scope": "exact_original_D107"}
{"event": "signal_sent", "pid": 1379014, "signal": "SIGKILL"}
{"event": "signal_attempt", "pid": 1379011, "identity": {"boot_id": "65c53cfa-813b-4ebb-a63e-e7fe43d594e6", "start_ticks": "271871982"}, "signal": "SIGKILL", "scope": "exact_original_D107"}
{"event": "signal_sent", "pid": 1379011, "signal": "SIGKILL"}
{"event": "signal_attempt", "pid": 1378891, "identity": {"boot_id": "65c53cfa-813b-4ebb-a63e-e7fe43d594e6", "start_ticks": "271871975"}, "signal": "SIGKILL", "scope": "exact_original_D107"}
{"event": "signal_sent", "pid": 1378891, "signal": "SIGKILL"}
{"event": "signal_attempt", "pid": 1378603, "identity": {"boot_id": "65c53cfa-813b-4ebb-a63e-e7fe43d594e6", "start_ticks": "271871960"}, "signal": "SIGKILL", "scope": "exact_original_D107"}
{"event": "signal_sent", "pid": 1378603, "signal": "SIGKILL"}
{"event": "signal_attempt", "pid": 1378484, "identity": {"boot_id": "65c53cfa-813b-4ebb-a63e-e7fe43d594e6", "start_ticks": "271871952"}, "signal": "SIGKILL", "scope": "exact_original_D107"}
{"event": "signal_sent", "pid": 1378484, "signal": "SIGKILL"}
{"event": "signal_attempt", "pid": 1378476, "identity": {"boot_id": "65c53cfa-813b-4ebb-a63e-e7fe43d594e6", "start_ticks": "271871952"}, "signal": "SIGKILL", "scope": "exact_original_D107"}
{"event": "signal_sent", "pid": 1378476, "signal": "SIGKILL"}
{"event": "signal_attempt", "pid": 1378449, "identity": {"boot_id": "65c53cfa-813b-4ebb-a63e-e7fe43d594e6", "start_ticks": "271871951"}, "signal": "SIGKILL", "scope": "exact_original_D107"}
{"event": "signal_sent", "pid": 1378449, "signal": "SIGKILL"}
{"event": "signal_attempt", "pid": 1378433, "identity": {"boot_id": "65c53cfa-813b-4ebb-a63e-e7fe43d594e6", "start_ticks": "271871951"}, "signal": "SIGKILL", "scope": "exact_original_D107"}
{"event": "signal_sent", "pid": 1378433, "signal": "SIGKILL"}
{"event": "signal_attempt", "pid": 1378426, "identity": {"boot_id": "65c53cfa-813b-4ebb-a63e-e7fe43d594e6", "start_ticks": "271871951"}, "signal": "SIGKILL", "scope": "exact_original_D107"}
{"event": "signal_sent", "pid": 1378426, "signal": "SIGKILL"}
{"event": "signal_attempt", "pid": 1378421, "identity": {"boot_id": "65c53cfa-813b-4ebb-a63e-e7fe43d594e6", "start_ticks": "271871951"}, "signal": "SIGKILL", "scope": "exact_original_D107"}
{"event": "signal_sent", "pid": 1378421, "signal": "SIGKILL"}
{"event": "signal_attempt", "pid": 1378413, "identity": {"boot_id": "65c53cfa-813b-4ebb-a63e-e7fe43d594e6", "start_ticks": "271871951"}, "signal": "SIGKILL", "scope": "exact_original_D107"}
{"event": "signal_sent", "pid": 1378413, "signal": "SIGKILL"}
{"event": "signal_attempt", "pid": 1378407, "identity": {"boot_id": "65c53cfa-813b-4ebb-a63e-e7fe43d594e6", "start_ticks": "271871950"}, "signal": "SIGKILL", "scope": "exact_original_D107"}
{"event": "signal_sent", "pid": 1378407, "signal": "SIGKILL"}
{"event": "signal_attempt", "pid": 1378000, "identity": {"boot_id": "65c53cfa-813b-4ebb-a63e-e7fe43d594e6", "start_ticks": "271871913"}, "signal": "SIGKILL", "scope": "exact_original_D107"}
{"event": "signal_sent", "pid": 1378000, "signal": "SIGKILL"}
{"event": "signal_attempt", "pid": 1377999, "identity": {"boot_id": "65c53cfa-813b-4ebb-a63e-e7fe43d594e6", "start_ticks": "271871912"}, "signal": "SIGKILL", "scope": "exact_original_D107"}
{"event": "signal_sent", "pid": 1377999, "signal": "SIGKILL"}
{"event": "signal_attempt", "pid": 1377997, "identity": {"boot_id": "65c53cfa-813b-4ebb-a63e-e7fe43d594e6", "start_ticks": "271871912"}, "signal": "SIGKILL", "scope": "exact_original_D107"}
{"event": "signal_sent", "pid": 1377997, "signal": "SIGKILL"}
{"event": "signal_attempt", "pid": 1377989, "identity": {"boot_id": "65c53cfa-813b-4ebb-a63e-e7fe43d594e6", "start_ticks": "271871912"}, "signal": "SIGKILL", "scope": "exact_original_D107"}
{"event": "signal_sent", "pid": 1377989, "signal": "SIGKILL"}
{"event": "signal_attempt", "pid": 1377983, "identity": {"boot_id": "65c53cfa-813b-4ebb-a63e-e7fe43d594e6", "start_ticks": "271871912"}, "signal": "SIGKILL", "scope": "exact_original_D107"}
{"event": "signal_sent", "pid": 1377983, "signal": "SIGKILL"}
{"event": "signal_attempt", "pid": 1377978, "identity": {"boot_id": "65c53cfa-813b-4ebb-a63e-e7fe43d594e6", "start_ticks": "271871912"}, "signal": "SIGKILL", "scope": "exact_original_D107"}
{"event": "signal_sent", "pid": 1377978, "signal": "SIGKILL"}
{"event": "signal_attempt", "pid": 1377966, "identity": {"boot_id": "65c53cfa-813b-4ebb-a63e-e7fe43d594e6", "start_ticks": "271871912"}, "signal": "SIGKILL", "scope": "exact_original_D107"}
{"event": "signal_sent", "pid": 1377966, "signal": "SIGKILL"}
{"event": "signal_attempt", "pid": 1377961, "identity": {"boot_id": "65c53cfa-813b-4ebb-a63e-e7fe43d594e6", "start_ticks": "271871912"}, "signal": "SIGKILL", "scope": "exact_original_D107"}
{"event": "signal_sent", "pid": 1377961, "signal": "SIGKILL"}
{"event": "signal_attempt", "pid": 1377957, "identity": {"boot_id": "65c53cfa-813b-4ebb-a63e-e7fe43d594e6", "start_ticks": "271871911"}, "signal": "SIGKILL", "scope": "exact_original_D107"}
{"event": "signal_sent", "pid": 1377957, "signal": "SIGKILL"}
{"event": "signal_attempt", "pid": 1377918, "identity": {"boot_id": "65c53cfa-813b-4ebb-a63e-e7fe43d594e6", "start_ticks": "271871906"}, "signal": "SIGKILL", "scope": "exact_original_D107"}
{"event": "signal_sent", "pid": 1377918, "signal": "SIGKILL"}
{"event": "signal_attempt", "pid": 1377833, "identity": {"boot_id": "65c53cfa-813b-4ebb-a63e-e7fe43d594e6", "start_ticks": "271871895"}, "signal": "SIGKILL", "scope": "exact_original_D107"}
{"event": "signal_sent", "pid": 1377833, "signal": "SIGKILL"}
{"event": "signal_attempt", "pid": 1377197, "identity": {"boot_id": "65c53cfa-813b-4ebb-a63e-e7fe43d594e6", "start_ticks": "271871855"}, "signal": "SIGKILL", "scope": "exact_original_D107"}
{"event": "signal_sent", "pid": 1377197, "signal": "SIGKILL"}
{"event": "signal_attempt", "pid": 1377195, "identity": {"boot_id": "65c53cfa-813b-4ebb-a63e-e7fe43d594e6", "start_ticks": "271871855"}, "signal": "SIGKILL", "scope": "exact_original_D107"}
{"event": "signal_sent", "pid": 1377195, "signal": "SIGKILL"}
{"event": "signal_attempt", "pid": 1377191, "identity": {"boot_id": "65c53cfa-813b-4ebb-a63e-e7fe43d594e6", "start_ticks": "271871855"}, "signal": "SIGKILL", "scope": "exact_original_D107"}
{"event": "signal_sent", "pid": 1377191, "signal": "SIGKILL"}
{"event": "signal_attempt", "pid": 1377189, "identity": {"boot_id": "65c53cfa-813b-4ebb-a63e-e7fe43d594e6", "start_ticks": "271871854"}, "signal": "SIGKILL", "scope": "exact_original_D107"}
{"event": "signal_sent", "pid": 1377189, "signal": "SIGKILL"}
{"event": "signal_attempt", "pid": 1377188, "identity": {"boot_id": "65c53cfa-813b-4ebb-a63e-e7fe43d594e6", "start_ticks": "271871854"}, "signal": "SIGKILL", "scope": "exact_original_D107"}
{"event": "signal_sent", "pid": 1377188, "signal": "SIGKILL"}
{"event": "signal_attempt", "pid": 1377184, "identity": {"boot_id": "65c53cfa-813b-4ebb-a63e-e7fe43d594e6", "start_ticks": "271871854"}, "signal": "SIGKILL", "scope": "exact_original_D107"}
{"event": "signal_sent", "pid": 1377184, "signal": "SIGKILL"}
{"event": "signal_attempt", "pid": 1377183, "identity": {"boot_id": "65c53cfa-813b-4ebb-a63e-e7fe43d594e6", "start_ticks": "271871854"}, "signal": "SIGKILL", "scope": "exact_original_D107"}
{"event": "signal_sent", "pid": 1377183, "signal": "SIGKILL"}
{"event": "signal_attempt", "pid": 1377179, "identity": {"boot_id": "65c53cfa-813b-4ebb-a63e-e7fe43d594e6", "start_ticks": "271871854"}, "signal": "SIGKILL", "scope": "exact_original_D107"}
{"event": "signal_sent", "pid": 1377179, "signal": "SIGKILL"}
{"event": "signal_attempt", "pid": 1377133, "identity": {"boot_id": "65c53cfa-813b-4ebb-a63e-e7fe43d594e6", "start_ticks": "271871853"}, "signal": "SIGKILL", "scope": "exact_original_D107"}
{"event": "signal_sent", "pid": 1377133, "signal": "SIGKILL"}
{"event": "signal_attempt", "pid": 1377119, "identity": {"boot_id": "65c53cfa-813b-4ebb-a63e-e7fe43d594e6", "start_ticks": "271871853"}, "signal": "SIGKILL", "scope": "exact_original_D107"}
{"event": "signal_sent", "pid": 1377119, "signal": "SIGKILL"}
{"event": "signal_attempt", "pid": 1377110, "identity": {"boot_id": "65c53cfa-813b-4ebb-a63e-e7fe43d594e6", "start_ticks": "271871853"}, "signal": "SIGKILL", "scope": "exact_original_D107"}
{"event": "signal_sent", "pid": 1377110, "signal": "SIGKILL"}
{"event": "signal_attempt", "pid": 1377105, "identity": {"boot_id": "65c53cfa-813b-4ebb-a63e-e7fe43d594e6", "start_ticks": "271871853"}, "signal": "SIGKILL", "scope": "exact_original_D107"}
{"event": "signal_sent", "pid": 1377105, "signal": "SIGKILL"}
{"event": "signal_attempt", "pid": 1377096, "identity": {"boot_id": "65c53cfa-813b-4ebb-a63e-e7fe43d594e6", "start_ticks": "271871853"}, "signal": "SIGKILL", "scope": "exact_original_D107"}
{"event": "signal_sent", "pid": 1377096, "signal": "SIGKILL"}
{"event": "signal_attempt", "pid": 1377077, "identity": {"boot_id": "65c53cfa-813b-4ebb-a63e-e7fe43d594e6", "start_ticks": "271871853"}, "signal": "SIGKILL", "scope": "exact_original_D107"}
{"event": "signal_sent", "pid": 1377077, "signal": "SIGKILL"}
{"event": "signal_attempt", "pid": 1377071, "identity": {"boot_id": "65c53cfa-813b-4ebb-a63e-e7fe43d594e6", "start_ticks": "271871852"}, "signal": "SIGKILL", "scope": "exact_original_D107"}
{"event": "signal_sent", "pid": 1377071, "signal": "SIGKILL"}
{"event": "signal_attempt", "pid": 1377066, "identity": {"boot_id": "65c53cfa-813b-4ebb-a63e-e7fe43d594e6", "start_ticks": "271871852"}, "signal": "SIGKILL", "scope": "exact_original_D107"}
{"event": "signal_sent", "pid": 1377066, "signal": "SIGKILL"}
{"event": "signal_attempt", "pid": 1376790, "identity": {"boot_id": "65c53cfa-813b-4ebb-a63e-e7fe43d594e6", "start_ticks": "271871837"}, "signal": "SIGKILL", "scope": "exact_original_D107"}
{"event": "signal_sent", "pid": 1376790, "signal": "SIGKILL"}
{"event": "signal_attempt", "pid": 1376789, "identity": {"boot_id": "65c53cfa-813b-4ebb-a63e-e7fe43d594e6", "start_ticks": "271871837"}, "signal": "SIGKILL", "scope": "exact_original_D107"}
{"event": "signal_sent", "pid": 1376789, "signal": "SIGKILL"}
{"event": "signal_attempt", "pid": 1376788, "identity": {"boot_id": "65c53cfa-813b-4ebb-a63e-e7fe43d594e6", "start_ticks": "271871837"}, "signal": "SIGKILL", "scope": "exact_original_D107"}
{"event": "signal_sent", "pid": 1376788, "signal": "SIGKILL"}
{"event": "signal_attempt", "pid": 1376787, "identity": {"boot_id": "65c53cfa-813b-4ebb-a63e-e7fe43d594e6", "start_ticks": "271871837"}, "signal": "SIGKILL", "scope": "exact_original_D107"}
{"event": "signal_sent", "pid": 1376787, "signal": "SIGKILL"}
{"event": "signal_attempt", "pid": 1376786, "identity": {"boot_id": "65c53cfa-813b-4ebb-a63e-e7fe43d594e6", "start_ticks": "271871836"}, "signal": "SIGKILL", "scope": "exact_original_D107"}
{"event": "signal_sent", "pid": 1376786, "signal": "SIGKILL"}
{"event": "signal_attempt", "pid": 1376784, "identity": {"boot_id": "65c53cfa-813b-4ebb-a63e-e7fe43d594e6", "start_ticks": "271871836"}, "signal": "SIGKILL", "scope": "exact_original_D107"}
{"event": "signal_sent", "pid": 1376784, "signal": "SIGKILL"}
{"event": "signal_attempt", "pid": 1376783, "identity": {"boot_id": "65c53cfa-813b-4ebb-a63e-e7fe43d594e6", "start_ticks": "271871836"}, "signal": "SIGKILL", "scope": "exact_original_D107"}
{"event": "signal_sent", "pid": 1376783, "signal": "SIGKILL"}
{"event": "signal_attempt", "pid": 1376782, "identity": {"boot_id": "65c53cfa-813b-4ebb-a63e-e7fe43d594e6", "start_ticks": "271871836"}, "signal": "SIGKILL", "scope": "exact_original_D107"}
{"event": "signal_sent", "pid": 1376782, "signal": "SIGKILL"}
{"event": "signal_attempt", "pid": 1376778, "identity": {"boot_id": "65c53cfa-813b-4ebb-a63e-e7fe43d594e6", "start_ticks": "271871836"}, "signal": "SIGKILL", "scope": "exact_original_D107"}
{"event": "signal_sent", "pid": 1376778, "signal": "SIGKILL"}
{"event": "signal_attempt", "pid": 1376769, "identity": {"boot_id": "65c53cfa-813b-4ebb-a63e-e7fe43d594e6", "start_ticks": "271871835"}, "signal": "SIGKILL", "scope": "exact_original_D107"}
{"event": "signal_sent", "pid": 1376769, "signal": "SIGKILL"}
{"event": "signal_attempt", "pid": 1376768, "identity": {"boot_id": "65c53cfa-813b-4ebb-a63e-e7fe43d594e6", "start_ticks": "271871835"}, "signal": "SIGKILL", "scope": "exact_original_D107"}
{"event": "signal_sent", "pid": 1376768, "signal": "SIGKILL"}
{"event": "signal_attempt", "pid": 1376766, "identity": {"boot_id": "65c53cfa-813b-4ebb-a63e-e7fe43d594e6", "start_ticks": "271871835"}, "signal": "SIGKILL", "scope": "exact_original_D107"}
{"event": "signal_sent", "pid": 1376766, "signal": "SIGKILL"}
{"event": "signal_attempt", "pid": 1376765, "identity": {"boot_id": "65c53cfa-813b-4ebb-a63e-e7fe43d594e6", "start_ticks": "271871835"}, "signal": "SIGKILL", "scope": "exact_original_D107"}
{"event": "signal_sent", "pid": 1376765, "signal": "SIGKILL"}
{"event": "signal_attempt", "pid": 1376764, "identity": {"boot_id": "65c53cfa-813b-4ebb-a63e-e7fe43d594e6", "start_ticks": "271871835"}, "signal": "SIGKILL", "scope": "exact_original_D107"}
{"event": "signal_sent", "pid": 1376764, "signal": "SIGKILL"}
{"event": "signal_attempt", "pid": 1376763, "identity": {"boot_id": "65c53cfa-813b-4ebb-a63e-e7fe43d594e6", "start_ticks": "271871835"}, "signal": "SIGKILL", "scope": "exact_original_D107"}
{"event": "signal_sent", "pid": 1376763, "signal": "SIGKILL"}
{"event": "signal_attempt", "pid": 1376762, "identity": {"boot_id": "65c53cfa-813b-4ebb-a63e-e7fe43d594e6", "start_ticks": "271871835"}, "signal": "SIGKILL", "scope": "exact_original_D107"}
{"event": "signal_sent", "pid": 1376762, "signal": "SIGKILL"}
{"event": "signal_attempt", "pid": 1376761, "identity": {"boot_id": "65c53cfa-813b-4ebb-a63e-e7fe43d594e6", "start_ticks": "271871834"}, "signal": "SIGKILL", "scope": "exact_original_D107"}
{"event": "signal_sent", "pid": 1376761, "signal": "SIGKILL"}
{"event": "signal_attempt", "pid": 1376760, "identity": {"boot_id": "65c53cfa-813b-4ebb-a63e-e7fe43d594e6", "start_ticks": "271871834"}, "signal": "SIGKILL", "scope": "exact_original_D107"}
{"event": "signal_sent", "pid": 1376760, "signal": "SIGKILL"}
{"event": "signal_attempt", "pid": 1376720, "identity": {"boot_id": "65c53cfa-813b-4ebb-a63e-e7fe43d594e6", "start_ticks": "271871831"}, "signal": "SIGKILL", "scope": "exact_original_D107"}
{"event": "signal_sent", "pid": 1376720, "signal": "SIGKILL"}
{"event": "signal_attempt", "pid": 1376656, "identity": {"boot_id": "65c53cfa-813b-4ebb-a63e-e7fe43d594e6", "start_ticks": "271871829"}, "signal": "SIGKILL", "scope": "exact_original_D107"}
{"event": "signal_sent", "pid": 1376656, "signal": "SIGKILL"}
{"event": "signal_attempt", "pid": 1376470, "identity": {"boot_id": "65c53cfa-813b-4ebb-a63e-e7fe43d594e6", "start_ticks": "271871821"}, "signal": "SIGKILL", "scope": "exact_original_D107"}
{"event": "signal_sent", "pid": 1376470, "signal": "SIGKILL"}
{"event": "signal_attempt", "pid": 1376445, "identity": {"boot_id": "65c53cfa-813b-4ebb-a63e-e7fe43d594e6", "start_ticks": "271871819"}, "signal": "SIGKILL", "scope": "exact_original_D107"}
{"event": "signal_sent", "pid": 1376445, "signal": "SIGKILL"}
{"event": "signal_attempt", "pid": 1341081, "identity": {"boot_id": "65c53cfa-813b-4ebb-a63e-e7fe43d594e6", "start_ticks": "271864748"}, "signal": "SIGKILL", "scope": "exact_original_D107"}
{"event": "signal_sent", "pid": 1341081, "signal": "SIGKILL"}
{"event": "signal_attempt", "pid": 1335769, "identity": {"boot_id": "65c53cfa-813b-4ebb-a63e-e7fe43d594e6", "start_ticks": "271863682"}, "signal": "SIGKILL", "scope": "exact_original_D107"}
{"event": "signal_sent", "pid": 1335769, "signal": "SIGKILL"}
{"event": "signal_attempt", "pid": 1329645, "identity": {"boot_id": "65c53cfa-813b-4ebb-a63e-e7fe43d594e6", "start_ticks": "271862570"}, "signal": "SIGKILL", "scope": "exact_original_D107"}
{"event": "signal_sent", "pid": 1329645, "signal": "SIGKILL"}
{"event": "signal_attempt", "pid": 1325293, "identity": {"boot_id": "65c53cfa-813b-4ebb-a63e-e7fe43d594e6", "start_ticks": "271861489"}, "signal": "SIGKILL", "scope": "exact_original_D107"}
{"event": "signal_sent", "pid": 1325293, "signal": "SIGKILL"}
{"event": "signal_attempt", "pid": 1320690, "identity": {"boot_id": "65c53cfa-813b-4ebb-a63e-e7fe43d594e6", "start_ticks": "271860411"}, "signal": "SIGKILL", "scope": "exact_original_D107"}
{"event": "signal_sent", "pid": 1320690, "signal": "SIGKILL"}
{"event": "signal_attempt", "pid": 1314282, "identity": {"boot_id": "65c53cfa-813b-4ebb-a63e-e7fe43d594e6", "start_ticks": "271859314"}, "signal": "SIGKILL", "scope": "exact_original_D107"}
{"event": "signal_sent", "pid": 1314282, "signal": "SIGKILL"}
{"event": "signal_attempt", "pid": 1308031, "identity": {"boot_id": "65c53cfa-813b-4ebb-a63e-e7fe43d594e6", "start_ticks": "271858231"}, "signal": "SIGKILL", "scope": "exact_original_D107"}
{"event": "signal_sent", "pid": 1308031, "signal": "SIGKILL"}
{"event": "signal_attempt", "pid": 1302171, "identity": {"boot_id": "65c53cfa-813b-4ebb-a63e-e7fe43d594e6", "start_ticks": "271857161"}, "signal": "SIGKILL", "scope": "exact_original_D107"}
{"event": "signal_sent", "pid": 1302171, "signal": "SIGKILL"}
{"event": "signal_attempt", "pid": 1296464, "identity": {"boot_id": "65c53cfa-813b-4ebb-a63e-e7fe43d594e6", "start_ticks": "271856092"}, "signal": "SIGKILL", "scope": "exact_original_D107"}
{"event": "signal_sent", "pid": 1296464, "signal": "SIGKILL"}
{"event": "signal_attempt", "pid": 1288629, "identity": {"boot_id": "65c53cfa-813b-4ebb-a63e-e7fe43d594e6", "start_ticks": "271854989"}, "signal": "SIGKILL", "scope": "exact_original_D107"}
{"event": "signal_sent", "pid": 1288629, "signal": "SIGKILL"}
{"event": "signal_attempt", "pid": 1284306, "identity": {"boot_id": "65c53cfa-813b-4ebb-a63e-e7fe43d594e6", "start_ticks": "271853899"}, "signal": "SIGKILL", "scope": "exact_original_D107"}
{"event": "signal_sent", "pid": 1284306, "signal": "SIGKILL"}
{"event": "signal_attempt", "pid": 1279906, "identity": {"boot_id": "65c53cfa-813b-4ebb-a63e-e7fe43d594e6", "start_ticks": "271852836"}, "signal": "SIGKILL", "scope": "exact_original_D107"}
{"event": "signal_sent", "pid": 1279906, "signal": "SIGKILL"}
{"event": "signal_attempt", "pid": 1274208, "identity": {"boot_id": "65c53cfa-813b-4ebb-a63e-e7fe43d594e6", "start_ticks": "271851760"}, "signal": "SIGKILL", "scope": "exact_original_D107"}
{"event": "signal_sent", "pid": 1274208, "signal": "SIGKILL"}
{"event": "signal_attempt", "pid": 1268693, "identity": {"boot_id": "65c53cfa-813b-4ebb-a63e-e7fe43d594e6", "start_ticks": "271850665"}, "signal": "SIGKILL", "scope": "exact_original_D107"}
{"event": "signal_sent", "pid": 1268693, "signal": "SIGKILL"}
{"event": "signal_attempt", "pid": 1264518, "identity": {"boot_id": "65c53cfa-813b-4ebb-a63e-e7fe43d594e6", "start_ticks": "271849575"}, "signal": "SIGKILL", "scope": "exact_original_D107"}
{"event": "signal_sent", "pid": 1264518, "signal": "SIGKILL"}
{"event": "signal_attempt", "pid": 1259435, "identity": {"boot_id": "65c53cfa-813b-4ebb-a63e-e7fe43d594e6", "start_ticks": "271848473"}, "signal": "SIGKILL", "scope": "exact_original_D107"}
{"event": "signal_sent", "pid": 1259435, "signal": "SIGKILL"}
{"event": "signal_attempt", "pid": 1252326, "identity": {"boot_id": "65c53cfa-813b-4ebb-a63e-e7fe43d594e6", "start_ticks": "271847205"}, "signal": "SIGKILL", "scope": "exact_original_D107"}
{"event": "signal_sent", "pid": 1252326, "signal": "SIGKILL"}
{"event": "signal_attempt", "pid": 1252294, "identity": {"boot_id": "65c53cfa-813b-4ebb-a63e-e7fe43d594e6", "start_ticks": "271847197"}, "signal": "SIGKILL", "scope": "exact_original_D107"}
{"event": "signal_sent", "pid": 1252294, "signal": "SIGKILL"}
{"event": "signal_attempt", "pid": 1240535, "identity": {"boot_id": "65c53cfa-813b-4ebb-a63e-e7fe43d594e6", "start_ticks": "271844938"}, "signal": "SIGKILL", "scope": "exact_original_D107"}
{"event": "signal_sent", "pid": 1240535, "signal": "SIGKILL"}
{"event": "cleanup_complete", "all_original_D_inactive": true, "npu_workers": 0, "npu_smi": "+------------------------------------------------------------------------------------------------+\n| npu-smi 25.5.0                   Version: 25.5.0                                               |\n+---------------------------+---------------+----------------------------------------------------+\n| NPU   Name                | Health        | Power(W)    Temp(C)           Hugepages-Usage(page)|\n| Chip  Phy-ID              | Bus-Id        | AICore(%)   Memory-Usage(MB)  HBM-Usage(MB)        |\n+===========================+===============+====================================================+\n| 0     Ascend910           | OK            | 165.8       40                0    / 0             |\n| 0     0                   | 0000:9D:00.0  | 0           0    / 0          48937/ 65536         |\n+------------------------------------------------------------------------------------------------+\n| 0     Ascend910           | OK            | -           40                0    / 0             |\n| 1     1                   | 0000:9F:00.0  | 0           0    / 0          52429/ 65536         |\n+===========================+===============+====================================================+\n| 1     Ascend910           | OK            | 173.2       41                0    / 0             |\n| 0     2                   | 0000:99:00.0  | 0           0    / 0          52716/ 65536         |\n+------------------------------------------------------------------------------------------------+\n| 1     Ascend910           | OK            | -           40                0    / 0             |\n| 1     3                   | 0000:9B:00.0  | 0           0    / 0          47810/ 65536         |\n+===========================+===============+====================================================+\n| 2     Ascend910           | OK            | 205.1       43                0    / 0             |\n| 0     4                   | 0000:95:00.0  | 0           0    / 0          45690/ 65536         |\n+------------------------------------------------------------------------------------------------+\n| 2     Ascend910           | OK            | -           42                0    / 0             |\n| 1     5                   | 0000:97:00.0  | 0           0    / 0          52429/ 65536         |\n+===========================+===============+====================================================+\n| 3     Ascend910           | OK            | 171.2       40                0    / 0             |\n| 0     6                   | 0000:91:00.0  | 0           0    / 0          52705/ 65536         |\n+------------------------------------------------------------------------------------------------+\n| 3     Ascend910           | OK            | -           41                0    / 0             |\n| 1     7                   | 0000:93:00.0  | 0           0    / 0          44130/ 65536         |\n+===========================+===============+====================================================+\n| 4     Ascend910           | OK            | 181.3       40                0    / 0             |\n| 0     8                   | 0000:8D:00.0  | 0           0    / 0          42900/ 65536         |\n+------------------------------------------------------------------------------------------------+\n| 4     Ascend910           | OK            | -           40                0    / 0             |\n| 1     9                   | 0000:8F:00.0  | 0           0    / 0          51760/ 65536         |\n+===========================+===============+====================================================+\n| 5     Ascend910           | OK            | 187.8       41                0    / 0             |\n| 0     10                  | 0000:89:00.0  | 0           0    / 0          52040/ 65536         |\n+------------------------------------------------------------------------------------------------+\n| 5     Ascend910           | OK            | -           41                0    / 0             |\n| 1     11                  | 0000:8B:00.0  | 0           0    / 0          41688/ 65536         |\n+===========================+===============+====================================================+\n| 6     Ascend910           | OK            | 191.3       42                0    / 0             |\n| 0     12                  | 0000:85:00.0  | 0           0    / 0          52043/ 65536         |\n+------------------------------------------------------------------------------------------------+\n| 6     Ascend910           | OK            | -           41                0    / 0             |\n| 1     13                  | 0000:87:00.0  | 0           0    / 0          40213/ 65536         |\n+===========================+===============+====================================================+\n| 7     Ascend910           | OK            | 170.4       41                0    / 0             |\n| 0     14                  | 0000:81:00.0  | 0           0    / 0          52043/ 65536         |\n+------------------------------------------------------------------------------------------------+\n| 7     Ascend910           | OK            | -           41                0    / 0             |\n| 1     15                  | 0000:83:00.0  | 0           0    / 0          39963/ 65536         |\n+===========================+===============+====================================================+\n+---------------------------+---------------+----------------------------------------------------+\n| NPU     Chip              | Process id    | Process name             | Process memory(MB)      |\n+===========================+===============+====================================================+\n| No running processes found in NPU 0                                                            |\n+===========================+===============+====================================================+\n| No running processes found in NPU 1                                                            |\n+===========================+===============+====================================================+\n| No running processes found in NPU 2                                                            |\n+===========================+===============+====================================================+\n| No running processes found in NPU 3                                                            |\n+===========================+===============+====================================================+\n| No running processes found in NPU 4                                                            |\n+===========================+===============+====================================================+\n| No running processes found in NPU 5                                                            |\n+===========================+===============+====================================================+\n| No running processes found in NPU 6                                                            |\n+===========================+===============+====================================================+\n| No running processes found in NPU 7                                                            |\n+===========================+===============+====================================================+\n", "signals_to_unknown": 0, "signals_to_inactive": 0}
