{"ready": [true, false]}
{"ready": [true, false]}
{"ready": [true, false]}
{"ready": [true, false]}
{"ready": [true, false]}
{"ready": [true, false]}
{"ready": [true, false]}
{"ready": [true, false]}
{"ready": [true, false]}
{"ready": [true, false]}
{"ready": [true, false]}
{"ready": [true, false]}
{"ready": [true, false]}
{"ready": [true, false]}
{"ready": [true, false]}
{"ready": [true, false]}
{"ready": [true, false]}
{"ready": [true, false]}
{"ready": [true, false]}
{"ready": [true, false]}
Traceback (most recent call last):
  File "/data/tiankuan/wio/Inference-Foundry/glm5-3/records/points/GLM-OPT-0002/runs/GLM-RUN-0108/deploy.py", line 79, in <module>
    tail=cmd(node,["tail","-n","130",x["log"]]).decode(errors="replace");assert not any(v in tail for v in["OutOfMemoryError","Engine core initialization failed","ValidationError:","RuntimeError:","ValueError:","NameError:","SyntaxError:","ModuleNotFoundError:"]),"native startup failed"
AssertionError: native startup failed
