{
  "scope": "instrumented_bound_diagnostic_not_formal_tps; c12 release interval and eligible set only, no unique permit parent",
  "phase": "measured",
  "n": 48,
  "success": 48,
  "fail": 0,
  "concurrency": 12,
  "max_tokens": 1024,
  "wall_start_monotonic_ns": 4173702831968262,
  "wall_end_monotonic_ns": 4173702853824502,
  "clock": {
    "begin": {
      "wall_time_ns": 1790520225170649311,
      "monotonic_ns": 4173702831955771
    },
    "end": {
      "wall_time_ns": 1790520225192529302,
      "monotonic_ns": 4173702853827112
    },
    "monotonic_info": "namespace(implementation='clock_gettime(CLOCK_MONOTONIC)', monotonic=True, adjustable=False, resolution=1e-09)",
    "perf_counter_info": "namespace(implementation='clock_gettime(CLOCK_MONOTONIC)', monotonic=True, adjustable=False, resolution=1e-09)",
    "kernel_boot_id": "6e5ca76b-a856-4531-8ab3-8d6c3ea9c8d4",
    "time_namespace": "time:[4026531834]",
    "timens_offsets": "monotonic           0         0\nboottime            0         0\n",
    "pid": 2190309
  },
  "duration_s": 0.021855379920452833,
  "output_tps_diagnostic_only": 2248965.7090793597,
  "ttft_ms_mean": 3.795425184459115,
  "tpot_ms_mean": 6.42445862460754e-05
}
{"actual_semaphore_acquire_release_brackets_verified_requests": 48, "extra_marker_negatives": 5, "status": "pass", "scope": "CPU fake transport only; no HTTP server, model, NPU or timing transfer", "client_sha256": "12fb38f53d5927f3731e6584d9a1ef0c5715bc343972021a15c14938d4d57872", "validator_sha256": "def4614d4d385c3c8ba62f622cfc64f515abdcf416daa3f8ace0c10d44918677", "requests": 48, "successors": 36, "guaranteed_active_peak": 12, "unique_parent_edges_certified": 0, "validator_synthetic": {"positive": 1, "negative": 7, "pass": true, "synthetic_successor_count": 36}}
