/data/tiankuan/wio/Inference-Foundry/glm5-3/records/points/GLM-OPT-0002/runs/GLM-RUN-0149/client.py:67: SyntaxWarning: invalid decimal literal
  ResponsesResponse.model_validate(value);assert value==json.loads((r.parent/"GLM-RUN-0139/base_json.wire").read_text())and value["usage"]["output_tokens"]==32and row["affinity_applied"]
/data/tiankuan/wio/Inference-Foundry/glm5-3/records/points/GLM-OPT-0002/runs/GLM-RUN-0149/client.py:106: SyntaxWarning: invalid decimal literal
  assert sum(x["generation_tokens_total"]for x in delta.values())==credit and all(x["num_preemptions_total"]==0for x in delta.values())
Traceback (most recent call last):
  File "/data/tiankuan/wio/glm52-pd/deploy/plugins/local_engines137/native_acl_lifecycle.py", line 31, in <module>
    main()
  File "/data/tiankuan/wio/glm52-pd/deploy/plugins/local_engines137/native_acl_lifecycle.py", line 19, in main
    runpy.run_path(arguments[0], run_name="__main__")
  File "<frozen runpy>", line 287, in run_path
  File "<frozen runpy>", line 98, in _run_module_code
  File "<frozen runpy>", line 88, in _run_code
  File "/data/tiankuan/wio/Inference-Foundry/glm5-3/records/points/GLM-OPT-0002/runs/GLM-RUN-0149/client.py", line 102, in <module>
    retained()
  File "/data/tiankuan/wio/Inference-Foundry/glm5-3/records/points/GLM-OPT-0002/runs/GLM-RUN-0149/client.py", line 66, in retained
    value,row=req("D0_retained","GET","/v1/responses/resp_glm_run139_base",owner="D0")
              ^^^^^^^^^^^^^^^^^^^^^^^^^^^^^^^^^^^^^^^^^^^^^^^^^^^^^^^^^^^^^^^^^^^^^^^^
  File "/data/tiankuan/wio/Inference-Foundry/glm5-3/records/points/GLM-OPT-0002/runs/GLM-RUN-0149/client.py", line 42, in req
    events=[json.loads(l)for l in trace.read_text().splitlines()];leases=[x for x in events if x["event"]=="lease_acquired"and x.get("request_header_id")==r.name+"-"+label];assert len(leases)==1
                                                                                                                                                                                    ^^^^^^^^^^^^^^
AssertionError
