{
  "current_dag": {
    "topological_order": [
      "target_k",
      "acceptance_k",
      "state_advance_k",
      "dspark_old_state_k",
      "dspark_model_k",
      "next_ids_k1",
      "metadata_k1",
      "target_k1"
    ],
    "critical_path_ms": null,
    "missing_node_costs": [
      "target_k",
      "acceptance_k",
      "state_advance_k",
      "dspark_old_state_k",
      "dspark_model_k",
      "next_ids_k1",
      "metadata_k1",
      "target_k1"
    ]
  },
  "overlap_dag": {
    "topological_order": [
      "target_k",
      "acceptance_k",
      "state_advance_k",
      "dspark_old_state_k",
      "metadata_k1",
      "dspark_model_k",
      "metadata_commit_k1",
      "next_ids_k1",
      "target_k1"
    ],
    "critical_path_ms": null,
    "missing_node_costs": [
      "target_k",
      "acceptance_k",
      "state_advance_k",
      "dspark_old_state_k",
      "metadata_k1",
      "dspark_model_k",
      "metadata_commit_k1",
      "next_ids_k1",
      "target_k1"
    ]
  },
  "bounds": {
    "hardware_resource": {
      "physical_capacity_lower_bound_ms": null,
      "attainable_engineering_scenario_ms": null,
      "status": "unknown_missing_compulsory_work_and_full_graph_capacity"
    },
    "scheduling_aware": {
      "dependency_relaxation_ms": null,
      "resource_constrained_achievable_ms": null,
      "status": "unknown_missing_node_costs_resource_contention_and_alias_proof"
    },
    "product_e2e": {
      "tps_upper_bound": null,
      "status": "unknown_missing_prefill_trajectory_acceptance_and_serving_edges"
    }
  }
}
