{
  "scope": "instrumented_bound_diagnostic_not_formal_tps; c12 release interval and eligible set only, no unique permit parent",
  "phase": "measured",
  "n": 48,
  "success": 48,
  "fail": 0,
  "concurrency": 12,
  "max_tokens": 1024,
  "wall_start_monotonic_ns": 4199287386550053,
  "wall_end_monotonic_ns": 4199369707116546,
  "clock": {
    "begin": {
      "wall_time_ns": 1790545809725092372,
      "monotonic_ns": 4199287386392822
    },
    "end": {
      "wall_time_ns": 1790545892046952675,
      "monotonic_ns": 4199369708250815
    },
    "monotonic_info": "namespace(implementation='clock_gettime(CLOCK_MONOTONIC)', monotonic=True, adjustable=False, resolution=1e-09)",
    "perf_counter_info": "namespace(implementation='clock_gettime(CLOCK_MONOTONIC)', monotonic=True, adjustable=False, resolution=1e-09)",
    "kernel_boot_id": "6e5ca76b-a856-4531-8ab3-8d6c3ea9c8d4",
    "time_namespace": "time:[4026531834]",
    "timens_offsets": "monotonic           0         0\nboottime            0         0\n",
    "pid": 67006
  },
  "duration_s": 82.32056369353086,
  "output_tps_diagnostic_only": 597.0804595433376,
  "ttft_ms_mean": 1695.9505258516099,
  "tpot_ms_mean": 18.4421730550765
}
