{
  "scope": "instrumented_bound_diagnostic_not_formal_tps; c12 release interval and eligible set only, no unique permit parent",
  "phase": "warmup",
  "n": 48,
  "success": 48,
  "fail": 0,
  "concurrency": 12,
  "max_tokens": 1024,
  "wall_start_monotonic_ns": 4199200318427089,
  "wall_end_monotonic_ns": 4199285885127618,
  "clock": {
    "begin": {
      "wall_time_ns": 1790545722656970947,
      "monotonic_ns": 4199200318272707
    },
    "end": {
      "wall_time_ns": 1790545808225016508,
      "monotonic_ns": 4199285886314708
    },
    "monotonic_info": "namespace(implementation='clock_gettime(CLOCK_MONOTONIC)', monotonic=True, adjustable=False, resolution=1e-09)",
    "perf_counter_info": "namespace(implementation='clock_gettime(CLOCK_MONOTONIC)', monotonic=True, adjustable=False, resolution=1e-09)",
    "kernel_boot_id": "6e5ca76b-a856-4531-8ab3-8d6c3ea9c8d4",
    "time_namespace": "time:[4026531834]",
    "timens_offsets": "monotonic           0         0\nboottime            0         0\n",
    "pid": 66835
  },
  "duration_s": 85.5666957385838,
  "output_tps_diagnostic_only": 574.4290997301692,
  "ttft_ms_mean": 3035.9831050154753,
  "tpot_ms_mean": 17.928556685614208
}
