preflight idle HBM [3442, 3440, 3442, 3436, 3441, 3435, 3447, 3436]
{"action": "check", "files": 6}
{"action": "install", "files": 6}
{"valid": true, "scope": "conditional source-side frontier; no finite Bound or TPS claim", "run_id": "535915a1-4c13-418d-aeec-988d2e6e000b", "slices": 40, "cohorts": 5, "graph_dumps": 8}
run_exit=0
stop_exit=0
stop_verify_exit=0
restore_exit=0
sha_exit=0
sha_compare_exit=0
final_gate_exit=not_run
final_exit=0
run_exit=0
stop_exit=0
stop_verify_exit=0
restore_exit=0
sha_exit=0
sha_compare_exit=0
final_gate_exit=0
final_exit=0
