ready=2026-09-20T15:50:16Z
smoke equal and non-empty
bench_1_start=2026-09-20T15:50:17Z
{
  "n": 48,
  "success": 48,
  "fail": 0,
  "concurrency": 12,
  "max_tokens": 1024,
  "duration_s": 90.41034548496827,
  "output_tps": 543.6545976718126,
  "ttft_ms_mean": 1120.8769193423602,
  "ttft_ms_p50": 892.9892829619348,
  "ttft_ms_p90": 1968.4583088383079,
  "tpot_ms_mean": 19.44924275201975,
  "tpot_ms_p50": 19.818368818945928,
  "tpot_ms_p90": 22.62869044293523
}
bench_1_end=2026-09-20T15:51:48Z
bench_2_start=2026-09-20T15:51:48Z
{
  "n": 48,
  "success": 48,
  "fail": 0,
  "concurrency": 12,
  "max_tokens": 1024,
  "duration_s": 93.95428896509111,
  "output_tps": 523.1480174179437,
  "ttft_ms_mean": 1372.413461310013,
  "ttft_ms_p50": 983.3523668348789,
  "ttft_ms_p90": 2578.083678148687,
  "tpot_ms_mean": 20.080020556304287,
  "tpot_ms_p50": 20.885679227657768,
  "tpot_ms_p90": 23.1680580349284
}
bench_2_end=2026-09-20T15:53:23Z
baseline_complete
