{
  "summary": {
    "empty": {
      "median_thread_cpu_us_per_pair": 0.043085,
      "median_wall_us_per_pair": 0.042546
    },
    "record": {
      "median_thread_cpu_us_per_pair": 11.129520000000001,
      "median_wall_us_per_pair": 11.130361
    },
    "record_wait": {
      "median_thread_cpu_us_per_pair": 15.696045,
      "median_wall_us_per_pair": 15.731421000000001
    }
  },
  "derived": {
    "same_stream_record_wait_minus_empty_thread_cpu_us": 15.65296,
    "illustrative_43_layers_2_pairs_per_forward_ms": 1.34615456
  }
}
