{
  "scope": "instrumented_bound_diagnostic_not_formal_tps; c12 release interval and eligible set only, no unique permit parent",
  "phase": "measured",
  "n": 48,
  "success": 48,
  "fail": 0,
  "concurrency": 12,
  "max_tokens": 1024,
  "wall_start_monotonic_ns": 4200857790637163,
  "wall_end_monotonic_ns": 4200942609503380,
  "clock": {
    "begin": {
      "wall_time_ns": 1790547380129179152,
      "monotonic_ns": 4200857790481492
    },
    "end": {
      "wall_time_ns": 1790547464949339126,
      "monotonic_ns": 4200942610637166
    },
    "monotonic_info": "namespace(implementation='clock_gettime(CLOCK_MONOTONIC)', monotonic=True, adjustable=False, resolution=1e-09)",
    "perf_counter_info": "namespace(implementation='clock_gettime(CLOCK_MONOTONIC)', monotonic=True, adjustable=False, resolution=1e-09)",
    "kernel_boot_id": "6e5ca76b-a856-4531-8ab3-8d6c3ea9c8d4",
    "time_namespace": "time:[4026531834]",
    "timens_offsets": "monotonic           0         0\nboottime            0         0\n",
    "pid": 74376
  },
  "duration_s": 84.8188622770831,
  "output_tps_diagnostic_only": 579.4937432599847,
  "ttft_ms_mean": 1969.8770238319412,
  "tpot_ms_mean": 18.785626349192928
}
