{
  "scope": "instrumented_bound_diagnostic_not_formal_tps; c12 release interval and eligible set only, no unique permit parent",
  "phase": "warmup",
  "n": 48,
  "success": 48,
  "fail": 0,
  "concurrency": 12,
  "max_tokens": 1024,
  "wall_start_monotonic_ns": 4200768069063544,
  "wall_end_monotonic_ns": 4200856257135134,
  "clock": {
    "begin": {
      "wall_time_ns": 1790547290407605483,
      "monotonic_ns": 4200768068908373
    },
    "end": {
      "wall_time_ns": 1790547378597154511,
      "monotonic_ns": 4200856258452911
    },
    "monotonic_info": "namespace(implementation='clock_gettime(CLOCK_MONOTONIC)', monotonic=True, adjustable=False, resolution=1e-09)",
    "perf_counter_info": "namespace(implementation='clock_gettime(CLOCK_MONOTONIC)', monotonic=True, adjustable=False, resolution=1e-09)",
    "kernel_boot_id": "6e5ca76b-a856-4531-8ab3-8d6c3ea9c8d4",
    "time_namespace": "time:[4026531834]",
    "timens_offsets": "monotonic           0         0\nboottime            0         0\n",
    "pid": 74205
  },
  "duration_s": 88.1880680192262,
  "output_tps_diagnostic_only": 557.3543122555333,
  "ttft_ms_mean": 3393.872869627861,
  "tpot_ms_mean": 18.216433889386128
}
