/data/tiankuan/wio/Inference-Foundry/glm5-3/records/points/GLM-OPT-0002/runs/GLM-RUN-0124/responses.py:137: SyntaxWarning: invalid decimal literal
  response_commit(value);assert row["native_owner"]=="D1"and value["usage"]["input_tokens_details"]["cached_tokens"]==0and value["usage"]["input_tokens"]>11000
Traceback (most recent call last):
  File "/data/tiankuan/wio/glm52-pd/deploy/plugins/dp_run89/native_acl_lifecycle.py", line 31, in <module>
    main()
  File "/data/tiankuan/wio/glm52-pd/deploy/plugins/dp_run89/native_acl_lifecycle.py", line 19, in main
    runpy.run_path(arguments[0], run_name="__main__")
  File "<frozen runpy>", line 287, in run_path
  File "<frozen runpy>", line 98, in _run_module_code
  File "<frozen runpy>", line 88, in _run_code
  File "/data/tiankuan/wio/Inference-Foundry/glm5-3/records/points/GLM-OPT-0002/runs/GLM-RUN-0124/responses.py", line 217, in <module>
    asyncio.run(main())
  File "/usr/local/python3.12.13/lib/python3.12/asyncio/runners.py", line 195, in run
    return runner.run(main)
           ^^^^^^^^^^^^^^^^
  File "/usr/local/python3.12.13/lib/python3.12/asyncio/runners.py", line 118, in run
    return self._loop.run_until_complete(task)
           ^^^^^^^^^^^^^^^^^^^^^^^^^^^^^^^^^^^
  File "/usr/local/python3.12.13/lib/python3.12/asyncio/base_events.py", line 691, in run_until_complete
    return future.result()
           ^^^^^^^^^^^^^^^
  File "/data/tiankuan/wio/Inference-Foundry/glm5-3/records/points/GLM-OPT-0002/runs/GLM-RUN-0124/responses.py", line 119, in main
    before=await idle("initial");await start("first")
                                 ^^^^^^^^^^^^^^^^^^^^
  File "/data/tiankuan/wio/Inference-Foundry/glm5-3/records/points/GLM-OPT-0002/runs/GLM-RUN-0124/responses.py", line 67, in start
    assert gateway.poll()is None
           ^^^^^^^^^^^^^^^^^^^^^
AssertionError
