
Dynamic section at offset 0x18f300 contains 34 entries:
  Tag        Type                         Name/Value
 0x0000000000000001 (NEEDED)             Shared library: [libc_sec.so]
 0x0000000000000001 (NEEDED)             Shared library: [libdrvdsmi_host.so]
 0x0000000000000001 (NEEDED)             Shared library: [libmmpa.so]
 0x0000000000000001 (NEEDED)             Shared library: [libascend_hal.so]
 0x0000000000000001 (NEEDED)             Shared library: [libpthread.so.0]
 0x0000000000000001 (NEEDED)             Shared library: [libm.so.6]
 0x0000000000000001 (NEEDED)             Shared library: [libc.so.6]
 0x0000000000000001 (NEEDED)             Shared library: [ld-linux-aarch64.so.1]
 0x000000000000000c (INIT)               0x10718
 0x000000000000000d (FINI)               0x1111c8
 0x0000000000000019 (INIT_ARRAY)         0x189c80
 0x000000000000001b (INIT_ARRAYSZ)       8 (bytes)
 0x000000000000001a (FINI_ARRAY)         0x189c88
 0x000000000000001c (FINI_ARRAYSZ)       8 (bytes)
 0x000000006ffffef5 (GNU_HASH)           0x298
 0x0000000000000005 (STRTAB)             0x1ad0
 0x0000000000000006 (SYMTAB)             0x390
 0x000000000000000a (STRSZ)              3722 (bytes)
 0x000000000000000b (SYMENT)             24 (bytes)
 0x0000000000000015 (DEBUG)              0x0
 0x0000000000000003 (PLTGOT)             0x18f560
 0x0000000000000002 (PLTRELSZ)           4992 (bytes)
 0x0000000000000014 (PLTREL)             RELA
 0x0000000000000017 (JMPREL)             0xf398
 0x0000000000000007 (RELA)               0x2bd0
 0x0000000000000008 (RELASZ)             51144 (bytes)
 0x0000000000000009 (RELAENT)            24 (bytes)
 0x000000000000001e (FLAGS)              BIND_NOW
 0x000000006ffffffb (FLAGS_1)            Flags: NOW PIE
 0x000000006ffffffe (VERNEED)            0x2b50
 0x000000006fffffff (VERNEEDNUM)         4
 0x000000006ffffff0 (VERSYM)             0x295a
 0x000000006ffffff9 (RELACOUNT)          2119
 0x0000000000000000 (NULL)               0x0
