
Dynamic section at offset 0x9e560 contains 34 entries:
  Tag        Type                         Name/Value
 0x0000000000000001 (NEEDED)             Shared library: [libc_sec.so]
 0x0000000000000001 (NEEDED)             Shared library: [libdrvdsmi_host.so]
 0x0000000000000001 (NEEDED)             Shared library: [libmmpa.so]
 0x0000000000000001 (NEEDED)             Shared library: [libascend_hal.so]
 0x0000000000000001 (NEEDED)             Shared library: [libpthread.so.0]
 0x0000000000000001 (NEEDED)             Shared library: [libm.so.6]
 0x0000000000000001 (NEEDED)             Shared library: [libc.so.6]
 0x0000000000000001 (NEEDED)             Shared library: [ld-linux-aarch64.so.1]
 0x000000000000000e (SONAME)             Library soname: [libdcmi.so]
 0x000000000000000c (INIT)               0x12e38
 0x000000000000000d (FINI)               0x67b98
 0x0000000000000019 (INIT_ARRAY)         0xae198
 0x000000000000001b (INIT_ARRAYSZ)       8 (bytes)
 0x000000000000001a (FINI_ARRAY)         0xae1a0
 0x000000000000001c (FINI_ARRAYSZ)       8 (bytes)
 0x000000006ffffef5 (GNU_HASH)           0x1f0
 0x0000000000000005 (STRTAB)             0x7250
 0x0000000000000006 (SYMTAB)             0x17d8
 0x000000000000000a (STRSZ)              24086 (bytes)
 0x000000000000000b (SYMENT)             24 (bytes)
 0x0000000000000003 (PLTGOT)             0xae7c0
 0x0000000000000002 (PLTRELSZ)           17544 (bytes)
 0x0000000000000014 (PLTREL)             RELA
 0x0000000000000017 (JMPREL)             0xe9b0
 0x0000000000000007 (RELA)               0xd870
 0x0000000000000008 (RELASZ)             4416 (bytes)
 0x0000000000000009 (RELAENT)            24 (bytes)
 0x000000000000001e (FLAGS)              BIND_NOW
 0x000000006ffffffb (FLAGS_1)            Flags: NOW
 0x000000006ffffffe (VERNEED)            0xd7f0
 0x000000006fffffff (VERNEEDNUM)         4
 0x000000006ffffff0 (VERSYM)             0xd066
 0x000000006ffffff9 (RELACOUNT)          112
 0x0000000000000000 (NULL)               0x0
