
Dynamic section at offset 0xff198 contains 31 entries:
  Tag        Type                         Name/Value
 0x0000000000000001 (NEEDED)             Shared library: [libascend_hal.so]
 0x0000000000000001 (NEEDED)             Shared library: [libc_sec.so]
 0x0000000000000001 (NEEDED)             Shared library: [libpthread.so.0]
 0x0000000000000001 (NEEDED)             Shared library: [libc.so.6]
 0x0000000000000001 (NEEDED)             Shared library: [ld-linux-aarch64.so.1]
 0x000000000000000e (SONAME)             Library soname: [libdrvdsmi_host.so]
 0x000000000000000c (INIT)               0xd060
 0x000000000000000d (FINI)               0xce7f0
 0x0000000000000019 (INIT_ARRAY)         0x10e6f8
 0x000000000000001b (INIT_ARRAYSZ)       8 (bytes)
 0x000000000000001a (FINI_ARRAY)         0x10e700
 0x000000000000001c (FINI_ARRAYSZ)       16 (bytes)
 0x000000006ffffef5 (GNU_HASH)           0x190
 0x0000000000000005 (STRTAB)             0x58a0
 0x0000000000000006 (SYMTAB)             0x1418
 0x000000000000000a (STRSZ)              15270 (bytes)
 0x000000000000000b (SYMENT)             24 (bytes)
 0x0000000000000003 (PLTGOT)             0x10f3c8
 0x0000000000000002 (PLTRELSZ)           9072 (bytes)
 0x0000000000000014 (PLTREL)             RELA
 0x0000000000000017 (JMPREL)             0xacf0
 0x0000000000000007 (RELA)               0x9a60
 0x0000000000000008 (RELASZ)             4752 (bytes)
 0x0000000000000009 (RELAENT)            24 (bytes)
 0x000000000000001e (FLAGS)              BIND_NOW
 0x000000006ffffffb (FLAGS_1)            Flags: NOW
 0x000000006ffffffe (VERNEED)            0x9a00
 0x000000006fffffff (VERNEEDNUM)         3
 0x000000006ffffff0 (VERSYM)             0x9446
 0x000000006ffffff9 (RELACOUNT)          168
 0x0000000000000000 (NULL)               0x0
