{
  "scope": "instrumented_bound_diagnostic_not_formal_tps; c12 release interval and eligible set only, no unique permit parent",
  "phase": "warmup",
  "n": 48,
  "success": 48,
  "fail": 0,
  "concurrency": 12,
  "max_tokens": 1024,
  "wall_start_monotonic_ns": 4196417219841578,
  "wall_end_monotonic_ns": 4196504917864590,
  "clock": {
    "begin": {
      "wall_time_ns": 1790542939558383453,
      "monotonic_ns": 4196417219685773
    },
    "end": {
      "wall_time_ns": 1790543027257764399,
      "monotonic_ns": 4196504919062509
    },
    "monotonic_info": "namespace(implementation='clock_gettime(CLOCK_MONOTONIC)', monotonic=True, adjustable=False, resolution=1e-09)",
    "perf_counter_info": "namespace(implementation='clock_gettime(CLOCK_MONOTONIC)', monotonic=True, adjustable=False, resolution=1e-09)",
    "kernel_boot_id": "6e5ca76b-a856-4531-8ab3-8d6c3ea9c8d4",
    "time_namespace": "time:[4026531834]",
    "timens_offsets": "monotonic           0         0\nboottime            0         0\n",
    "pid": 55979
  },
  "duration_s": 87.69801760278642,
  "output_tps_diagnostic_only": 560.4687693469401,
  "ttft_ms_mean": 3205.117378519693,
  "tpot_ms_mean": 18.28053081851955
}
