{
  "scope": "instrumented_bound_diagnostic_not_formal_tps; c12 release interval and eligible set only, no unique permit parent",
  "phase": "warmup",
  "n": 48,
  "success": 48,
  "fail": 0,
  "concurrency": 12,
  "max_tokens": 1024,
  "wall_start_monotonic_ns": 4194659472461166,
  "wall_end_monotonic_ns": 4194748376515074,
  "clock": {
    "begin": {
      "wall_time_ns": 1790541181810995100,
      "monotonic_ns": 4194659472298120
    },
    "end": {
      "wall_time_ns": 1790541270716337122,
      "monotonic_ns": 4194748377635312
    },
    "monotonic_info": "namespace(implementation='clock_gettime(CLOCK_MONOTONIC)', monotonic=True, adjustable=False, resolution=1e-09)",
    "perf_counter_info": "namespace(implementation='clock_gettime(CLOCK_MONOTONIC)', monotonic=True, adjustable=False, resolution=1e-09)",
    "kernel_boot_id": "6e5ca76b-a856-4531-8ab3-8d6c3ea9c8d4",
    "time_namespace": "time:[4026531834]",
    "timens_offsets": "monotonic           0         0\nboottime            0         0\n",
    "pid": 48958
  },
  "duration_s": 88.90404990781099,
  "output_tps_diagnostic_only": 552.8657024170232,
  "ttft_ms_mean": 3161.594866658561,
  "tpot_ms_mean": 18.619262110444957
}
