{
  "pass": true,
  "runs": [
    {
      "n": 48,
      "success": 48,
      "fail": 0,
      "concurrency": 12,
      "max_tokens": 1024,
      "duration_s": 83.08245616126806,
      "output_tps": 591.605042400203,
      "ttft_ms_mean": 2116.6573316828967,
      "ttft_ms_p50": 2073.4445825219154,
      "ttft_ms_p90": 3440.942147746682,
      "tpot_ms_mean": 18.22863228077572,
      "tpot_ms_p50": 18.113157741055403,
      "tpot_ms_p90": 20.007713289998787
    },
    {
      "n": 48,
      "success": 48,
      "fail": 0,
      "concurrency": 12,
      "max_tokens": 1024,
      "duration_s": 85.53020847216249,
      "output_tps": 574.6741517179571,
      "ttft_ms_mean": 2131.752764728541,
      "ttft_ms_p50": 2052.5033995509148,
      "ttft_ms_p90": 3361.5849781781435,
      "tpot_ms_mean": 18.812338431054286,
      "tpot_ms_p50": 18.734391079532784,
      "tpot_ms_p90": 20.286183622196855
    },
    {
      "n": 48,
      "success": 48,
      "fail": 0,
      "concurrency": 12,
      "max_tokens": 1024,
      "duration_s": 83.66351749468595,
      "output_tps": 587.4962166528796,
      "ttft_ms_mean": 2303.115809491525,
      "ttft_ms_p50": 2441.8039582669735,
      "ttft_ms_p90": 3676.501402631402,
      "tpot_ms_mean": 18.187787594852082,
      "tpot_ms_p50": 17.939159655734123,
      "tpot_ms_p90": 19.66378041966395
    }
  ],
  "output_tps": {
    "samples": [
      591.605042400203,
      574.6741517179571,
      587.4962166528796
    ],
    "median": 587.4962166528796,
    "stock_median": 543.6546,
    "delta_percent": 8.064240908267806
  },
  "runtime_rank_files": 128,
  "runtime_cohorts": [
    1,
    2,
    3,
    4,
    5,
    6,
    7,
    8,
    9,
    10,
    11,
    12,
    13,
    14,
    15,
    16
  ],
  "runtime_ranks": [
    0,
    1,
    2,
    3,
    4,
    5,
    6,
    7
  ],
  "all_runtime_rows_pass": true
}
