{
  "scope": "instrumented_bound_diagnostic_not_formal_tps; c12 release interval and eligible set only, no unique permit parent",
  "phase": "measured",
  "n": 48,
  "success": 48,
  "fail": 0,
  "concurrency": 12,
  "max_tokens": 1024,
  "wall_start_monotonic_ns": 4272752309065224,
  "wall_end_monotonic_ns": 4272834505704623,
  "clock": {
    "begin": {
      "wall_time_ns": 1790619274647606263,
      "monotonic_ns": 4272752308908293
    },
    "end": {
      "wall_time_ns": 1790619356845623199,
      "monotonic_ns": 4272834506921509
    },
    "monotonic_info": "namespace(implementation='clock_gettime(CLOCK_MONOTONIC)', monotonic=True, adjustable=False, resolution=1e-09)",
    "perf_counter_info": "namespace(implementation='clock_gettime(CLOCK_MONOTONIC)', monotonic=True, adjustable=False, resolution=1e-09)",
    "kernel_boot_id": "6e5ca76b-a856-4531-8ab3-8d6c3ea9c8d4",
    "time_namespace": "time:[4026531834]",
    "timens_offsets": "monotonic           0         0\nboottime            0         0\n",
    "pid": 197641
  },
  "duration_s": 82.1966362092644,
  "output_tps_diagnostic_only": 597.9806749617336,
  "ttft_ms_mean": 2088.9742601041994,
  "tpot_ms_mean": 18.03045075587199
}
