{
  "scope": "instrumented_bound_diagnostic_not_formal_tps; c12 release interval and eligible set only, no unique permit parent",
  "phase": "warmup",
  "n": 48,
  "success": 48,
  "fail": 0,
  "concurrency": 12,
  "max_tokens": 1024,
  "wall_start_monotonic_ns": 4272658891379206,
  "wall_end_monotonic_ns": 4272750750782298,
  "clock": {
    "begin": {
      "wall_time_ns": 1790619181229933935,
      "monotonic_ns": 4272658891235216
    },
    "end": {
      "wall_time_ns": 1790619273090697013,
      "monotonic_ns": 4272750751995123
    },
    "monotonic_info": "namespace(implementation='clock_gettime(CLOCK_MONOTONIC)', monotonic=True, adjustable=False, resolution=1e-09)",
    "perf_counter_info": "namespace(implementation='clock_gettime(CLOCK_MONOTONIC)', monotonic=True, adjustable=False, resolution=1e-09)",
    "kernel_boot_id": "6e5ca76b-a856-4531-8ab3-8d6c3ea9c8d4",
    "time_namespace": "time:[4026531834]",
    "timens_offsets": "monotonic           0         0\nboottime            0         0\n",
    "pid": 197469
  },
  "duration_s": 91.85940046142787,
  "output_tps_diagnostic_only": 535.0786065780945,
  "ttft_ms_mean": 3785.041951943034,
  "tpot_ms_mean": 18.731616154154075
}
