[2026-09-27-21:08:34.389] [INFO] [AscendProfiler_ProfilingParser:97] Profiler logger initialized at: /data/wio/Inference_Foundry/evidence/20260928_loop080_bound/run578/live/b/bench/profile/rank1/S900K3-49_50098_20260927210511134_ascend_pt/logs/profiler_20260927210834_56940_ProfilingParser.log
[2026-09-27-21:08:34.459] [INFO] [AscendProfiler_ProfilingParser:100] TorchOpParser start.
[2026-09-27-21:08:34.459] [INFO] [AscendProfiler_ProfilingParser:82] TaskQueueParser start.
[2026-09-27-21:08:34.502] [INFO] [AscendProfiler_ProfilingParser:208] CANNTimelineParser start.
[2026-09-27-21:08:34.504] [INFO] [AscendProfiler_ProfilingParser:88] TaskQueueParser finish.
[2026-09-27-21:08:34.505] [INFO] [AscendProfiler_ProfilingParser:106] TorchOpParser finish.
[2026-09-27-21:08:34.505] [INFO] [AscendProfiler_ProfilingParser:118] DbPreParser start.
[2026-09-27-21:08:34.546] [INFO] [AscendProfiler_ProfilingParser:62] TreeBuildParser start.
[2026-09-27-21:08:34.548] [INFO] [AscendProfiler_ProfilingParser:129] DbPreParser finish.
[2026-09-27-21:08:34.549] [INFO] [AscendProfiler_ProfilingParser:70] TreeBuildParser finish.
[2026-09-27-21:08:34.549] [INFO] [AscendProfiler_ProfilingParser:62] MemoryPrepareParser start.
[2026-09-27-21:08:34.550] [INFO] [AscendProfiler_ProfilingParser:75] MemoryPrepareParser finish.
[2026-09-27-21:08:37.308] [INFO] [AscendProfiler_ProfilingParser:218] CANNTimelineParser finish.
[2026-09-27-21:08:37.349] [INFO] [AscendProfiler_ProfilingParser:31] RelationParser start.
[2026-09-27-21:08:37.402] [INFO] [AscendProfiler_ProfilingParser:38] RelationParser finish.
[2026-09-27-21:08:38.464] [INFO] [AscendProfiler_ProfilingParser:40] DbParser start.
[2026-09-27-21:08:38.465] [INFO] [AscendProfiler_ProfilingParser:27] BasicDbParser start.
[2026-09-27-21:08:38.474] [INFO] [AscendProfiler_ProfilingParser:40] BasicDbParser finish.
[2026-09-27-21:08:38.474] [INFO] [AscendProfiler_ProfilingParser:31] FwkApiDbParser start.
[2026-09-27-21:08:38.475] [INFO] [AscendProfiler_ProfilingParser:36] FwkApiDbParser get fwk api data finish.
[2026-09-27-21:08:38.475] [ERROR] [AscendProfiler_ProfilingParser:117] Failed to find node launch str id
[2026-09-27-21:08:38.475] [INFO] [AscendProfiler_ProfilingParser:38] FwkApiDbParser get api data for db finish.
[2026-09-27-21:08:38.479] [INFO] [AscendProfiler_ProfilingParser:40] FwkApiDbParser save api data to db finish.
[2026-09-27-21:08:38.479] [INFO] [AscendProfiler_ProfilingParser:44] FwkApiDbParser finish.
[2026-09-27-21:08:38.479] [INFO] [AscendProfiler_ProfilingParser:82] MemoryDbParser start.
[2026-09-27-21:08:38.480] [INFO] [AscendProfiler_ProfilingParser:95] MemoryDbParser finish.
[2026-09-27-21:08:38.480] [INFO] [AscendProfiler_ProfilingParser:33] GCRecordDbParser start.
[2026-09-27-21:08:38.481] [INFO] [AscendProfiler_ProfilingParser:41] GCRecordDbParser finish.
[2026-09-27-21:08:38.481] [INFO] [AscendProfiler_ProfilingParser:36] StepInfoDbParser start.
[2026-09-27-21:08:38.485] [INFO] [AscendProfiler_ProfilingParser:43] StepInfoDbParser finish.
[2026-09-27-21:08:38.486] [INFO] [AscendProfiler_ProfilingParser:80] CommunicationDbParser start.
[2026-09-27-21:08:38.487] [INFO] [AscendProfiler_ProfilingParser:88] CommunicationDbParser finish.
[2026-09-27-21:08:38.488] [INFO] [AscendProfiler_ProfilingParser:74] TraceStepTimeDbParser start.
[2026-09-27-21:08:38.492] [INFO] [AscendProfiler_ProfilingParser:83] TraceStepTimeDbParser finish.
[2026-09-27-21:08:38.492] [INFO] [AscendProfiler_ProfilingParser:64] DbParser finish.
[2026-09-27-21:08:39.019] [INFO] [AscendProfiler_ProfilingParser:473] ============================================================
[2026-09-27-21:08:39.020] [INFO] [AscendProfiler_ProfilingParser:474] Task execution completed
[2026-09-27-21:08:39.020] [INFO] [AscendProfiler_ProfilingParser:475] ============================================================
[2026-09-27-21:08:39.020] [INFO] [AscendProfiler_ProfilingParser:478] torch_op                  | PTHREAD         | Succeed    | 0.047s | deps: None
[2026-09-27-21:08:39.020] [INFO] [AscendProfiler_ProfilingParser:478] task_queue                | PTHREAD         | Succeed    | 0.046s | deps: None
[2026-09-27-21:08:39.021] [INFO] [AscendProfiler_ProfilingParser:478] trace_prepare             | SUB_PROCESS     | Succeed    | 0.049s | deps: torch_op, task_queue
[2026-09-27-21:08:39.021] [INFO] [AscendProfiler_ProfilingParser:478] build_tree                | PTHREAD         | Succeed    | 0.004s | deps: torch_op, task_queue
[2026-09-27-21:08:39.021] [INFO] [AscendProfiler_ProfilingParser:478] export                    | SUB_PROCESS     | Succeed    | 3.098s | deps: None
[2026-09-27-21:08:39.021] [INFO] [AscendProfiler_ProfilingParser:478] timeline                  | PTHREAD|NON_BLOCKING | Succeed    | 2.808s | deps: None
[2026-09-27-21:08:39.021] [INFO] [AscendProfiler_ProfilingParser:478] relation                  | PTHREAD         | Succeed    | 0.055s | deps: task_queue, timeline
[2026-09-27-21:08:39.022] [INFO] [AscendProfiler_ProfilingParser:478] memory_prepare            | PTHREAD         | Succeed    | 0.001s | deps: build_tree, task_queue, torch_op
[2026-09-27-21:08:39.022] [INFO] [AscendProfiler_ProfilingParser:478] analyze                   | SUB_PROCESS     | Succeed    | 1.113s | deps: timeline
[2026-09-27-21:08:39.022] [INFO] [AscendProfiler_ProfilingParser:478] operator                  | SUB_PROCESS     | Succeed    | 0.051s | deps: build_tree, timeline, relation, torch_op
[2026-09-27-21:08:39.022] [INFO] [AscendProfiler_ProfilingParser:478] trace                     | SUB_PROCESS     | Succeed    | 0.137s | deps: build_tree, trace_prepare, timeline, task_queue, torch_op
[2026-09-27-21:08:39.022] [INFO] [AscendProfiler_ProfilingParser:478] kernel                    | SUB_PROCESS     | Succeed    | 0.048s | deps: build_tree, export, relation
[2026-09-27-21:08:39.022] [INFO] [AscendProfiler_ProfilingParser:478] step_time                 | SUB_PROCESS     | Succeed    | 0.083s | deps: build_tree, timeline, relation, torch_op
[2026-09-27-21:08:39.023] [INFO] [AscendProfiler_ProfilingParser:478] memory                    | SUB_PROCESS     | Succeed    | 0.071s | deps: export, memory_prepare
[2026-09-27-21:08:39.023] [INFO] [AscendProfiler_ProfilingParser:478] integrate                 | SUB_PROCESS     | Succeed    | 0.111s | deps: export
[2026-09-27-21:08:39.023] [INFO] [AscendProfiler_ProfilingParser:478] communication             | SUB_PROCESS     | Succeed    | 0.052s | deps: build_tree, analyze, relation
[2026-09-27-21:08:39.023] [INFO] [AscendProfiler_ProfilingParser:478] db_prepare                | PTHREAD         | Succeed    | 0.043s | deps: torch_op, task_queue
[2026-09-27-21:08:39.023] [INFO] [AscendProfiler_ProfilingParser:478] torch_db                  | PTHREAD         | Succeed    | 0.030s | deps: export, memory_prepare, build_tree, analyze, db_prepare
