ready=2026-09-20T19:35:15Z
{"pass": false, "checks": [{"index": 0, "prompt_equal": true, "output_equal": false, "tokens_equal": true}, {"index": 1, "prompt_equal": true, "output_equal": false, "tokens_equal": true}, {"index": 6, "prompt_equal": true, "output_equal": false, "tokens_equal": true}, {"index": 34, "prompt_equal": true, "output_equal": false, "tokens_equal": true}]}
{
  "runs": [
    {
      "n": 48,
      "success": 48,
      "fail": 0,
      "concurrency": 12,
      "max_tokens": 1024,
      "duration_s": 89.7676708609797,
      "output_tps": 547.5467897136389,
      "ttft_ms_mean": 1143.5815839310333,
      "ttft_ms_p50": 1024.3881428614259,
      "ttft_ms_p90": 1945.944796781987,
      "tpot_ms_mean": 19.150807422436483,
      "tpot_ms_p50": 19.97260791490825,
      "tpot_ms_p90": 22.85086678319182
    },
    {
      "n": 48,
      "success": 48,
      "fail": 0,
      "concurrency": 12,
      "max_tokens": 1024,
      "duration_s": 91.27094169799238,
      "output_tps": 538.5284635567768,
      "ttft_ms_mean": 1109.0447337192018,
      "ttft_ms_p50": 857.7806390821934,
      "ttft_ms_p90": 1833.4692758508027,
      "tpot_ms_mean": 19.77542047347695,
      "tpot_ms_p50": 20.32034255915621,
      "tpot_ms_p90": 22.83398124943774
    },
    {
      "n": 48,
      "success": 48,
      "fail": 0,
      "concurrency": 12,
      "max_tokens": 1024,
      "duration_s": 88.82545041386038,
      "output_tps": 553.3549199130241,
      "ttft_ms_mean": 1238.1269155303016,
      "ttft_ms_p50": 975.1985496841371,
      "ttft_ms_p90": 2184.0897891670465,
      "tpot_ms_mean": 19.251519400591828,
      "tpot_ms_p50": 19.966546193908677,
      "tpot_ms_p90": 22.66939161281636
    }
  ],
  "median_output_tps": 547.5467897136389,
  "median_tpot_ms": 19.251519400591828,
  "median_ttft_ms": 1143.5815839310333
}
